Archive member included to satisfy reference by file (symbol)

c:/st/stm32cubeide_1.9.0/stm32cubeide/plugins/com.st.stm32cube.ide.mcu.externaltools.gnu-tools-for-stm32.10.3-2021.10.win32_1.0.0.202111181127/tools/bin/../lib/gcc/arm-none-eabi/10.3.1/../../../../arm-none-eabi/lib/thumb/v7-m/nofp\libc_nano.a(lib_a-errno.o)
                              ./Src/syscalls.o (__errno)
c:/st/stm32cubeide_1.9.0/stm32cubeide/plugins/com.st.stm32cube.ide.mcu.externaltools.gnu-tools-for-stm32.10.3-2021.10.win32_1.0.0.202111181127/tools/bin/../lib/gcc/arm-none-eabi/10.3.1/../../../../arm-none-eabi/lib/thumb/v7-m/nofp\libc_nano.a(lib_a-exit.o)
                              c:/st/stm32cubeide_1.9.0/stm32cubeide/plugins/com.st.stm32cube.ide.mcu.externaltools.gnu-tools-for-stm32.10.3-2021.10.win32_1.0.0.202111181127/tools/bin/../lib/gcc/arm-none-eabi/10.3.1/../../../../arm-none-eabi/lib/thumb/v7-m/nofp/crt0.o (exit)
c:/st/stm32cubeide_1.9.0/stm32cubeide/plugins/com.st.stm32cube.ide.mcu.externaltools.gnu-tools-for-stm32.10.3-2021.10.win32_1.0.0.202111181127/tools/bin/../lib/gcc/arm-none-eabi/10.3.1/../../../../arm-none-eabi/lib/thumb/v7-m/nofp\libc_nano.a(lib_a-impure.o)
                              c:/st/stm32cubeide_1.9.0/stm32cubeide/plugins/com.st.stm32cube.ide.mcu.externaltools.gnu-tools-for-stm32.10.3-2021.10.win32_1.0.0.202111181127/tools/bin/../lib/gcc/arm-none-eabi/10.3.1/../../../../arm-none-eabi/lib/thumb/v7-m/nofp\libc_nano.a(lib_a-exit.o) (_global_impure_ptr)
c:/st/stm32cubeide_1.9.0/stm32cubeide/plugins/com.st.stm32cube.ide.mcu.externaltools.gnu-tools-for-stm32.10.3-2021.10.win32_1.0.0.202111181127/tools/bin/../lib/gcc/arm-none-eabi/10.3.1/../../../../arm-none-eabi/lib/thumb/v7-m/nofp\libc_nano.a(lib_a-init.o)
                              c:/st/stm32cubeide_1.9.0/stm32cubeide/plugins/com.st.stm32cube.ide.mcu.externaltools.gnu-tools-for-stm32.10.3-2021.10.win32_1.0.0.202111181127/tools/bin/../lib/gcc/arm-none-eabi/10.3.1/../../../../arm-none-eabi/lib/thumb/v7-m/nofp/crt0.o (__libc_init_array)
c:/st/stm32cubeide_1.9.0/stm32cubeide/plugins/com.st.stm32cube.ide.mcu.externaltools.gnu-tools-for-stm32.10.3-2021.10.win32_1.0.0.202111181127/tools/bin/../lib/gcc/arm-none-eabi/10.3.1/../../../../arm-none-eabi/lib/thumb/v7-m/nofp\libc_nano.a(lib_a-memset.o)
                              c:/st/stm32cubeide_1.9.0/stm32cubeide/plugins/com.st.stm32cube.ide.mcu.externaltools.gnu-tools-for-stm32.10.3-2021.10.win32_1.0.0.202111181127/tools/bin/../lib/gcc/arm-none-eabi/10.3.1/../../../../arm-none-eabi/lib/thumb/v7-m/nofp/crt0.o (memset)

Discarded input sections

 .text          0x0000000000000000        0x0 c:/st/stm32cubeide_1.9.0/stm32cubeide/plugins/com.st.stm32cube.ide.mcu.externaltools.gnu-tools-for-stm32.10.3-2021.10.win32_1.0.0.202111181127/tools/bin/../lib/gcc/arm-none-eabi/10.3.1/thumb/v7-m/nofp/crti.o
 .data          0x0000000000000000        0x0 c:/st/stm32cubeide_1.9.0/stm32cubeide/plugins/com.st.stm32cube.ide.mcu.externaltools.gnu-tools-for-stm32.10.3-2021.10.win32_1.0.0.202111181127/tools/bin/../lib/gcc/arm-none-eabi/10.3.1/thumb/v7-m/nofp/crti.o
 .bss           0x0000000000000000        0x0 c:/st/stm32cubeide_1.9.0/stm32cubeide/plugins/com.st.stm32cube.ide.mcu.externaltools.gnu-tools-for-stm32.10.3-2021.10.win32_1.0.0.202111181127/tools/bin/../lib/gcc/arm-none-eabi/10.3.1/thumb/v7-m/nofp/crti.o
 .data          0x0000000000000000        0x4 c:/st/stm32cubeide_1.9.0/stm32cubeide/plugins/com.st.stm32cube.ide.mcu.externaltools.gnu-tools-for-stm32.10.3-2021.10.win32_1.0.0.202111181127/tools/bin/../lib/gcc/arm-none-eabi/10.3.1/thumb/v7-m/nofp/crtbegin.o
 .rodata        0x0000000000000000       0x24 c:/st/stm32cubeide_1.9.0/stm32cubeide/plugins/com.st.stm32cube.ide.mcu.externaltools.gnu-tools-for-stm32.10.3-2021.10.win32_1.0.0.202111181127/tools/bin/../lib/gcc/arm-none-eabi/10.3.1/thumb/v7-m/nofp/crtbegin.o
 .text          0x0000000000000000       0x7c c:/st/stm32cubeide_1.9.0/stm32cubeide/plugins/com.st.stm32cube.ide.mcu.externaltools.gnu-tools-for-stm32.10.3-2021.10.win32_1.0.0.202111181127/tools/bin/../lib/gcc/arm-none-eabi/10.3.1/../../../../arm-none-eabi/lib/thumb/v7-m/nofp/crt0.o
 .data          0x0000000000000000        0x0 c:/st/stm32cubeide_1.9.0/stm32cubeide/plugins/com.st.stm32cube.ide.mcu.externaltools.gnu-tools-for-stm32.10.3-2021.10.win32_1.0.0.202111181127/tools/bin/../lib/gcc/arm-none-eabi/10.3.1/../../../../arm-none-eabi/lib/thumb/v7-m/nofp/crt0.o
 .bss           0x0000000000000000        0x0 c:/st/stm32cubeide_1.9.0/stm32cubeide/plugins/com.st.stm32cube.ide.mcu.externaltools.gnu-tools-for-stm32.10.3-2021.10.win32_1.0.0.202111181127/tools/bin/../lib/gcc/arm-none-eabi/10.3.1/../../../../arm-none-eabi/lib/thumb/v7-m/nofp/crt0.o
 .ARM.extab     0x0000000000000000        0x0 c:/st/stm32cubeide_1.9.0/stm32cubeide/plugins/com.st.stm32cube.ide.mcu.externaltools.gnu-tools-for-stm32.10.3-2021.10.win32_1.0.0.202111181127/tools/bin/../lib/gcc/arm-none-eabi/10.3.1/../../../../arm-none-eabi/lib/thumb/v7-m/nofp/crt0.o
 .ARM.exidx     0x0000000000000000       0x10 c:/st/stm32cubeide_1.9.0/stm32cubeide/plugins/com.st.stm32cube.ide.mcu.externaltools.gnu-tools-for-stm32.10.3-2021.10.win32_1.0.0.202111181127/tools/bin/../lib/gcc/arm-none-eabi/10.3.1/../../../../arm-none-eabi/lib/thumb/v7-m/nofp/crt0.o
 .ARM.attributes
                0x0000000000000000       0x1b c:/st/stm32cubeide_1.9.0/stm32cubeide/plugins/com.st.stm32cube.ide.mcu.externaltools.gnu-tools-for-stm32.10.3-2021.10.win32_1.0.0.202111181127/tools/bin/../lib/gcc/arm-none-eabi/10.3.1/../../../../arm-none-eabi/lib/thumb/v7-m/nofp/crt0.o
 .group         0x0000000000000000        0xc ./HAL/keypad.o
 .group         0x0000000000000000        0xc ./HAL/keypad.o
 .group         0x0000000000000000        0xc ./HAL/keypad.o
 .group         0x0000000000000000        0xc ./HAL/keypad.o
 .group         0x0000000000000000        0xc ./HAL/keypad.o
 .group         0x0000000000000000        0xc ./HAL/keypad.o
 .group         0x0000000000000000        0xc ./HAL/keypad.o
 .group         0x0000000000000000        0xc ./HAL/keypad.o
 .group         0x0000000000000000        0xc ./HAL/keypad.o
 .group         0x0000000000000000        0xc ./HAL/keypad.o
 .group         0x0000000000000000        0xc ./HAL/keypad.o
 .group         0x0000000000000000        0xc ./HAL/keypad.o
 .group         0x0000000000000000        0xc ./HAL/keypad.o
 .group         0x0000000000000000        0xc ./HAL/keypad.o
 .group         0x0000000000000000        0xc ./HAL/keypad.o
 .group         0x0000000000000000        0xc ./HAL/keypad.o
 .group         0x0000000000000000        0xc ./HAL/keypad.o
 .group         0x0000000000000000        0xc ./HAL/keypad.o
 .group         0x0000000000000000        0xc ./HAL/keypad.o
 .group         0x0000000000000000        0xc ./HAL/keypad.o
 .group         0x0000000000000000        0xc ./HAL/keypad.o
 .group         0x0000000000000000        0xc ./HAL/keypad.o
 .group         0x0000000000000000        0xc ./HAL/keypad.o
 .group         0x0000000000000000        0xc ./HAL/keypad.o
 .group         0x0000000000000000        0xc ./HAL/keypad.o
 .group         0x0000000000000000        0xc ./HAL/keypad.o
 .group         0x0000000000000000        0xc ./HAL/keypad.o
 .group         0x0000000000000000        0xc ./HAL/keypad.o
 .text          0x0000000000000000        0x0 ./HAL/keypad.o
 .data          0x0000000000000000        0x0 ./HAL/keypad.o
 .bss           0x0000000000000000        0x0 ./HAL/keypad.o
 .data.Col      0x0000000000000000        0x8 ./HAL/keypad.o
 .data.Row      0x0000000000000000        0x8 ./HAL/keypad.o
 .data.KPAD_Chars
                0x0000000000000000       0x10 ./HAL/keypad.o
 .text.KPAD_Init
                0x0000000000000000       0xbc ./HAL/keypad.o
 .text.KPAD_Get_Char
                0x0000000000000000       0xc4 ./HAL/keypad.o
 .debug_info    0x0000000000000000      0x320 ./HAL/keypad.o
 .debug_abbrev  0x0000000000000000      0x154 ./HAL/keypad.o
 .debug_loc     0x0000000000000000       0xa0 ./HAL/keypad.o
 .debug_aranges
                0x0000000000000000       0x28 ./HAL/keypad.o
 .debug_ranges  0x0000000000000000       0x18 ./HAL/keypad.o
 .debug_macro   0x0000000000000000      0x15b ./HAL/keypad.o
 .debug_macro   0x0000000000000000      0xa72 ./HAL/keypad.o
 .debug_macro   0x0000000000000000       0x18 ./HAL/keypad.o
 .debug_macro   0x0000000000000000       0x22 ./HAL/keypad.o
 .debug_macro   0x0000000000000000       0x4c ./HAL/keypad.o
 .debug_macro   0x0000000000000000       0x94 ./HAL/keypad.o
 .debug_macro   0x0000000000000000       0x3c ./HAL/keypad.o
 .debug_macro   0x0000000000000000       0x34 ./HAL/keypad.o
 .debug_macro   0x0000000000000000       0x16 ./HAL/keypad.o
 .debug_macro   0x0000000000000000      0x10e ./HAL/keypad.o
 .debug_macro   0x0000000000000000       0x8d ./HAL/keypad.o
 .debug_macro   0x0000000000000000       0x16 ./HAL/keypad.o
 .debug_macro   0x0000000000000000       0x43 ./HAL/keypad.o
 .debug_macro   0x0000000000000000       0x57 ./HAL/keypad.o
 .debug_macro   0x0000000000000000       0x34 ./HAL/keypad.o
 .debug_macro   0x0000000000000000       0x10 ./HAL/keypad.o
 .debug_macro   0x0000000000000000       0x58 ./HAL/keypad.o
 .debug_macro   0x0000000000000000       0x71 ./HAL/keypad.o
 .debug_macro   0x0000000000000000       0x1c ./HAL/keypad.o
 .debug_macro   0x0000000000000000      0x12a ./HAL/keypad.o
 .debug_macro   0x0000000000000000      0x341 ./HAL/keypad.o
 .debug_macro   0x0000000000000000       0x16 ./HAL/keypad.o
 .debug_macro   0x0000000000000000       0x29 ./HAL/keypad.o
 .debug_macro   0x0000000000000000      0x103 ./HAL/keypad.o
 .debug_macro   0x0000000000000000       0x6a ./HAL/keypad.o
 .debug_macro   0x0000000000000000      0x1df ./HAL/keypad.o
 .debug_macro   0x0000000000000000      0x240 ./HAL/keypad.o
 .debug_macro   0x0000000000000000       0xd0 ./HAL/keypad.o
 .debug_macro   0x0000000000000000       0x3a ./HAL/keypad.o
 .debug_line    0x0000000000000000      0x646 ./HAL/keypad.o
 .debug_str     0x0000000000000000     0x7e48 ./HAL/keypad.o
 .comment       0x0000000000000000       0x51 ./HAL/keypad.o
 .debug_frame   0x0000000000000000       0x58 ./HAL/keypad.o
 .ARM.attributes
                0x0000000000000000       0x2d ./HAL/keypad.o
 .group         0x0000000000000000        0xc ./HAL/lcd.o
 .group         0x0000000000000000        0xc ./HAL/lcd.o
 .group         0x0000000000000000        0xc ./HAL/lcd.o
 .group         0x0000000000000000        0xc ./HAL/lcd.o
 .group         0x0000000000000000        0xc ./HAL/lcd.o
 .group         0x0000000000000000        0xc ./HAL/lcd.o
 .group         0x0000000000000000        0xc ./HAL/lcd.o
 .group         0x0000000000000000        0xc ./HAL/lcd.o
 .group         0x0000000000000000        0xc ./HAL/lcd.o
 .group         0x0000000000000000        0xc ./HAL/lcd.o
 .group         0x0000000000000000        0xc ./HAL/lcd.o
 .group         0x0000000000000000        0xc ./HAL/lcd.o
 .group         0x0000000000000000        0xc ./HAL/lcd.o
 .group         0x0000000000000000        0xc ./HAL/lcd.o
 .group         0x0000000000000000        0xc ./HAL/lcd.o
 .group         0x0000000000000000        0xc ./HAL/lcd.o
 .group         0x0000000000000000        0xc ./HAL/lcd.o
 .group         0x0000000000000000        0xc ./HAL/lcd.o
 .group         0x0000000000000000        0xc ./HAL/lcd.o
 .group         0x0000000000000000        0xc ./HAL/lcd.o
 .group         0x0000000000000000        0xc ./HAL/lcd.o
 .group         0x0000000000000000        0xc ./HAL/lcd.o
 .group         0x0000000000000000        0xc ./HAL/lcd.o
 .group         0x0000000000000000        0xc ./HAL/lcd.o
 .group         0x0000000000000000        0xc ./HAL/lcd.o
 .group         0x0000000000000000        0xc ./HAL/lcd.o
 .group         0x0000000000000000        0xc ./HAL/lcd.o
 .group         0x0000000000000000        0xc ./HAL/lcd.o
 .group         0x0000000000000000        0xc ./HAL/lcd.o
 .group         0x0000000000000000        0xc ./HAL/lcd.o
 .text          0x0000000000000000        0x0 ./HAL/lcd.o
 .data          0x0000000000000000        0x0 ./HAL/lcd.o
 .bss           0x0000000000000000        0x0 ./HAL/lcd.o
 .text.delay    0x0000000000000000       0x3a ./HAL/lcd.o
 .text.LCD_KICK
                0x0000000000000000       0x28 ./HAL/lcd.o
 .text.LCD_Clear_Screen
                0x0000000000000000        0xe ./HAL/lcd.o
 .text.LCD_Is_Busy
                0x0000000000000000       0x44 ./HAL/lcd.o
 .text.LCD_GotoXY
                0x0000000000000000       0x5a ./HAL/lcd.o
 .text.LCD_Init
                0x0000000000000000       0xa0 ./HAL/lcd.o
 .text.LCD_Write_Comand
                0x0000000000000000       0x44 ./HAL/lcd.o
 .text.LCD_Write_Char
                0x0000000000000000       0x44 ./HAL/lcd.o
 .text.LCD_Write_CustomChar
                0x0000000000000000       0x4a ./HAL/lcd.o
 .text.LCD_Write_String
                0x0000000000000000       0x5c ./HAL/lcd.o
 .debug_info    0x0000000000000000      0x398 ./HAL/lcd.o
 .debug_abbrev  0x0000000000000000      0x14e ./HAL/lcd.o
 .debug_loc     0x0000000000000000      0x29c ./HAL/lcd.o
 .debug_aranges
                0x0000000000000000       0x68 ./HAL/lcd.o
 .debug_ranges  0x0000000000000000       0x58 ./HAL/lcd.o
 .debug_macro   0x0000000000000000      0x197 ./HAL/lcd.o
 .debug_macro   0x0000000000000000      0xa72 ./HAL/lcd.o
 .debug_macro   0x0000000000000000       0x22 ./HAL/lcd.o
 .debug_macro   0x0000000000000000       0x4c ./HAL/lcd.o
 .debug_macro   0x0000000000000000       0x18 ./HAL/lcd.o
 .debug_macro   0x0000000000000000       0x94 ./HAL/lcd.o
 .debug_macro   0x0000000000000000       0x3c ./HAL/lcd.o
 .debug_macro   0x0000000000000000       0x34 ./HAL/lcd.o
 .debug_macro   0x0000000000000000      0x174 ./HAL/lcd.o
 .debug_macro   0x0000000000000000       0x16 ./HAL/lcd.o
 .debug_macro   0x0000000000000000       0x43 ./HAL/lcd.o
 .debug_macro   0x0000000000000000       0x57 ./HAL/lcd.o
 .debug_macro   0x0000000000000000       0x34 ./HAL/lcd.o
 .debug_macro   0x0000000000000000       0x10 ./HAL/lcd.o
 .debug_macro   0x0000000000000000       0x58 ./HAL/lcd.o
 .debug_macro   0x0000000000000000       0x71 ./HAL/lcd.o
 .debug_macro   0x0000000000000000       0x1c ./HAL/lcd.o
 .debug_macro   0x0000000000000000      0x12a ./HAL/lcd.o
 .debug_macro   0x0000000000000000      0x341 ./HAL/lcd.o
 .debug_macro   0x0000000000000000       0x10 ./HAL/lcd.o
 .debug_macro   0x0000000000000000       0x35 ./HAL/lcd.o
 .debug_macro   0x0000000000000000       0x20 ./HAL/lcd.o
 .debug_macro   0x0000000000000000      0x103 ./HAL/lcd.o
 .debug_macro   0x0000000000000000       0x6a ./HAL/lcd.o
 .debug_macro   0x0000000000000000      0x1df ./HAL/lcd.o
 .debug_macro   0x0000000000000000       0x16 ./HAL/lcd.o
 .debug_macro   0x0000000000000000       0x16 ./HAL/lcd.o
 .debug_macro   0x0000000000000000       0x29 ./HAL/lcd.o
 .debug_macro   0x0000000000000000      0x240 ./HAL/lcd.o
 .debug_macro   0x0000000000000000       0xd0 ./HAL/lcd.o
 .debug_macro   0x0000000000000000       0xe2 ./HAL/lcd.o
 .debug_line    0x0000000000000000      0x716 ./HAL/lcd.o
 .debug_str     0x0000000000000000     0x81f7 ./HAL/lcd.o
 .comment       0x0000000000000000       0x51 ./HAL/lcd.o
 .debug_frame   0x0000000000000000      0x15c ./HAL/lcd.o
 .ARM.attributes
                0x0000000000000000       0x2d ./HAL/lcd.o
 .group         0x0000000000000000        0xc ./MCAL/Stm32_F103C6_EXTI.o
 .group         0x0000000000000000        0xc ./MCAL/Stm32_F103C6_EXTI.o
 .group         0x0000000000000000        0xc ./MCAL/Stm32_F103C6_EXTI.o
 .group         0x0000000000000000        0xc ./MCAL/Stm32_F103C6_EXTI.o
 .group         0x0000000000000000        0xc ./MCAL/Stm32_F103C6_EXTI.o
 .group         0x0000000000000000        0xc ./MCAL/Stm32_F103C6_EXTI.o
 .group         0x0000000000000000        0xc ./MCAL/Stm32_F103C6_EXTI.o
 .group         0x0000000000000000        0xc ./MCAL/Stm32_F103C6_EXTI.o
 .group         0x0000000000000000        0xc ./MCAL/Stm32_F103C6_EXTI.o
 .group         0x0000000000000000        0xc ./MCAL/Stm32_F103C6_EXTI.o
 .group         0x0000000000000000        0xc ./MCAL/Stm32_F103C6_EXTI.o
 .group         0x0000000000000000        0xc ./MCAL/Stm32_F103C6_EXTI.o
 .group         0x0000000000000000        0xc ./MCAL/Stm32_F103C6_EXTI.o
 .group         0x0000000000000000        0xc ./MCAL/Stm32_F103C6_EXTI.o
 .group         0x0000000000000000        0xc ./MCAL/Stm32_F103C6_EXTI.o
 .group         0x0000000000000000        0xc ./MCAL/Stm32_F103C6_EXTI.o
 .group         0x0000000000000000        0xc ./MCAL/Stm32_F103C6_EXTI.o
 .group         0x0000000000000000        0xc ./MCAL/Stm32_F103C6_EXTI.o
 .group         0x0000000000000000        0xc ./MCAL/Stm32_F103C6_EXTI.o
 .group         0x0000000000000000        0xc ./MCAL/Stm32_F103C6_EXTI.o
 .group         0x0000000000000000        0xc ./MCAL/Stm32_F103C6_EXTI.o
 .group         0x0000000000000000        0xc ./MCAL/Stm32_F103C6_EXTI.o
 .group         0x0000000000000000        0xc ./MCAL/Stm32_F103C6_EXTI.o
 .group         0x0000000000000000        0xc ./MCAL/Stm32_F103C6_EXTI.o
 .group         0x0000000000000000        0xc ./MCAL/Stm32_F103C6_EXTI.o
 .group         0x0000000000000000        0xc ./MCAL/Stm32_F103C6_EXTI.o
 .group         0x0000000000000000        0xc ./MCAL/Stm32_F103C6_EXTI.o
 .group         0x0000000000000000        0xc ./MCAL/Stm32_F103C6_EXTI.o
 .text          0x0000000000000000        0x0 ./MCAL/Stm32_F103C6_EXTI.o
 .data          0x0000000000000000        0x0 ./MCAL/Stm32_F103C6_EXTI.o
 .bss           0x0000000000000000        0x0 ./MCAL/Stm32_F103C6_EXTI.o
 .text.Update_EXTI
                0x0000000000000000      0x1e0 ./MCAL/Stm32_F103C6_EXTI.o
 .text.MCAL_EXTI_GPIO_Init
                0x0000000000000000       0x16 ./MCAL/Stm32_F103C6_EXTI.o
 .text.MCAL_EXTI_GPIO_DeInit
                0x0000000000000000       0x90 ./MCAL/Stm32_F103C6_EXTI.o
 .text.MCAL_EXTI_GPIO_Update
                0x0000000000000000       0x16 ./MCAL/Stm32_F103C6_EXTI.o
 .text.Enable_NVIC
                0x0000000000000000       0xcc ./MCAL/Stm32_F103C6_EXTI.o
 .text.Disable_NVIC
                0x0000000000000000       0xcc ./MCAL/Stm32_F103C6_EXTI.o
 .debug_macro   0x0000000000000000      0xa72 ./MCAL/Stm32_F103C6_EXTI.o
 .debug_macro   0x0000000000000000       0x18 ./MCAL/Stm32_F103C6_EXTI.o
 .debug_macro   0x0000000000000000       0x22 ./MCAL/Stm32_F103C6_EXTI.o
 .debug_macro   0x0000000000000000       0x4c ./MCAL/Stm32_F103C6_EXTI.o
 .debug_macro   0x0000000000000000       0x94 ./MCAL/Stm32_F103C6_EXTI.o
 .debug_macro   0x0000000000000000       0x3c ./MCAL/Stm32_F103C6_EXTI.o
 .debug_macro   0x0000000000000000       0x34 ./MCAL/Stm32_F103C6_EXTI.o
 .debug_macro   0x0000000000000000       0x16 ./MCAL/Stm32_F103C6_EXTI.o
 .debug_macro   0x0000000000000000      0x10e ./MCAL/Stm32_F103C6_EXTI.o
 .debug_macro   0x0000000000000000       0x8d ./MCAL/Stm32_F103C6_EXTI.o
 .debug_macro   0x0000000000000000       0x16 ./MCAL/Stm32_F103C6_EXTI.o
 .debug_macro   0x0000000000000000       0x43 ./MCAL/Stm32_F103C6_EXTI.o
 .debug_macro   0x0000000000000000       0x57 ./MCAL/Stm32_F103C6_EXTI.o
 .debug_macro   0x0000000000000000       0x34 ./MCAL/Stm32_F103C6_EXTI.o
 .debug_macro   0x0000000000000000       0x10 ./MCAL/Stm32_F103C6_EXTI.o
 .debug_macro   0x0000000000000000       0x58 ./MCAL/Stm32_F103C6_EXTI.o
 .debug_macro   0x0000000000000000       0x71 ./MCAL/Stm32_F103C6_EXTI.o
 .debug_macro   0x0000000000000000       0x1c ./MCAL/Stm32_F103C6_EXTI.o
 .debug_macro   0x0000000000000000      0x12a ./MCAL/Stm32_F103C6_EXTI.o
 .debug_macro   0x0000000000000000      0x341 ./MCAL/Stm32_F103C6_EXTI.o
 .debug_macro   0x0000000000000000       0x16 ./MCAL/Stm32_F103C6_EXTI.o
 .debug_macro   0x0000000000000000       0x29 ./MCAL/Stm32_F103C6_EXTI.o
 .debug_macro   0x0000000000000000      0x103 ./MCAL/Stm32_F103C6_EXTI.o
 .debug_macro   0x0000000000000000       0x6a ./MCAL/Stm32_F103C6_EXTI.o
 .debug_macro   0x0000000000000000      0x1df ./MCAL/Stm32_F103C6_EXTI.o
 .debug_macro   0x0000000000000000      0x240 ./MCAL/Stm32_F103C6_EXTI.o
 .debug_macro   0x0000000000000000       0xd0 ./MCAL/Stm32_F103C6_EXTI.o
 .group         0x0000000000000000        0xc ./MCAL/Stm32_F103C6_GPIO.o
 .group         0x0000000000000000        0xc ./MCAL/Stm32_F103C6_GPIO.o
 .group         0x0000000000000000        0xc ./MCAL/Stm32_F103C6_GPIO.o
 .group         0x0000000000000000        0xc ./MCAL/Stm32_F103C6_GPIO.o
 .group         0x0000000000000000        0xc ./MCAL/Stm32_F103C6_GPIO.o
 .group         0x0000000000000000        0xc ./MCAL/Stm32_F103C6_GPIO.o
 .group         0x0000000000000000        0xc ./MCAL/Stm32_F103C6_GPIO.o
 .group         0x0000000000000000        0xc ./MCAL/Stm32_F103C6_GPIO.o
 .group         0x0000000000000000        0xc ./MCAL/Stm32_F103C6_GPIO.o
 .group         0x0000000000000000        0xc ./MCAL/Stm32_F103C6_GPIO.o
 .group         0x0000000000000000        0xc ./MCAL/Stm32_F103C6_GPIO.o
 .group         0x0000000000000000        0xc ./MCAL/Stm32_F103C6_GPIO.o
 .group         0x0000000000000000        0xc ./MCAL/Stm32_F103C6_GPIO.o
 .group         0x0000000000000000        0xc ./MCAL/Stm32_F103C6_GPIO.o
 .group         0x0000000000000000        0xc ./MCAL/Stm32_F103C6_GPIO.o
 .group         0x0000000000000000        0xc ./MCAL/Stm32_F103C6_GPIO.o
 .group         0x0000000000000000        0xc ./MCAL/Stm32_F103C6_GPIO.o
 .group         0x0000000000000000        0xc ./MCAL/Stm32_F103C6_GPIO.o
 .group         0x0000000000000000        0xc ./MCAL/Stm32_F103C6_GPIO.o
 .group         0x0000000000000000        0xc ./MCAL/Stm32_F103C6_GPIO.o
 .group         0x0000000000000000        0xc ./MCAL/Stm32_F103C6_GPIO.o
 .group         0x0000000000000000        0xc ./MCAL/Stm32_F103C6_GPIO.o
 .group         0x0000000000000000        0xc ./MCAL/Stm32_F103C6_GPIO.o
 .group         0x0000000000000000        0xc ./MCAL/Stm32_F103C6_GPIO.o
 .group         0x0000000000000000        0xc ./MCAL/Stm32_F103C6_GPIO.o
 .group         0x0000000000000000        0xc ./MCAL/Stm32_F103C6_GPIO.o
 .group         0x0000000000000000        0xc ./MCAL/Stm32_F103C6_GPIO.o
 .group         0x0000000000000000        0xc ./MCAL/Stm32_F103C6_GPIO.o
 .text          0x0000000000000000        0x0 ./MCAL/Stm32_F103C6_GPIO.o
 .data          0x0000000000000000        0x0 ./MCAL/Stm32_F103C6_GPIO.o
 .bss           0x0000000000000000        0x0 ./MCAL/Stm32_F103C6_GPIO.o
 .text.MCAL_GPIO_DeInit
                0x0000000000000000       0x3e ./MCAL/Stm32_F103C6_GPIO.o
 .text.MCAL_GPIO_ReadPin
                0x0000000000000000       0x28 ./MCAL/Stm32_F103C6_GPIO.o
 .text.MCAL_GPIO_ReadPort
                0x0000000000000000       0x18 ./MCAL/Stm32_F103C6_GPIO.o
 .text.MCAL_GPIO_WritePin
                0x0000000000000000       0x3c ./MCAL/Stm32_F103C6_GPIO.o
 .text.MCAL_GPIO_WritePort
                0x0000000000000000       0x1c ./MCAL/Stm32_F103C6_GPIO.o
 .text.MCAL_GPIO_TogglePin
                0x0000000000000000       0x22 ./MCAL/Stm32_F103C6_GPIO.o
 .text.MCAL_GPIO_TogglePort
                0x0000000000000000       0x20 ./MCAL/Stm32_F103C6_GPIO.o
 .text.MCAL_GPIO_LockPin
                0x0000000000000000       0x4e ./MCAL/Stm32_F103C6_GPIO.o
 .debug_macro   0x0000000000000000      0xa72 ./MCAL/Stm32_F103C6_GPIO.o
 .debug_macro   0x0000000000000000       0x22 ./MCAL/Stm32_F103C6_GPIO.o
 .debug_macro   0x0000000000000000       0x4c ./MCAL/Stm32_F103C6_GPIO.o
 .debug_macro   0x0000000000000000       0x18 ./MCAL/Stm32_F103C6_GPIO.o
 .debug_macro   0x0000000000000000       0x94 ./MCAL/Stm32_F103C6_GPIO.o
 .debug_macro   0x0000000000000000       0x3c ./MCAL/Stm32_F103C6_GPIO.o
 .debug_macro   0x0000000000000000       0x34 ./MCAL/Stm32_F103C6_GPIO.o
 .debug_macro   0x0000000000000000      0x174 ./MCAL/Stm32_F103C6_GPIO.o
 .debug_macro   0x0000000000000000       0x16 ./MCAL/Stm32_F103C6_GPIO.o
 .debug_macro   0x0000000000000000       0x43 ./MCAL/Stm32_F103C6_GPIO.o
 .debug_macro   0x0000000000000000       0x57 ./MCAL/Stm32_F103C6_GPIO.o
 .debug_macro   0x0000000000000000       0x34 ./MCAL/Stm32_F103C6_GPIO.o
 .debug_macro   0x0000000000000000       0x10 ./MCAL/Stm32_F103C6_GPIO.o
 .debug_macro   0x0000000000000000       0x58 ./MCAL/Stm32_F103C6_GPIO.o
 .debug_macro   0x0000000000000000       0x71 ./MCAL/Stm32_F103C6_GPIO.o
 .debug_macro   0x0000000000000000       0x1c ./MCAL/Stm32_F103C6_GPIO.o
 .debug_macro   0x0000000000000000      0x12a ./MCAL/Stm32_F103C6_GPIO.o
 .debug_macro   0x0000000000000000      0x341 ./MCAL/Stm32_F103C6_GPIO.o
 .debug_macro   0x0000000000000000       0x16 ./MCAL/Stm32_F103C6_GPIO.o
 .debug_macro   0x0000000000000000       0x35 ./MCAL/Stm32_F103C6_GPIO.o
 .debug_macro   0x0000000000000000       0x16 ./MCAL/Stm32_F103C6_GPIO.o
 .debug_macro   0x0000000000000000       0x29 ./MCAL/Stm32_F103C6_GPIO.o
 .debug_macro   0x0000000000000000      0x103 ./MCAL/Stm32_F103C6_GPIO.o
 .debug_macro   0x0000000000000000       0x6a ./MCAL/Stm32_F103C6_GPIO.o
 .debug_macro   0x0000000000000000      0x1df ./MCAL/Stm32_F103C6_GPIO.o
 .debug_macro   0x0000000000000000      0x240 ./MCAL/Stm32_F103C6_GPIO.o
 .debug_macro   0x0000000000000000       0xd0 ./MCAL/Stm32_F103C6_GPIO.o
 .group         0x0000000000000000        0xc ./MCAL/Stm32_F103C6_RCC.o
 .group         0x0000000000000000        0xc ./MCAL/Stm32_F103C6_RCC.o
 .group         0x0000000000000000        0xc ./MCAL/Stm32_F103C6_RCC.o
 .group         0x0000000000000000        0xc ./MCAL/Stm32_F103C6_RCC.o
 .group         0x0000000000000000        0xc ./MCAL/Stm32_F103C6_RCC.o
 .group         0x0000000000000000        0xc ./MCAL/Stm32_F103C6_RCC.o
 .group         0x0000000000000000        0xc ./MCAL/Stm32_F103C6_RCC.o
 .group         0x0000000000000000        0xc ./MCAL/Stm32_F103C6_RCC.o
 .group         0x0000000000000000        0xc ./MCAL/Stm32_F103C6_RCC.o
 .group         0x0000000000000000        0xc ./MCAL/Stm32_F103C6_RCC.o
 .group         0x0000000000000000        0xc ./MCAL/Stm32_F103C6_RCC.o
 .group         0x0000000000000000        0xc ./MCAL/Stm32_F103C6_RCC.o
 .group         0x0000000000000000        0xc ./MCAL/Stm32_F103C6_RCC.o
 .group         0x0000000000000000        0xc ./MCAL/Stm32_F103C6_RCC.o
 .group         0x0000000000000000        0xc ./MCAL/Stm32_F103C6_RCC.o
 .group         0x0000000000000000        0xc ./MCAL/Stm32_F103C6_RCC.o
 .group         0x0000000000000000        0xc ./MCAL/Stm32_F103C6_RCC.o
 .group         0x0000000000000000        0xc ./MCAL/Stm32_F103C6_RCC.o
 .group         0x0000000000000000        0xc ./MCAL/Stm32_F103C6_RCC.o
 .group         0x0000000000000000        0xc ./MCAL/Stm32_F103C6_RCC.o
 .group         0x0000000000000000        0xc ./MCAL/Stm32_F103C6_RCC.o
 .group         0x0000000000000000        0xc ./MCAL/Stm32_F103C6_RCC.o
 .group         0x0000000000000000        0xc ./MCAL/Stm32_F103C6_RCC.o
 .group         0x0000000000000000        0xc ./MCAL/Stm32_F103C6_RCC.o
 .group         0x0000000000000000        0xc ./MCAL/Stm32_F103C6_RCC.o
 .group         0x0000000000000000        0xc ./MCAL/Stm32_F103C6_RCC.o
 .group         0x0000000000000000        0xc ./MCAL/Stm32_F103C6_RCC.o
 .group         0x0000000000000000        0xc ./MCAL/Stm32_F103C6_RCC.o
 .text          0x0000000000000000        0x0 ./MCAL/Stm32_F103C6_RCC.o
 .data          0x0000000000000000        0x0 ./MCAL/Stm32_F103C6_RCC.o
 .bss           0x0000000000000000        0x0 ./MCAL/Stm32_F103C6_RCC.o
 .debug_macro   0x0000000000000000      0xa72 ./MCAL/Stm32_F103C6_RCC.o
 .debug_macro   0x0000000000000000       0x18 ./MCAL/Stm32_F103C6_RCC.o
 .debug_macro   0x0000000000000000       0x22 ./MCAL/Stm32_F103C6_RCC.o
 .debug_macro   0x0000000000000000       0x4c ./MCAL/Stm32_F103C6_RCC.o
 .debug_macro   0x0000000000000000       0x94 ./MCAL/Stm32_F103C6_RCC.o
 .debug_macro   0x0000000000000000       0x3c ./MCAL/Stm32_F103C6_RCC.o
 .debug_macro   0x0000000000000000       0x34 ./MCAL/Stm32_F103C6_RCC.o
 .debug_macro   0x0000000000000000       0x16 ./MCAL/Stm32_F103C6_RCC.o
 .debug_macro   0x0000000000000000      0x10e ./MCAL/Stm32_F103C6_RCC.o
 .debug_macro   0x0000000000000000       0x8d ./MCAL/Stm32_F103C6_RCC.o
 .debug_macro   0x0000000000000000       0x16 ./MCAL/Stm32_F103C6_RCC.o
 .debug_macro   0x0000000000000000       0x43 ./MCAL/Stm32_F103C6_RCC.o
 .debug_macro   0x0000000000000000       0x57 ./MCAL/Stm32_F103C6_RCC.o
 .debug_macro   0x0000000000000000       0x34 ./MCAL/Stm32_F103C6_RCC.o
 .debug_macro   0x0000000000000000       0x10 ./MCAL/Stm32_F103C6_RCC.o
 .debug_macro   0x0000000000000000       0x58 ./MCAL/Stm32_F103C6_RCC.o
 .debug_macro   0x0000000000000000       0x71 ./MCAL/Stm32_F103C6_RCC.o
 .debug_macro   0x0000000000000000       0x1c ./MCAL/Stm32_F103C6_RCC.o
 .debug_macro   0x0000000000000000      0x12a ./MCAL/Stm32_F103C6_RCC.o
 .debug_macro   0x0000000000000000      0x341 ./MCAL/Stm32_F103C6_RCC.o
 .debug_macro   0x0000000000000000       0x16 ./MCAL/Stm32_F103C6_RCC.o
 .debug_macro   0x0000000000000000       0x29 ./MCAL/Stm32_F103C6_RCC.o
 .debug_macro   0x0000000000000000      0x103 ./MCAL/Stm32_F103C6_RCC.o
 .debug_macro   0x0000000000000000       0x6a ./MCAL/Stm32_F103C6_RCC.o
 .debug_macro   0x0000000000000000      0x1df ./MCAL/Stm32_F103C6_RCC.o
 .debug_macro   0x0000000000000000      0x240 ./MCAL/Stm32_F103C6_RCC.o
 .debug_macro   0x0000000000000000       0xd0 ./MCAL/Stm32_F103C6_RCC.o
 .group         0x0000000000000000        0xc ./MCAL/Stm32_F103C6_USART.o
 .group         0x0000000000000000        0xc ./MCAL/Stm32_F103C6_USART.o
 .group         0x0000000000000000        0xc ./MCAL/Stm32_F103C6_USART.o
 .group         0x0000000000000000        0xc ./MCAL/Stm32_F103C6_USART.o
 .group         0x0000000000000000        0xc ./MCAL/Stm32_F103C6_USART.o
 .group         0x0000000000000000        0xc ./MCAL/Stm32_F103C6_USART.o
 .group         0x0000000000000000        0xc ./MCAL/Stm32_F103C6_USART.o
 .group         0x0000000000000000        0xc ./MCAL/Stm32_F103C6_USART.o
 .group         0x0000000000000000        0xc ./MCAL/Stm32_F103C6_USART.o
 .group         0x0000000000000000        0xc ./MCAL/Stm32_F103C6_USART.o
 .group         0x0000000000000000        0xc ./MCAL/Stm32_F103C6_USART.o
 .group         0x0000000000000000        0xc ./MCAL/Stm32_F103C6_USART.o
 .group         0x0000000000000000        0xc ./MCAL/Stm32_F103C6_USART.o
 .group         0x0000000000000000        0xc ./MCAL/Stm32_F103C6_USART.o
 .group         0x0000000000000000        0xc ./MCAL/Stm32_F103C6_USART.o
 .group         0x0000000000000000        0xc ./MCAL/Stm32_F103C6_USART.o
 .group         0x0000000000000000        0xc ./MCAL/Stm32_F103C6_USART.o
 .group         0x0000000000000000        0xc ./MCAL/Stm32_F103C6_USART.o
 .group         0x0000000000000000        0xc ./MCAL/Stm32_F103C6_USART.o
 .group         0x0000000000000000        0xc ./MCAL/Stm32_F103C6_USART.o
 .group         0x0000000000000000        0xc ./MCAL/Stm32_F103C6_USART.o
 .group         0x0000000000000000        0xc ./MCAL/Stm32_F103C6_USART.o
 .group         0x0000000000000000        0xc ./MCAL/Stm32_F103C6_USART.o
 .group         0x0000000000000000        0xc ./MCAL/Stm32_F103C6_USART.o
 .group         0x0000000000000000        0xc ./MCAL/Stm32_F103C6_USART.o
 .group         0x0000000000000000        0xc ./MCAL/Stm32_F103C6_USART.o
 .group         0x0000000000000000        0xc ./MCAL/Stm32_F103C6_USART.o
 .group         0x0000000000000000        0xc ./MCAL/Stm32_F103C6_USART.o
 .group         0x0000000000000000        0xc ./MCAL/Stm32_F103C6_USART.o
 .text          0x0000000000000000        0x0 ./MCAL/Stm32_F103C6_USART.o
 .data          0x0000000000000000        0x0 ./MCAL/Stm32_F103C6_USART.o
 .bss           0x0000000000000000        0x0 ./MCAL/Stm32_F103C6_USART.o
 .text.MCAL_UART_DeInit
                0x0000000000000000       0x8c ./MCAL/Stm32_F103C6_USART.o
 .text.MCAL_UART_WAIT_TC
                0x0000000000000000       0x22 ./MCAL/Stm32_F103C6_USART.o
 .debug_macro   0x0000000000000000      0xa72 ./MCAL/Stm32_F103C6_USART.o
 .debug_macro   0x0000000000000000       0x18 ./MCAL/Stm32_F103C6_USART.o
 .debug_macro   0x0000000000000000       0x22 ./MCAL/Stm32_F103C6_USART.o
 .debug_macro   0x0000000000000000       0x4c ./MCAL/Stm32_F103C6_USART.o
 .debug_macro   0x0000000000000000       0x94 ./MCAL/Stm32_F103C6_USART.o
 .debug_macro   0x0000000000000000       0x3c ./MCAL/Stm32_F103C6_USART.o
 .debug_macro   0x0000000000000000       0x34 ./MCAL/Stm32_F103C6_USART.o
 .debug_macro   0x0000000000000000       0x16 ./MCAL/Stm32_F103C6_USART.o
 .debug_macro   0x0000000000000000      0x10e ./MCAL/Stm32_F103C6_USART.o
 .debug_macro   0x0000000000000000       0x8d ./MCAL/Stm32_F103C6_USART.o
 .debug_macro   0x0000000000000000       0x16 ./MCAL/Stm32_F103C6_USART.o
 .debug_macro   0x0000000000000000       0x43 ./MCAL/Stm32_F103C6_USART.o
 .debug_macro   0x0000000000000000       0x57 ./MCAL/Stm32_F103C6_USART.o
 .debug_macro   0x0000000000000000       0x34 ./MCAL/Stm32_F103C6_USART.o
 .debug_macro   0x0000000000000000       0x10 ./MCAL/Stm32_F103C6_USART.o
 .debug_macro   0x0000000000000000       0x58 ./MCAL/Stm32_F103C6_USART.o
 .debug_macro   0x0000000000000000       0x71 ./MCAL/Stm32_F103C6_USART.o
 .debug_macro   0x0000000000000000       0x1c ./MCAL/Stm32_F103C6_USART.o
 .debug_macro   0x0000000000000000      0x12a ./MCAL/Stm32_F103C6_USART.o
 .debug_macro   0x0000000000000000      0x341 ./MCAL/Stm32_F103C6_USART.o
 .debug_macro   0x0000000000000000       0x16 ./MCAL/Stm32_F103C6_USART.o
 .debug_macro   0x0000000000000000       0x29 ./MCAL/Stm32_F103C6_USART.o
 .debug_macro   0x0000000000000000      0x103 ./MCAL/Stm32_F103C6_USART.o
 .debug_macro   0x0000000000000000       0x6a ./MCAL/Stm32_F103C6_USART.o
 .debug_macro   0x0000000000000000      0x1df ./MCAL/Stm32_F103C6_USART.o
 .debug_macro   0x0000000000000000      0x240 ./MCAL/Stm32_F103C6_USART.o
 .debug_macro   0x0000000000000000       0xd0 ./MCAL/Stm32_F103C6_USART.o
 .group         0x0000000000000000        0xc ./Src/main.o
 .group         0x0000000000000000        0xc ./Src/main.o
 .group         0x0000000000000000        0xc ./Src/main.o
 .group         0x0000000000000000        0xc ./Src/main.o
 .group         0x0000000000000000        0xc ./Src/main.o
 .group         0x0000000000000000        0xc ./Src/main.o
 .group         0x0000000000000000        0xc ./Src/main.o
 .group         0x0000000000000000        0xc ./Src/main.o
 .group         0x0000000000000000        0xc ./Src/main.o
 .group         0x0000000000000000        0xc ./Src/main.o
 .group         0x0000000000000000        0xc ./Src/main.o
 .group         0x0000000000000000        0xc ./Src/main.o
 .group         0x0000000000000000        0xc ./Src/main.o
 .group         0x0000000000000000        0xc ./Src/main.o
 .group         0x0000000000000000        0xc ./Src/main.o
 .group         0x0000000000000000        0xc ./Src/main.o
 .group         0x0000000000000000        0xc ./Src/main.o
 .group         0x0000000000000000        0xc ./Src/main.o
 .group         0x0000000000000000        0xc ./Src/main.o
 .group         0x0000000000000000        0xc ./Src/main.o
 .group         0x0000000000000000        0xc ./Src/main.o
 .group         0x0000000000000000        0xc ./Src/main.o
 .group         0x0000000000000000        0xc ./Src/main.o
 .group         0x0000000000000000        0xc ./Src/main.o
 .group         0x0000000000000000        0xc ./Src/main.o
 .group         0x0000000000000000        0xc ./Src/main.o
 .group         0x0000000000000000        0xc ./Src/main.o
 .group         0x0000000000000000        0xc ./Src/main.o
 .group         0x0000000000000000        0xc ./Src/main.o
 .group         0x0000000000000000        0xc ./Src/main.o
 .group         0x0000000000000000        0xc ./Src/main.o
 .group         0x0000000000000000        0xc ./Src/main.o
 .text          0x0000000000000000        0x0 ./Src/main.o
 .data          0x0000000000000000        0x0 ./Src/main.o
 .bss           0x0000000000000000        0x0 ./Src/main.o
 .text.delay    0x0000000000000000       0x3a ./Src/main.o
 .debug_macro   0x0000000000000000      0xa72 ./Src/main.o
 .debug_macro   0x0000000000000000       0x22 ./Src/main.o
 .debug_macro   0x0000000000000000      0x103 ./Src/main.o
 .debug_macro   0x0000000000000000       0x6a ./Src/main.o
 .debug_macro   0x0000000000000000      0x1df ./Src/main.o
 .debug_macro   0x0000000000000000       0x18 ./Src/main.o
 .debug_macro   0x0000000000000000       0x3c ./Src/main.o
 .debug_macro   0x0000000000000000       0x34 ./Src/main.o
 .debug_macro   0x0000000000000000       0x16 ./Src/main.o
 .debug_macro   0x0000000000000000      0x10e ./Src/main.o
 .debug_macro   0x0000000000000000       0x8d ./Src/main.o
 .debug_macro   0x0000000000000000       0x16 ./Src/main.o
 .debug_macro   0x0000000000000000       0x43 ./Src/main.o
 .debug_macro   0x0000000000000000       0x34 ./Src/main.o
 .debug_macro   0x0000000000000000       0x10 ./Src/main.o
 .debug_macro   0x0000000000000000       0x58 ./Src/main.o
 .debug_macro   0x0000000000000000       0x71 ./Src/main.o
 .debug_macro   0x0000000000000000       0x1c ./Src/main.o
 .debug_macro   0x0000000000000000      0x12a ./Src/main.o
 .debug_macro   0x0000000000000000      0x341 ./Src/main.o
 .debug_macro   0x0000000000000000       0x16 ./Src/main.o
 .debug_macro   0x0000000000000000       0x29 ./Src/main.o
 .debug_macro   0x0000000000000000      0x240 ./Src/main.o
 .debug_macro   0x0000000000000000       0xd0 ./Src/main.o
 .debug_macro   0x0000000000000000       0xe2 ./Src/main.o
 .debug_macro   0x0000000000000000      0x227 ./Src/main.o
 .debug_macro   0x0000000000000000       0x16 ./Src/main.o
 .debug_macro   0x0000000000000000       0xe2 ./Src/main.o
 .group         0x0000000000000000        0xc ./Src/syscalls.o
 .group         0x0000000000000000        0xc ./Src/syscalls.o
 .group         0x0000000000000000        0xc ./Src/syscalls.o
 .group         0x0000000000000000        0xc ./Src/syscalls.o
 .group         0x0000000000000000        0xc ./Src/syscalls.o
 .group         0x0000000000000000        0xc ./Src/syscalls.o
 .group         0x0000000000000000        0xc ./Src/syscalls.o
 .group         0x0000000000000000        0xc ./Src/syscalls.o
 .group         0x0000000000000000        0xc ./Src/syscalls.o
 .group         0x0000000000000000        0xc ./Src/syscalls.o
 .group         0x0000000000000000        0xc ./Src/syscalls.o
 .group         0x0000000000000000        0xc ./Src/syscalls.o
 .group         0x0000000000000000        0xc ./Src/syscalls.o
 .group         0x0000000000000000        0xc ./Src/syscalls.o
 .group         0x0000000000000000        0xc ./Src/syscalls.o
 .group         0x0000000000000000        0xc ./Src/syscalls.o
 .group         0x0000000000000000        0xc ./Src/syscalls.o
 .group         0x0000000000000000        0xc ./Src/syscalls.o
 .group         0x0000000000000000        0xc ./Src/syscalls.o
 .group         0x0000000000000000        0xc ./Src/syscalls.o
 .group         0x0000000000000000        0xc ./Src/syscalls.o
 .group         0x0000000000000000        0xc ./Src/syscalls.o
 .group         0x0000000000000000        0xc ./Src/syscalls.o
 .group         0x0000000000000000        0xc ./Src/syscalls.o
 .group         0x0000000000000000        0xc ./Src/syscalls.o
 .group         0x0000000000000000        0xc ./Src/syscalls.o
 .group         0x0000000000000000        0xc ./Src/syscalls.o
 .group         0x0000000000000000        0xc ./Src/syscalls.o
 .group         0x0000000000000000        0xc ./Src/syscalls.o
 .group         0x0000000000000000        0xc ./Src/syscalls.o
 .group         0x0000000000000000        0xc ./Src/syscalls.o
 .group         0x0000000000000000        0xc ./Src/syscalls.o
 .group         0x0000000000000000        0xc ./Src/syscalls.o
 .group         0x0000000000000000        0xc ./Src/syscalls.o
 .group         0x0000000000000000        0xc ./Src/syscalls.o
 .group         0x0000000000000000        0xc ./Src/syscalls.o
 .group         0x0000000000000000        0xc ./Src/syscalls.o
 .group         0x0000000000000000        0xc ./Src/syscalls.o
 .group         0x0000000000000000        0xc ./Src/syscalls.o
 .group         0x0000000000000000        0xc ./Src/syscalls.o
 .group         0x0000000000000000        0xc ./Src/syscalls.o
 .group         0x0000000000000000        0xc ./Src/syscalls.o
 .group         0x0000000000000000        0xc ./Src/syscalls.o
 .group         0x0000000000000000        0xc ./Src/syscalls.o
 .group         0x0000000000000000        0xc ./Src/syscalls.o
 .group         0x0000000000000000        0xc ./Src/syscalls.o
 .group         0x0000000000000000        0xc ./Src/syscalls.o
 .text          0x0000000000000000        0x0 ./Src/syscalls.o
 .data          0x0000000000000000        0x0 ./Src/syscalls.o
 .bss           0x0000000000000000        0x0 ./Src/syscalls.o
 .bss.__env     0x0000000000000000        0x4 ./Src/syscalls.o
 .data.environ  0x0000000000000000        0x4 ./Src/syscalls.o
 .text.initialise_monitor_handles
                0x0000000000000000        0xc ./Src/syscalls.o
 .text._getpid  0x0000000000000000        0xe ./Src/syscalls.o
 .text._kill    0x0000000000000000       0x20 ./Src/syscalls.o
 .text._exit    0x0000000000000000       0x14 ./Src/syscalls.o
 .text._read    0x0000000000000000       0x3a ./Src/syscalls.o
 .text._write   0x0000000000000000       0x38 ./Src/syscalls.o
 .text._close   0x0000000000000000       0x16 ./Src/syscalls.o
 .text._fstat   0x0000000000000000       0x1e ./Src/syscalls.o
 .text._isatty  0x0000000000000000       0x14 ./Src/syscalls.o
 .text._lseek   0x0000000000000000       0x18 ./Src/syscalls.o
 .text._open    0x0000000000000000       0x1a ./Src/syscalls.o
 .text._wait    0x0000000000000000       0x1e ./Src/syscalls.o
 .text._unlink  0x0000000000000000       0x1e ./Src/syscalls.o
 .text._times   0x0000000000000000       0x16 ./Src/syscalls.o
 .text._stat    0x0000000000000000       0x1e ./Src/syscalls.o
 .text._link    0x0000000000000000       0x20 ./Src/syscalls.o
 .text._fork    0x0000000000000000       0x16 ./Src/syscalls.o
 .text._execve  0x0000000000000000       0x22 ./Src/syscalls.o
 .debug_info    0x0000000000000000      0x771 ./Src/syscalls.o
 .debug_abbrev  0x0000000000000000      0x1b5 ./Src/syscalls.o
 .debug_loc     0x0000000000000000      0x5b8 ./Src/syscalls.o
 .debug_aranges
                0x0000000000000000       0xa8 ./Src/syscalls.o
 .debug_ranges  0x0000000000000000       0x98 ./Src/syscalls.o
 .debug_macro   0x0000000000000000      0x24c ./Src/syscalls.o
 .debug_macro   0x0000000000000000      0xa72 ./Src/syscalls.o
 .debug_macro   0x0000000000000000       0x22 ./Src/syscalls.o
 .debug_macro   0x0000000000000000       0x4c ./Src/syscalls.o
 .debug_macro   0x0000000000000000       0x18 ./Src/syscalls.o
 .debug_macro   0x0000000000000000       0x94 ./Src/syscalls.o
 .debug_macro   0x0000000000000000       0x3c ./Src/syscalls.o
 .debug_macro   0x0000000000000000       0x34 ./Src/syscalls.o
 .debug_macro   0x0000000000000000       0x57 ./Src/syscalls.o
 .debug_macro   0x0000000000000000      0x174 ./Src/syscalls.o
 .debug_macro   0x0000000000000000      0x341 ./Src/syscalls.o
 .debug_macro   0x0000000000000000       0x16 ./Src/syscalls.o
 .debug_macro   0x0000000000000000       0x43 ./Src/syscalls.o
 .debug_macro   0x0000000000000000       0x34 ./Src/syscalls.o
 .debug_macro   0x0000000000000000       0x10 ./Src/syscalls.o
 .debug_macro   0x0000000000000000       0x58 ./Src/syscalls.o
 .debug_macro   0x0000000000000000       0x71 ./Src/syscalls.o
 .debug_macro   0x0000000000000000       0x1c ./Src/syscalls.o
 .debug_macro   0x0000000000000000      0x12a ./Src/syscalls.o
 .debug_macro   0x0000000000000000       0x10 ./Src/syscalls.o
 .debug_macro   0x0000000000000000       0x35 ./Src/syscalls.o
 .debug_macro   0x0000000000000000       0x10 ./Src/syscalls.o
 .debug_macro   0x0000000000000000       0x10 ./Src/syscalls.o
 .debug_macro   0x0000000000000000       0x10 ./Src/syscalls.o
 .debug_macro   0x0000000000000000       0x6a ./Src/syscalls.o
 .debug_macro   0x0000000000000000       0x1c ./Src/syscalls.o
 .debug_macro   0x0000000000000000       0x52 ./Src/syscalls.o
 .debug_macro   0x0000000000000000       0x22 ./Src/syscalls.o
 .debug_macro   0x0000000000000000       0x10 ./Src/syscalls.o
 .debug_macro   0x0000000000000000       0x52 ./Src/syscalls.o
 .debug_macro   0x0000000000000000       0xd5 ./Src/syscalls.o
 .debug_macro   0x0000000000000000       0x1c ./Src/syscalls.o
 .debug_macro   0x0000000000000000       0x3d ./Src/syscalls.o
 .debug_macro   0x0000000000000000       0x35 ./Src/syscalls.o
 .debug_macro   0x0000000000000000      0x12c ./Src/syscalls.o
 .debug_macro   0x0000000000000000       0x16 ./Src/syscalls.o
 .debug_macro   0x0000000000000000       0x16 ./Src/syscalls.o
 .debug_macro   0x0000000000000000       0x29 ./Src/syscalls.o
 .debug_macro   0x0000000000000000       0x10 ./Src/syscalls.o
 .debug_macro   0x0000000000000000      0x241 ./Src/syscalls.o
 .debug_macro   0x0000000000000000       0x1c ./Src/syscalls.o
 .debug_macro   0x0000000000000000       0x10 ./Src/syscalls.o
 .debug_macro   0x0000000000000000       0x10 ./Src/syscalls.o
 .debug_macro   0x0000000000000000       0x16 ./Src/syscalls.o
 .debug_macro   0x0000000000000000      0x145 ./Src/syscalls.o
 .debug_macro   0x0000000000000000      0x189 ./Src/syscalls.o
 .debug_macro   0x0000000000000000       0x16 ./Src/syscalls.o
 .debug_macro   0x0000000000000000       0xce ./Src/syscalls.o
 .debug_line    0x0000000000000000      0x7ea ./Src/syscalls.o
 .debug_str     0x0000000000000000     0x8a0c ./Src/syscalls.o
 .comment       0x0000000000000000       0x51 ./Src/syscalls.o
 .debug_frame   0x0000000000000000      0x2ac ./Src/syscalls.o
 .ARM.attributes
                0x0000000000000000       0x2d ./Src/syscalls.o
 .group         0x0000000000000000        0xc ./Src/sysmem.o
 .group         0x0000000000000000        0xc ./Src/sysmem.o
 .group         0x0000000000000000        0xc ./Src/sysmem.o
 .group         0x0000000000000000        0xc ./Src/sysmem.o
 .group         0x0000000000000000        0xc ./Src/sysmem.o
 .group         0x0000000000000000        0xc ./Src/sysmem.o
 .group         0x0000000000000000        0xc ./Src/sysmem.o
 .group         0x0000000000000000        0xc ./Src/sysmem.o
 .group         0x0000000000000000        0xc ./Src/sysmem.o
 .group         0x0000000000000000        0xc ./Src/sysmem.o
 .group         0x0000000000000000        0xc ./Src/sysmem.o
 .group         0x0000000000000000        0xc ./Src/sysmem.o
 .group         0x0000000000000000        0xc ./Src/sysmem.o
 .group         0x0000000000000000        0xc ./Src/sysmem.o
 .group         0x0000000000000000        0xc ./Src/sysmem.o
 .group         0x0000000000000000        0xc ./Src/sysmem.o
 .group         0x0000000000000000        0xc ./Src/sysmem.o
 .group         0x0000000000000000        0xc ./Src/sysmem.o
 .group         0x0000000000000000        0xc ./Src/sysmem.o
 .group         0x0000000000000000        0xc ./Src/sysmem.o
 .group         0x0000000000000000        0xc ./Src/sysmem.o
 .group         0x0000000000000000        0xc ./Src/sysmem.o
 .text          0x0000000000000000        0x0 ./Src/sysmem.o
 .data          0x0000000000000000        0x0 ./Src/sysmem.o
 .bss           0x0000000000000000        0x0 ./Src/sysmem.o
 .bss.__sbrk_heap_end
                0x0000000000000000        0x4 ./Src/sysmem.o
 .text._sbrk    0x0000000000000000       0x6c ./Src/sysmem.o
 .debug_info    0x0000000000000000      0x183 ./Src/sysmem.o
 .debug_abbrev  0x0000000000000000       0xbd ./Src/sysmem.o
 .debug_loc     0x0000000000000000       0x50 ./Src/sysmem.o
 .debug_aranges
                0x0000000000000000       0x20 ./Src/sysmem.o
 .debug_ranges  0x0000000000000000       0x10 ./Src/sysmem.o
 .debug_macro   0x0000000000000000       0xff ./Src/sysmem.o
 .debug_macro   0x0000000000000000      0xa72 ./Src/sysmem.o
 .debug_macro   0x0000000000000000       0x10 ./Src/sysmem.o
 .debug_macro   0x0000000000000000       0x22 ./Src/sysmem.o
 .debug_macro   0x0000000000000000       0x4c ./Src/sysmem.o
 .debug_macro   0x0000000000000000       0x18 ./Src/sysmem.o
 .debug_macro   0x0000000000000000       0x94 ./Src/sysmem.o
 .debug_macro   0x0000000000000000       0x3c ./Src/sysmem.o
 .debug_macro   0x0000000000000000       0x34 ./Src/sysmem.o
 .debug_macro   0x0000000000000000      0x174 ./Src/sysmem.o
 .debug_macro   0x0000000000000000       0x16 ./Src/sysmem.o
 .debug_macro   0x0000000000000000       0x43 ./Src/sysmem.o
 .debug_macro   0x0000000000000000       0x57 ./Src/sysmem.o
 .debug_macro   0x0000000000000000       0x34 ./Src/sysmem.o
 .debug_macro   0x0000000000000000       0x10 ./Src/sysmem.o
 .debug_macro   0x0000000000000000       0x58 ./Src/sysmem.o
 .debug_macro   0x0000000000000000       0x71 ./Src/sysmem.o
 .debug_macro   0x0000000000000000       0x1c ./Src/sysmem.o
 .debug_macro   0x0000000000000000      0x12a ./Src/sysmem.o
 .debug_macro   0x0000000000000000      0x23b ./Src/sysmem.o
 .debug_macro   0x0000000000000000      0x103 ./Src/sysmem.o
 .debug_macro   0x0000000000000000       0x6a ./Src/sysmem.o
 .debug_macro   0x0000000000000000      0x1df ./Src/sysmem.o
 .debug_line    0x0000000000000000      0x4e0 ./Src/sysmem.o
 .debug_str     0x0000000000000000     0x5d48 ./Src/sysmem.o
 .comment       0x0000000000000000       0x51 ./Src/sysmem.o
 .debug_frame   0x0000000000000000       0x34 ./Src/sysmem.o
 .ARM.attributes
                0x0000000000000000       0x2d ./Src/sysmem.o
 .text          0x0000000000000000       0x14 ./Startup/startup_stm32f103c6tx.o
 .data          0x0000000000000000        0x0 ./Startup/startup_stm32f103c6tx.o
 .bss           0x0000000000000000        0x0 ./Startup/startup_stm32f103c6tx.o
 .text          0x0000000000000000        0x0 c:/st/stm32cubeide_1.9.0/stm32cubeide/plugins/com.st.stm32cube.ide.mcu.externaltools.gnu-tools-for-stm32.10.3-2021.10.win32_1.0.0.202111181127/tools/bin/../lib/gcc/arm-none-eabi/10.3.1/../../../../arm-none-eabi/lib/thumb/v7-m/nofp\libc_nano.a(lib_a-errno.o)
 .data          0x0000000000000000        0x0 c:/st/stm32cubeide_1.9.0/stm32cubeide/plugins/com.st.stm32cube.ide.mcu.externaltools.gnu-tools-for-stm32.10.3-2021.10.win32_1.0.0.202111181127/tools/bin/../lib/gcc/arm-none-eabi/10.3.1/../../../../arm-none-eabi/lib/thumb/v7-m/nofp\libc_nano.a(lib_a-errno.o)
 .bss           0x0000000000000000        0x0 c:/st/stm32cubeide_1.9.0/stm32cubeide/plugins/com.st.stm32cube.ide.mcu.externaltools.gnu-tools-for-stm32.10.3-2021.10.win32_1.0.0.202111181127/tools/bin/../lib/gcc/arm-none-eabi/10.3.1/../../../../arm-none-eabi/lib/thumb/v7-m/nofp\libc_nano.a(lib_a-errno.o)
 .text.__errno  0x0000000000000000        0xc c:/st/stm32cubeide_1.9.0/stm32cubeide/plugins/com.st.stm32cube.ide.mcu.externaltools.gnu-tools-for-stm32.10.3-2021.10.win32_1.0.0.202111181127/tools/bin/../lib/gcc/arm-none-eabi/10.3.1/../../../../arm-none-eabi/lib/thumb/v7-m/nofp\libc_nano.a(lib_a-errno.o)
 .debug_frame   0x0000000000000000       0x20 c:/st/stm32cubeide_1.9.0/stm32cubeide/plugins/com.st.stm32cube.ide.mcu.externaltools.gnu-tools-for-stm32.10.3-2021.10.win32_1.0.0.202111181127/tools/bin/../lib/gcc/arm-none-eabi/10.3.1/../../../../arm-none-eabi/lib/thumb/v7-m/nofp\libc_nano.a(lib_a-errno.o)
 .ARM.attributes
                0x0000000000000000       0x2d c:/st/stm32cubeide_1.9.0/stm32cubeide/plugins/com.st.stm32cube.ide.mcu.externaltools.gnu-tools-for-stm32.10.3-2021.10.win32_1.0.0.202111181127/tools/bin/../lib/gcc/arm-none-eabi/10.3.1/../../../../arm-none-eabi/lib/thumb/v7-m/nofp\libc_nano.a(lib_a-errno.o)
 .text          0x0000000000000000        0x0 c:/st/stm32cubeide_1.9.0/stm32cubeide/plugins/com.st.stm32cube.ide.mcu.externaltools.gnu-tools-for-stm32.10.3-2021.10.win32_1.0.0.202111181127/tools/bin/../lib/gcc/arm-none-eabi/10.3.1/../../../../arm-none-eabi/lib/thumb/v7-m/nofp\libc_nano.a(lib_a-exit.o)
 .data          0x0000000000000000        0x0 c:/st/stm32cubeide_1.9.0/stm32cubeide/plugins/com.st.stm32cube.ide.mcu.externaltools.gnu-tools-for-stm32.10.3-2021.10.win32_1.0.0.202111181127/tools/bin/../lib/gcc/arm-none-eabi/10.3.1/../../../../arm-none-eabi/lib/thumb/v7-m/nofp\libc_nano.a(lib_a-exit.o)
 .bss           0x0000000000000000        0x0 c:/st/stm32cubeide_1.9.0/stm32cubeide/plugins/com.st.stm32cube.ide.mcu.externaltools.gnu-tools-for-stm32.10.3-2021.10.win32_1.0.0.202111181127/tools/bin/../lib/gcc/arm-none-eabi/10.3.1/../../../../arm-none-eabi/lib/thumb/v7-m/nofp\libc_nano.a(lib_a-exit.o)
 .text.exit     0x0000000000000000       0x28 c:/st/stm32cubeide_1.9.0/stm32cubeide/plugins/com.st.stm32cube.ide.mcu.externaltools.gnu-tools-for-stm32.10.3-2021.10.win32_1.0.0.202111181127/tools/bin/../lib/gcc/arm-none-eabi/10.3.1/../../../../arm-none-eabi/lib/thumb/v7-m/nofp\libc_nano.a(lib_a-exit.o)
 .debug_frame   0x0000000000000000       0x28 c:/st/stm32cubeide_1.9.0/stm32cubeide/plugins/com.st.stm32cube.ide.mcu.externaltools.gnu-tools-for-stm32.10.3-2021.10.win32_1.0.0.202111181127/tools/bin/../lib/gcc/arm-none-eabi/10.3.1/../../../../arm-none-eabi/lib/thumb/v7-m/nofp\libc_nano.a(lib_a-exit.o)
 .ARM.attributes
                0x0000000000000000       0x2d c:/st/stm32cubeide_1.9.0/stm32cubeide/plugins/com.st.stm32cube.ide.mcu.externaltools.gnu-tools-for-stm32.10.3-2021.10.win32_1.0.0.202111181127/tools/bin/../lib/gcc/arm-none-eabi/10.3.1/../../../../arm-none-eabi/lib/thumb/v7-m/nofp\libc_nano.a(lib_a-exit.o)
 .text          0x0000000000000000        0x0 c:/st/stm32cubeide_1.9.0/stm32cubeide/plugins/com.st.stm32cube.ide.mcu.externaltools.gnu-tools-for-stm32.10.3-2021.10.win32_1.0.0.202111181127/tools/bin/../lib/gcc/arm-none-eabi/10.3.1/../../../../arm-none-eabi/lib/thumb/v7-m/nofp\libc_nano.a(lib_a-impure.o)
 .data          0x0000000000000000        0x0 c:/st/stm32cubeide_1.9.0/stm32cubeide/plugins/com.st.stm32cube.ide.mcu.externaltools.gnu-tools-for-stm32.10.3-2021.10.win32_1.0.0.202111181127/tools/bin/../lib/gcc/arm-none-eabi/10.3.1/../../../../arm-none-eabi/lib/thumb/v7-m/nofp\libc_nano.a(lib_a-impure.o)
 .bss           0x0000000000000000        0x0 c:/st/stm32cubeide_1.9.0/stm32cubeide/plugins/com.st.stm32cube.ide.mcu.externaltools.gnu-tools-for-stm32.10.3-2021.10.win32_1.0.0.202111181127/tools/bin/../lib/gcc/arm-none-eabi/10.3.1/../../../../arm-none-eabi/lib/thumb/v7-m/nofp\libc_nano.a(lib_a-impure.o)
 .data._impure_ptr
                0x0000000000000000        0x4 c:/st/stm32cubeide_1.9.0/stm32cubeide/plugins/com.st.stm32cube.ide.mcu.externaltools.gnu-tools-for-stm32.10.3-2021.10.win32_1.0.0.202111181127/tools/bin/../lib/gcc/arm-none-eabi/10.3.1/../../../../arm-none-eabi/lib/thumb/v7-m/nofp\libc_nano.a(lib_a-impure.o)
 .data.impure_data
                0x0000000000000000       0x60 c:/st/stm32cubeide_1.9.0/stm32cubeide/plugins/com.st.stm32cube.ide.mcu.externaltools.gnu-tools-for-stm32.10.3-2021.10.win32_1.0.0.202111181127/tools/bin/../lib/gcc/arm-none-eabi/10.3.1/../../../../arm-none-eabi/lib/thumb/v7-m/nofp\libc_nano.a(lib_a-impure.o)
 .rodata._global_impure_ptr
                0x0000000000000000        0x4 c:/st/stm32cubeide_1.9.0/stm32cubeide/plugins/com.st.stm32cube.ide.mcu.externaltools.gnu-tools-for-stm32.10.3-2021.10.win32_1.0.0.202111181127/tools/bin/../lib/gcc/arm-none-eabi/10.3.1/../../../../arm-none-eabi/lib/thumb/v7-m/nofp\libc_nano.a(lib_a-impure.o)
 .ARM.attributes
                0x0000000000000000       0x2d c:/st/stm32cubeide_1.9.0/stm32cubeide/plugins/com.st.stm32cube.ide.mcu.externaltools.gnu-tools-for-stm32.10.3-2021.10.win32_1.0.0.202111181127/tools/bin/../lib/gcc/arm-none-eabi/10.3.1/../../../../arm-none-eabi/lib/thumb/v7-m/nofp\libc_nano.a(lib_a-impure.o)
 .text          0x0000000000000000        0x0 c:/st/stm32cubeide_1.9.0/stm32cubeide/plugins/com.st.stm32cube.ide.mcu.externaltools.gnu-tools-for-stm32.10.3-2021.10.win32_1.0.0.202111181127/tools/bin/../lib/gcc/arm-none-eabi/10.3.1/../../../../arm-none-eabi/lib/thumb/v7-m/nofp\libc_nano.a(lib_a-init.o)
 .data          0x0000000000000000        0x0 c:/st/stm32cubeide_1.9.0/stm32cubeide/plugins/com.st.stm32cube.ide.mcu.externaltools.gnu-tools-for-stm32.10.3-2021.10.win32_1.0.0.202111181127/tools/bin/../lib/gcc/arm-none-eabi/10.3.1/../../../../arm-none-eabi/lib/thumb/v7-m/nofp\libc_nano.a(lib_a-init.o)
 .bss           0x0000000000000000        0x0 c:/st/stm32cubeide_1.9.0/stm32cubeide/plugins/com.st.stm32cube.ide.mcu.externaltools.gnu-tools-for-stm32.10.3-2021.10.win32_1.0.0.202111181127/tools/bin/../lib/gcc/arm-none-eabi/10.3.1/../../../../arm-none-eabi/lib/thumb/v7-m/nofp\libc_nano.a(lib_a-init.o)
 .text          0x0000000000000000        0x0 c:/st/stm32cubeide_1.9.0/stm32cubeide/plugins/com.st.stm32cube.ide.mcu.externaltools.gnu-tools-for-stm32.10.3-2021.10.win32_1.0.0.202111181127/tools/bin/../lib/gcc/arm-none-eabi/10.3.1/../../../../arm-none-eabi/lib/thumb/v7-m/nofp\libc_nano.a(lib_a-memset.o)
 .data          0x0000000000000000        0x0 c:/st/stm32cubeide_1.9.0/stm32cubeide/plugins/com.st.stm32cube.ide.mcu.externaltools.gnu-tools-for-stm32.10.3-2021.10.win32_1.0.0.202111181127/tools/bin/../lib/gcc/arm-none-eabi/10.3.1/../../../../arm-none-eabi/lib/thumb/v7-m/nofp\libc_nano.a(lib_a-memset.o)
 .bss           0x0000000000000000        0x0 c:/st/stm32cubeide_1.9.0/stm32cubeide/plugins/com.st.stm32cube.ide.mcu.externaltools.gnu-tools-for-stm32.10.3-2021.10.win32_1.0.0.202111181127/tools/bin/../lib/gcc/arm-none-eabi/10.3.1/../../../../arm-none-eabi/lib/thumb/v7-m/nofp\libc_nano.a(lib_a-memset.o)
 .text.memset   0x0000000000000000       0x10 c:/st/stm32cubeide_1.9.0/stm32cubeide/plugins/com.st.stm32cube.ide.mcu.externaltools.gnu-tools-for-stm32.10.3-2021.10.win32_1.0.0.202111181127/tools/bin/../lib/gcc/arm-none-eabi/10.3.1/../../../../arm-none-eabi/lib/thumb/v7-m/nofp\libc_nano.a(lib_a-memset.o)
 .debug_frame   0x0000000000000000       0x20 c:/st/stm32cubeide_1.9.0/stm32cubeide/plugins/com.st.stm32cube.ide.mcu.externaltools.gnu-tools-for-stm32.10.3-2021.10.win32_1.0.0.202111181127/tools/bin/../lib/gcc/arm-none-eabi/10.3.1/../../../../arm-none-eabi/lib/thumb/v7-m/nofp\libc_nano.a(lib_a-memset.o)
 .ARM.attributes
                0x0000000000000000       0x2d c:/st/stm32cubeide_1.9.0/stm32cubeide/plugins/com.st.stm32cube.ide.mcu.externaltools.gnu-tools-for-stm32.10.3-2021.10.win32_1.0.0.202111181127/tools/bin/../lib/gcc/arm-none-eabi/10.3.1/../../../../arm-none-eabi/lib/thumb/v7-m/nofp\libc_nano.a(lib_a-memset.o)
 .text          0x0000000000000000        0x0 c:/st/stm32cubeide_1.9.0/stm32cubeide/plugins/com.st.stm32cube.ide.mcu.externaltools.gnu-tools-for-stm32.10.3-2021.10.win32_1.0.0.202111181127/tools/bin/../lib/gcc/arm-none-eabi/10.3.1/thumb/v7-m/nofp/crtend.o
 .data          0x0000000000000000        0x0 c:/st/stm32cubeide_1.9.0/stm32cubeide/plugins/com.st.stm32cube.ide.mcu.externaltools.gnu-tools-for-stm32.10.3-2021.10.win32_1.0.0.202111181127/tools/bin/../lib/gcc/arm-none-eabi/10.3.1/thumb/v7-m/nofp/crtend.o
 .bss           0x0000000000000000        0x0 c:/st/stm32cubeide_1.9.0/stm32cubeide/plugins/com.st.stm32cube.ide.mcu.externaltools.gnu-tools-for-stm32.10.3-2021.10.win32_1.0.0.202111181127/tools/bin/../lib/gcc/arm-none-eabi/10.3.1/thumb/v7-m/nofp/crtend.o
 .rodata        0x0000000000000000       0x24 c:/st/stm32cubeide_1.9.0/stm32cubeide/plugins/com.st.stm32cube.ide.mcu.externaltools.gnu-tools-for-stm32.10.3-2021.10.win32_1.0.0.202111181127/tools/bin/../lib/gcc/arm-none-eabi/10.3.1/thumb/v7-m/nofp/crtend.o
 .eh_frame      0x0000000000000000        0x4 c:/st/stm32cubeide_1.9.0/stm32cubeide/plugins/com.st.stm32cube.ide.mcu.externaltools.gnu-tools-for-stm32.10.3-2021.10.win32_1.0.0.202111181127/tools/bin/../lib/gcc/arm-none-eabi/10.3.1/thumb/v7-m/nofp/crtend.o
 .ARM.attributes
                0x0000000000000000       0x2d c:/st/stm32cubeide_1.9.0/stm32cubeide/plugins/com.st.stm32cube.ide.mcu.externaltools.gnu-tools-for-stm32.10.3-2021.10.win32_1.0.0.202111181127/tools/bin/../lib/gcc/arm-none-eabi/10.3.1/thumb/v7-m/nofp/crtend.o
 .text          0x0000000000000000        0x0 c:/st/stm32cubeide_1.9.0/stm32cubeide/plugins/com.st.stm32cube.ide.mcu.externaltools.gnu-tools-for-stm32.10.3-2021.10.win32_1.0.0.202111181127/tools/bin/../lib/gcc/arm-none-eabi/10.3.1/thumb/v7-m/nofp/crtn.o
 .data          0x0000000000000000        0x0 c:/st/stm32cubeide_1.9.0/stm32cubeide/plugins/com.st.stm32cube.ide.mcu.externaltools.gnu-tools-for-stm32.10.3-2021.10.win32_1.0.0.202111181127/tools/bin/../lib/gcc/arm-none-eabi/10.3.1/thumb/v7-m/nofp/crtn.o
 .bss           0x0000000000000000        0x0 c:/st/stm32cubeide_1.9.0/stm32cubeide/plugins/com.st.stm32cube.ide.mcu.externaltools.gnu-tools-for-stm32.10.3-2021.10.win32_1.0.0.202111181127/tools/bin/../lib/gcc/arm-none-eabi/10.3.1/thumb/v7-m/nofp/crtn.o

Memory Configuration

Name             Origin             Length             Attributes
RAM              0x0000000020000000 0x0000000000002800 xrw
FLASH            0x0000000008000000 0x0000000000008000 xr
*default*        0x0000000000000000 0xffffffffffffffff

Linker script and memory map

LOAD c:/st/stm32cubeide_1.9.0/stm32cubeide/plugins/com.st.stm32cube.ide.mcu.externaltools.gnu-tools-for-stm32.10.3-2021.10.win32_1.0.0.202111181127/tools/bin/../lib/gcc/arm-none-eabi/10.3.1/thumb/v7-m/nofp/crti.o
LOAD c:/st/stm32cubeide_1.9.0/stm32cubeide/plugins/com.st.stm32cube.ide.mcu.externaltools.gnu-tools-for-stm32.10.3-2021.10.win32_1.0.0.202111181127/tools/bin/../lib/gcc/arm-none-eabi/10.3.1/thumb/v7-m/nofp/crtbegin.o
LOAD c:/st/stm32cubeide_1.9.0/stm32cubeide/plugins/com.st.stm32cube.ide.mcu.externaltools.gnu-tools-for-stm32.10.3-2021.10.win32_1.0.0.202111181127/tools/bin/../lib/gcc/arm-none-eabi/10.3.1/../../../../arm-none-eabi/lib/thumb/v7-m/nofp/crt0.o
LOAD ./HAL/keypad.o
LOAD ./HAL/lcd.o
LOAD ./MCAL/Stm32_F103C6_EXTI.o
LOAD ./MCAL/Stm32_F103C6_GPIO.o
LOAD ./MCAL/Stm32_F103C6_RCC.o
LOAD ./MCAL/Stm32_F103C6_USART.o
LOAD ./Src/main.o
LOAD ./Src/syscalls.o
LOAD ./Src/sysmem.o
LOAD ./Startup/startup_stm32f103c6tx.o
START GROUP
LOAD c:/st/stm32cubeide_1.9.0/stm32cubeide/plugins/com.st.stm32cube.ide.mcu.externaltools.gnu-tools-for-stm32.10.3-2021.10.win32_1.0.0.202111181127/tools/bin/../lib/gcc/arm-none-eabi/10.3.1/../../../../arm-none-eabi/lib/thumb/v7-m/nofp\libc_nano.a
LOAD c:/st/stm32cubeide_1.9.0/stm32cubeide/plugins/com.st.stm32cube.ide.mcu.externaltools.gnu-tools-for-stm32.10.3-2021.10.win32_1.0.0.202111181127/tools/bin/../lib/gcc/arm-none-eabi/10.3.1/../../../../arm-none-eabi/lib/thumb/v7-m/nofp\libm.a
END GROUP
START GROUP
LOAD c:/st/stm32cubeide_1.9.0/stm32cubeide/plugins/com.st.stm32cube.ide.mcu.externaltools.gnu-tools-for-stm32.10.3-2021.10.win32_1.0.0.202111181127/tools/bin/../lib/gcc/arm-none-eabi/10.3.1/thumb/v7-m/nofp\libgcc.a
LOAD c:/st/stm32cubeide_1.9.0/stm32cubeide/plugins/com.st.stm32cube.ide.mcu.externaltools.gnu-tools-for-stm32.10.3-2021.10.win32_1.0.0.202111181127/tools/bin/../lib/gcc/arm-none-eabi/10.3.1/../../../../arm-none-eabi/lib/thumb/v7-m/nofp\libg_nano.a
LOAD c:/st/stm32cubeide_1.9.0/stm32cubeide/plugins/com.st.stm32cube.ide.mcu.externaltools.gnu-tools-for-stm32.10.3-2021.10.win32_1.0.0.202111181127/tools/bin/../lib/gcc/arm-none-eabi/10.3.1/../../../../arm-none-eabi/lib/thumb/v7-m/nofp\libc_nano.a
END GROUP
START GROUP
LOAD c:/st/stm32cubeide_1.9.0/stm32cubeide/plugins/com.st.stm32cube.ide.mcu.externaltools.gnu-tools-for-stm32.10.3-2021.10.win32_1.0.0.202111181127/tools/bin/../lib/gcc/arm-none-eabi/10.3.1/thumb/v7-m/nofp\libgcc.a
LOAD c:/st/stm32cubeide_1.9.0/stm32cubeide/plugins/com.st.stm32cube.ide.mcu.externaltools.gnu-tools-for-stm32.10.3-2021.10.win32_1.0.0.202111181127/tools/bin/../lib/gcc/arm-none-eabi/10.3.1/../../../../arm-none-eabi/lib/thumb/v7-m/nofp\libc_nano.a
LOAD c:/st/stm32cubeide_1.9.0/stm32cubeide/plugins/com.st.stm32cube.ide.mcu.externaltools.gnu-tools-for-stm32.10.3-2021.10.win32_1.0.0.202111181127/tools/bin/../lib/gcc/arm-none-eabi/10.3.1/../../../../arm-none-eabi/lib/thumb/v7-m/nofp\libnosys.a
END GROUP
START GROUP
LOAD c:/st/stm32cubeide_1.9.0/stm32cubeide/plugins/com.st.stm32cube.ide.mcu.externaltools.gnu-tools-for-stm32.10.3-2021.10.win32_1.0.0.202111181127/tools/bin/../lib/gcc/arm-none-eabi/10.3.1/thumb/v7-m/nofp\libgcc.a
LOAD c:/st/stm32cubeide_1.9.0/stm32cubeide/plugins/com.st.stm32cube.ide.mcu.externaltools.gnu-tools-for-stm32.10.3-2021.10.win32_1.0.0.202111181127/tools/bin/../lib/gcc/arm-none-eabi/10.3.1/../../../../arm-none-eabi/lib/thumb/v7-m/nofp\libc_nano.a
LOAD c:/st/stm32cubeide_1.9.0/stm32cubeide/plugins/com.st.stm32cube.ide.mcu.externaltools.gnu-tools-for-stm32.10.3-2021.10.win32_1.0.0.202111181127/tools/bin/../lib/gcc/arm-none-eabi/10.3.1/../../../../arm-none-eabi/lib/thumb/v7-m/nofp\libnosys.a
END GROUP
LOAD c:/st/stm32cubeide_1.9.0/stm32cubeide/plugins/com.st.stm32cube.ide.mcu.externaltools.gnu-tools-for-stm32.10.3-2021.10.win32_1.0.0.202111181127/tools/bin/../lib/gcc/arm-none-eabi/10.3.1/thumb/v7-m/nofp/crtend.o
LOAD c:/st/stm32cubeide_1.9.0/stm32cubeide/plugins/com.st.stm32cube.ide.mcu.externaltools.gnu-tools-for-stm32.10.3-2021.10.win32_1.0.0.202111181127/tools/bin/../lib/gcc/arm-none-eabi/10.3.1/thumb/v7-m/nofp/crtn.o
                0x0000000020002800                _estack = (ORIGIN (RAM) + LENGTH (RAM))
                0x0000000000000200                _Min_Heap_Size = 0x200
                0x0000000000000400                _Min_Stack_Size = 0x400

.isr_vector     0x0000000008000000      0x130
                0x0000000008000000                . = ALIGN (0x4)
 *(.isr_vector)
 .isr_vector    0x0000000008000000      0x130 ./Startup/startup_stm32f103c6tx.o
                0x0000000008000000                g_pfnVectors
                0x0000000008000130                . = ALIGN (0x4)

.text           0x0000000008000130      0xaf4
                0x0000000008000130                . = ALIGN (0x4)
 *(.text)
 .text          0x0000000008000130       0x40 c:/st/stm32cubeide_1.9.0/stm32cubeide/plugins/com.st.stm32cube.ide.mcu.externaltools.gnu-tools-for-stm32.10.3-2021.10.win32_1.0.0.202111181127/tools/bin/../lib/gcc/arm-none-eabi/10.3.1/thumb/v7-m/nofp/crtbegin.o
 *(.text*)
 .text.EXTI0_IRQHandler
                0x0000000008000170       0x24 ./MCAL/Stm32_F103C6_EXTI.o
                0x0000000008000170                EXTI0_IRQHandler
 .text.EXTI1_IRQHandler
                0x0000000008000194       0x24 ./MCAL/Stm32_F103C6_EXTI.o
                0x0000000008000194                EXTI1_IRQHandler
 .text.EXTI2_IRQHandler
                0x00000000080001b8       0x24 ./MCAL/Stm32_F103C6_EXTI.o
                0x00000000080001b8                EXTI2_IRQHandler
 .text.EXTI3_IRQHandler
                0x00000000080001dc       0x24 ./MCAL/Stm32_F103C6_EXTI.o
                0x00000000080001dc                EXTI3_IRQHandler
 .text.EXTI4_IRQHandler
                0x0000000008000200       0x24 ./MCAL/Stm32_F103C6_EXTI.o
                0x0000000008000200                EXTI4_IRQHandler
 .text.EXTI9_5_IRQHandler
                0x0000000008000224       0xa8 ./MCAL/Stm32_F103C6_EXTI.o
                0x0000000008000224                EXTI9_5_IRQHandler
 .text.EXTI15_10_IRQHandler
                0x00000000080002cc       0xc4 ./MCAL/Stm32_F103C6_EXTI.o
                0x00000000080002cc                EXTI15_10_IRQHandler
 .text.Get_CRLH_POS
                0x0000000008000390      0x170 ./MCAL/Stm32_F103C6_GPIO.o
                0x0000000008000390                Get_CRLH_POS
 .text.MCAL_GPIO_Init
                0x0000000008000500       0xec ./MCAL/Stm32_F103C6_GPIO.o
                0x0000000008000500                MCAL_GPIO_Init
 .text.MCAL_RCC_GetSYS_CLKFreq
                0x00000000080005ec       0x44 ./MCAL/Stm32_F103C6_RCC.o
                0x00000000080005ec                MCAL_RCC_GetSYS_CLKFreq
 .text.MCAL_RCC_GetHCLKFreq
                0x0000000008000630       0x28 ./MCAL/Stm32_F103C6_RCC.o
                0x0000000008000630                MCAL_RCC_GetHCLKFreq
 .text.MCAL_RCC_GetPCLK1Freq
                0x0000000008000658       0x28 ./MCAL/Stm32_F103C6_RCC.o
                0x0000000008000658                MCAL_RCC_GetPCLK1Freq
 .text.MCAL_RCC_GetPCLK2Freq
                0x0000000008000680       0x28 ./MCAL/Stm32_F103C6_RCC.o
                0x0000000008000680                MCAL_RCC_GetPCLK2Freq
 .text.MCAL_UART_Init
                0x00000000080006a8      0x190 ./MCAL/Stm32_F103C6_USART.o
                0x00000000080006a8                MCAL_UART_Init
 .text.MCAL_UART_SendData
                0x0000000008000838       0x94 ./MCAL/Stm32_F103C6_USART.o
                0x0000000008000838                MCAL_UART_SendData
 .text.MCAL_UART_ReceiveData
                0x00000000080008cc       0xd8 ./MCAL/Stm32_F103C6_USART.o
                0x00000000080008cc                MCAL_UART_ReceiveData
 .text.MCAL_UART_GPIO_Set_Pins
                0x00000000080009a4      0x110 ./MCAL/Stm32_F103C6_USART.o
                0x00000000080009a4                MCAL_UART_GPIO_Set_Pins
 .text.USART1_IRQHandler
                0x0000000008000ab4       0x14 ./MCAL/Stm32_F103C6_USART.o
                0x0000000008000ab4                USART1_IRQHandler
 .text.USART2_IRQHandler
                0x0000000008000ac8       0x14 ./MCAL/Stm32_F103C6_USART.o
                0x0000000008000ac8                USART2_IRQHandler
 .text.USART3_IRQHandler
                0x0000000008000adc       0x14 ./MCAL/Stm32_F103C6_USART.o
                0x0000000008000adc                USART3_IRQHandler
 .text.clock_init
                0x0000000008000af0       0x28 ./Src/main.o
                0x0000000008000af0                clock_init
 .text.main     0x0000000008000b18       0x58 ./Src/main.o
                0x0000000008000b18                main
 .text.Reset_Handler
                0x0000000008000b70       0x50 ./Startup/startup_stm32f103c6tx.o
                0x0000000008000b70                Reset_Handler
 .text.Default_Handler
                0x0000000008000bc0        0x2 ./Startup/startup_stm32f103c6tx.o
                0x0000000008000bc0                TIM8_TRG_COM_IRQHandler
                0x0000000008000bc0                TIM8_CC_IRQHandler
                0x0000000008000bc0                DebugMon_Handler
                0x0000000008000bc0                TIM1_CC_IRQHandler
                0x0000000008000bc0                HardFault_Handler
                0x0000000008000bc0                TIM6_IRQHandler
                0x0000000008000bc0                SysTick_Handler
                0x0000000008000bc0                PVD_IRQHandler
                0x0000000008000bc0                SDIO_IRQHandler
                0x0000000008000bc0                PendSV_Handler
                0x0000000008000bc0                NMI_Handler
                0x0000000008000bc0                USB_HP_CAN_TX_IRQHandler
                0x0000000008000bc0                I2C2_EV_IRQHandler
                0x0000000008000bc0                UsageFault_Handler
                0x0000000008000bc0                ADC1_2_IRQHandler
                0x0000000008000bc0                SPI1_IRQHandler
                0x0000000008000bc0                CAN_SCE_IRQHandler
                0x0000000008000bc0                TAMPER_IRQHandler
                0x0000000008000bc0                TIM8_UP_IRQHandler
                0x0000000008000bc0                DMA2_Channel2_IRQHandler
                0x0000000008000bc0                DMA1_Channel4_IRQHandler
                0x0000000008000bc0                RTC_IRQHandler
                0x0000000008000bc0                DMA1_Channel7_IRQHandler
                0x0000000008000bc0                UART5_IRQHandler
                0x0000000008000bc0                ADC3_IRQHandler
                0x0000000008000bc0                TIM4_IRQHandler
                0x0000000008000bc0                CAN_RX1_IRQHandler
                0x0000000008000bc0                DMA2_Channel1_IRQHandler
                0x0000000008000bc0                I2C1_EV_IRQHandler
                0x0000000008000bc0                DMA1_Channel6_IRQHandler
                0x0000000008000bc0                UART4_IRQHandler
                0x0000000008000bc0                TIM3_IRQHandler
                0x0000000008000bc0                RCC_IRQHandler
                0x0000000008000bc0                TIM1_TRG_COM_IRQHandler
                0x0000000008000bc0                DMA1_Channel1_IRQHandler
                0x0000000008000bc0                Default_Handler
                0x0000000008000bc0                TIM7_IRQHandler
                0x0000000008000bc0                TIM5_IRQHandler
                0x0000000008000bc0                SPI2_IRQHandler
                0x0000000008000bc0                USB_LP_CAN_RX0_IRQHandler
                0x0000000008000bc0                MemManage_Handler
                0x0000000008000bc0                SVC_Handler
                0x0000000008000bc0                DMA1_Channel5_IRQHandler
                0x0000000008000bc0                DMA1_Channel3_IRQHandler
                0x0000000008000bc0                FSMC_IRQHandler
                0x0000000008000bc0                TIM1_UP_IRQHandler
                0x0000000008000bc0                WWDG_IRQHandler
                0x0000000008000bc0                TIM2_IRQHandler
                0x0000000008000bc0                TIM1_BRK_IRQHandler
                0x0000000008000bc0                RTCAlarm_IRQHandler
                0x0000000008000bc0                DMA2_Channel4_5_IRQHandler
                0x0000000008000bc0                I2C2_ER_IRQHandler
                0x0000000008000bc0                DMA1_Channel2_IRQHandler
                0x0000000008000bc0                TIM8_BRK_IRQHandler
                0x0000000008000bc0                FLASH_IRQHandler
                0x0000000008000bc0                BusFault_Handler
                0x0000000008000bc0                SPI3_IRQHandler
                0x0000000008000bc0                I2C1_ER_IRQHandler
                0x0000000008000bc0                DMA2_Channel3_IRQHandler
 *fill*         0x0000000008000bc2        0x2 
 .text.__libc_init_array
                0x0000000008000bc4       0x48 c:/st/stm32cubeide_1.9.0/stm32cubeide/plugins/com.st.stm32cube.ide.mcu.externaltools.gnu-tools-for-stm32.10.3-2021.10.win32_1.0.0.202111181127/tools/bin/../lib/gcc/arm-none-eabi/10.3.1/../../../../arm-none-eabi/lib/thumb/v7-m/nofp\libc_nano.a(lib_a-init.o)
                0x0000000008000bc4                __libc_init_array
 *(.glue_7)
 .glue_7        0x0000000008000c0c        0x0 linker stubs
 *(.glue_7t)
 .glue_7t       0x0000000008000c0c        0x0 linker stubs
 *(.eh_frame)
 .eh_frame      0x0000000008000c0c        0x0 c:/st/stm32cubeide_1.9.0/stm32cubeide/plugins/com.st.stm32cube.ide.mcu.externaltools.gnu-tools-for-stm32.10.3-2021.10.win32_1.0.0.202111181127/tools/bin/../lib/gcc/arm-none-eabi/10.3.1/thumb/v7-m/nofp/crtbegin.o
 *(.init)
 .init          0x0000000008000c0c        0x4 c:/st/stm32cubeide_1.9.0/stm32cubeide/plugins/com.st.stm32cube.ide.mcu.externaltools.gnu-tools-for-stm32.10.3-2021.10.win32_1.0.0.202111181127/tools/bin/../lib/gcc/arm-none-eabi/10.3.1/thumb/v7-m/nofp/crti.o
                0x0000000008000c0c                _init
 .init          0x0000000008000c10        0x8 c:/st/stm32cubeide_1.9.0/stm32cubeide/plugins/com.st.stm32cube.ide.mcu.externaltools.gnu-tools-for-stm32.10.3-2021.10.win32_1.0.0.202111181127/tools/bin/../lib/gcc/arm-none-eabi/10.3.1/thumb/v7-m/nofp/crtn.o
 *(.fini)
 .fini          0x0000000008000c18        0x4 c:/st/stm32cubeide_1.9.0/stm32cubeide/plugins/com.st.stm32cube.ide.mcu.externaltools.gnu-tools-for-stm32.10.3-2021.10.win32_1.0.0.202111181127/tools/bin/../lib/gcc/arm-none-eabi/10.3.1/thumb/v7-m/nofp/crti.o
                0x0000000008000c18                _fini
 .fini          0x0000000008000c1c        0x8 c:/st/stm32cubeide_1.9.0/stm32cubeide/plugins/com.st.stm32cube.ide.mcu.externaltools.gnu-tools-for-stm32.10.3-2021.10.win32_1.0.0.202111181127/tools/bin/../lib/gcc/arm-none-eabi/10.3.1/thumb/v7-m/nofp/crtn.o
                0x0000000008000c24                . = ALIGN (0x4)
                0x0000000008000c24                _etext = .

.vfp11_veneer   0x0000000008000c24        0x0
 .vfp11_veneer  0x0000000008000c24        0x0 linker stubs

.v4_bx          0x0000000008000c24        0x0
 .v4_bx         0x0000000008000c24        0x0 linker stubs

.iplt           0x0000000008000c24        0x0
 .iplt          0x0000000008000c24        0x0 c:/st/stm32cubeide_1.9.0/stm32cubeide/plugins/com.st.stm32cube.ide.mcu.externaltools.gnu-tools-for-stm32.10.3-2021.10.win32_1.0.0.202111181127/tools/bin/../lib/gcc/arm-none-eabi/10.3.1/thumb/v7-m/nofp/crtbegin.o

.rodata         0x0000000008000c24       0x18
                0x0000000008000c24                . = ALIGN (0x4)
 *(.rodata)
 *(.rodata*)
 .rodata.APBPrescTable
                0x0000000008000c24        0x8 ./MCAL/Stm32_F103C6_RCC.o
                0x0000000008000c24                APBPrescTable
 .rodata.AHBPrescTable
                0x0000000008000c2c       0x10 ./MCAL/Stm32_F103C6_RCC.o
                0x0000000008000c2c                AHBPrescTable
                0x0000000008000c3c                . = ALIGN (0x4)

.rel.dyn        0x0000000008000c3c        0x0
 .rel.iplt      0x0000000008000c3c        0x0 c:/st/stm32cubeide_1.9.0/stm32cubeide/plugins/com.st.stm32cube.ide.mcu.externaltools.gnu-tools-for-stm32.10.3-2021.10.win32_1.0.0.202111181127/tools/bin/../lib/gcc/arm-none-eabi/10.3.1/thumb/v7-m/nofp/crtbegin.o

.ARM.extab      0x0000000008000c3c        0x0
                0x0000000008000c3c                . = ALIGN (0x4)
 *(.ARM.extab* .gnu.linkonce.armextab.*)
                0x0000000008000c3c                . = ALIGN (0x4)

.ARM            0x0000000008000c3c        0x0
                0x0000000008000c3c                . = ALIGN (0x4)
                0x0000000008000c3c                __exidx_start = .
 *(.ARM.exidx*)
                0x0000000008000c3c                __exidx_end = .
                0x0000000008000c3c                . = ALIGN (0x4)

.preinit_array  0x0000000008000c3c        0x0
                0x0000000008000c3c                . = ALIGN (0x4)
                0x0000000008000c3c                PROVIDE (__preinit_array_start = .)
 *(.preinit_array*)
                0x0000000008000c3c                PROVIDE (__preinit_array_end = .)
                0x0000000008000c3c                . = ALIGN (0x4)

.init_array     0x0000000008000c3c        0x4
                0x0000000008000c3c                . = ALIGN (0x4)
                0x0000000008000c3c                PROVIDE (__init_array_start = .)
 *(SORT_BY_NAME(.init_array.*))
 *(.init_array*)
 .init_array    0x0000000008000c3c        0x4 c:/st/stm32cubeide_1.9.0/stm32cubeide/plugins/com.st.stm32cube.ide.mcu.externaltools.gnu-tools-for-stm32.10.3-2021.10.win32_1.0.0.202111181127/tools/bin/../lib/gcc/arm-none-eabi/10.3.1/thumb/v7-m/nofp/crtbegin.o
                0x0000000008000c40                PROVIDE (__init_array_end = .)
                0x0000000008000c40                . = ALIGN (0x4)

.fini_array     0x0000000008000c40        0x4
                0x0000000008000c40                . = ALIGN (0x4)
                [!provide]                        PROVIDE (__fini_array_start = .)
 *(SORT_BY_NAME(.fini_array.*))
 *(.fini_array*)
 .fini_array    0x0000000008000c40        0x4 c:/st/stm32cubeide_1.9.0/stm32cubeide/plugins/com.st.stm32cube.ide.mcu.externaltools.gnu-tools-for-stm32.10.3-2021.10.win32_1.0.0.202111181127/tools/bin/../lib/gcc/arm-none-eabi/10.3.1/thumb/v7-m/nofp/crtbegin.o
                [!provide]                        PROVIDE (__fini_array_end = .)
                0x0000000008000c44                . = ALIGN (0x4)
                0x0000000008000c44                _sidata = LOADADDR (.data)

.data           0x0000000020000000        0x0 load address 0x0000000008000c44
                0x0000000020000000                . = ALIGN (0x4)
                0x0000000020000000                _sdata = .
 *(.data)
 *(.data*)
 *(.RamFunc)
 *(.RamFunc*)
                0x0000000020000000                . = ALIGN (0x4)
                0x0000000020000000                _edata = .

.igot.plt       0x0000000020000000        0x0 load address 0x0000000008000c44
 .igot.plt      0x0000000020000000        0x0 c:/st/stm32cubeide_1.9.0/stm32cubeide/plugins/com.st.stm32cube.ide.mcu.externaltools.gnu-tools-for-stm32.10.3-2021.10.win32_1.0.0.202111181127/tools/bin/../lib/gcc/arm-none-eabi/10.3.1/thumb/v7-m/nofp/crtbegin.o
                0x0000000020000000                . = ALIGN (0x4)

.bss            0x0000000020000000       0x68 load address 0x0000000008000c44
                0x0000000020000000                _sbss = .
                0x0000000020000000                __bss_start__ = _sbss
 *(.bss)
 .bss           0x0000000020000000       0x1c c:/st/stm32cubeide_1.9.0/stm32cubeide/plugins/com.st.stm32cube.ide.mcu.externaltools.gnu-tools-for-stm32.10.3-2021.10.win32_1.0.0.202111181127/tools/bin/../lib/gcc/arm-none-eabi/10.3.1/thumb/v7-m/nofp/crtbegin.o
 *(.bss*)
 .bss.GP_IRQ_CallBack
                0x000000002000001c       0x3c ./MCAL/Stm32_F103C6_EXTI.o
                0x000000002000001c                GP_IRQ_CallBack
 .bss.Global_USART_Config
                0x0000000020000058        0xc ./MCAL/Stm32_F103C6_USART.o
                0x0000000020000058                Global_USART_Config
 .bss.ch        0x0000000020000064        0x2 ./Src/main.o
                0x0000000020000064                ch
 *(COMMON)
                0x0000000020000068                . = ALIGN (0x4)
 *fill*         0x0000000020000066        0x2 
                0x0000000020000068                _ebss = .
                0x0000000020000068                __bss_end__ = _ebss

._user_heap_stack
                0x0000000020000068      0x600 load address 0x0000000008000c44
                0x0000000020000068                . = ALIGN (0x8)
                [!provide]                        PROVIDE (end = .)
                0x0000000020000068                PROVIDE (_end = .)
                0x0000000020000268                . = (. + _Min_Heap_Size)
 *fill*         0x0000000020000068      0x200 
                0x0000000020000668                . = (. + _Min_Stack_Size)
 *fill*         0x0000000020000268      0x400 
                0x0000000020000668                . = ALIGN (0x8)

/DISCARD/
 libc.a(*)
 libm.a(*)
 libgcc.a(*)

.ARM.attributes
                0x0000000000000000       0x29
 *(.ARM.attributes)
 .ARM.attributes
                0x0000000000000000       0x1d c:/st/stm32cubeide_1.9.0/stm32cubeide/plugins/com.st.stm32cube.ide.mcu.externaltools.gnu-tools-for-stm32.10.3-2021.10.win32_1.0.0.202111181127/tools/bin/../lib/gcc/arm-none-eabi/10.3.1/thumb/v7-m/nofp/crti.o
 .ARM.attributes
                0x000000000000001d       0x2d c:/st/stm32cubeide_1.9.0/stm32cubeide/plugins/com.st.stm32cube.ide.mcu.externaltools.gnu-tools-for-stm32.10.3-2021.10.win32_1.0.0.202111181127/tools/bin/../lib/gcc/arm-none-eabi/10.3.1/thumb/v7-m/nofp/crtbegin.o
 .ARM.attributes
                0x000000000000004a       0x2d ./MCAL/Stm32_F103C6_EXTI.o
 .ARM.attributes
                0x0000000000000077       0x2d ./MCAL/Stm32_F103C6_GPIO.o
 .ARM.attributes
                0x00000000000000a4       0x2d ./MCAL/Stm32_F103C6_RCC.o
 .ARM.attributes
                0x00000000000000d1       0x2d ./MCAL/Stm32_F103C6_USART.o
 .ARM.attributes
                0x00000000000000fe       0x2d ./Src/main.o
 .ARM.attributes
                0x000000000000012b       0x21 ./Startup/startup_stm32f103c6tx.o
 .ARM.attributes
                0x000000000000014c       0x2d c:/st/stm32cubeide_1.9.0/stm32cubeide/plugins/com.st.stm32cube.ide.mcu.externaltools.gnu-tools-for-stm32.10.3-2021.10.win32_1.0.0.202111181127/tools/bin/../lib/gcc/arm-none-eabi/10.3.1/../../../../arm-none-eabi/lib/thumb/v7-m/nofp\libc_nano.a(lib_a-init.o)
 .ARM.attributes
                0x0000000000000179       0x1d c:/st/stm32cubeide_1.9.0/stm32cubeide/plugins/com.st.stm32cube.ide.mcu.externaltools.gnu-tools-for-stm32.10.3-2021.10.win32_1.0.0.202111181127/tools/bin/../lib/gcc/arm-none-eabi/10.3.1/thumb/v7-m/nofp/crtn.o
OUTPUT(WriteDriver.elf elf32-littlearm)
LOAD linker stubs
LOAD c:/st/stm32cubeide_1.9.0/stm32cubeide/plugins/com.st.stm32cube.ide.mcu.externaltools.gnu-tools-for-stm32.10.3-2021.10.win32_1.0.0.202111181127/tools/bin/../lib/gcc/arm-none-eabi/10.3.1/../../../../arm-none-eabi/lib/thumb/v7-m/nofp\libc.a
LOAD c:/st/stm32cubeide_1.9.0/stm32cubeide/plugins/com.st.stm32cube.ide.mcu.externaltools.gnu-tools-for-stm32.10.3-2021.10.win32_1.0.0.202111181127/tools/bin/../lib/gcc/arm-none-eabi/10.3.1/../../../../arm-none-eabi/lib/thumb/v7-m/nofp\libm.a
LOAD c:/st/stm32cubeide_1.9.0/stm32cubeide/plugins/com.st.stm32cube.ide.mcu.externaltools.gnu-tools-for-stm32.10.3-2021.10.win32_1.0.0.202111181127/tools/bin/../lib/gcc/arm-none-eabi/10.3.1/thumb/v7-m/nofp\libgcc.a

.debug_info     0x0000000000000000     0x1559
 .debug_info    0x0000000000000000      0x528 ./MCAL/Stm32_F103C6_EXTI.o
 .debug_info    0x0000000000000528      0x411 ./MCAL/Stm32_F103C6_GPIO.o
 .debug_info    0x0000000000000939      0x241 ./MCAL/Stm32_F103C6_RCC.o
 .debug_info    0x0000000000000b7a      0x5c6 ./MCAL/Stm32_F103C6_USART.o
 .debug_info    0x0000000000001140      0x3f7 ./Src/main.o
 .debug_info    0x0000000000001537       0x22 ./Startup/startup_stm32f103c6tx.o

.debug_abbrev   0x0000000000000000      0x6d3
 .debug_abbrev  0x0000000000000000      0x1a7 ./MCAL/Stm32_F103C6_EXTI.o
 .debug_abbrev  0x00000000000001a7      0x124 ./MCAL/Stm32_F103C6_GPIO.o
 .debug_abbrev  0x00000000000002cb       0xda ./MCAL/Stm32_F103C6_RCC.o
 .debug_abbrev  0x00000000000003a5      0x1bb ./MCAL/Stm32_F103C6_USART.o
 .debug_abbrev  0x0000000000000560      0x161 ./Src/main.o
 .debug_abbrev  0x00000000000006c1       0x12 ./Startup/startup_stm32f103c6tx.o

.debug_loc      0x0000000000000000      0xae0
 .debug_loc     0x0000000000000000      0x320 ./MCAL/Stm32_F103C6_EXTI.o
 .debug_loc     0x0000000000000320      0x38c ./MCAL/Stm32_F103C6_GPIO.o
 .debug_loc     0x00000000000006ac       0xc8 ./MCAL/Stm32_F103C6_RCC.o
 .debug_loc     0x0000000000000774      0x294 ./MCAL/Stm32_F103C6_USART.o
 .debug_loc     0x0000000000000a08       0xd8 ./Src/main.o

.debug_aranges  0x0000000000000000      0x1d8
 .debug_aranges
                0x0000000000000000       0x80 ./MCAL/Stm32_F103C6_EXTI.o
 .debug_aranges
                0x0000000000000080       0x68 ./MCAL/Stm32_F103C6_GPIO.o
 .debug_aranges
                0x00000000000000e8       0x38 ./MCAL/Stm32_F103C6_RCC.o
 .debug_aranges
                0x0000000000000120       0x60 ./MCAL/Stm32_F103C6_USART.o
 .debug_aranges
                0x0000000000000180       0x30 ./Src/main.o
 .debug_aranges
                0x00000000000001b0       0x28 ./Startup/startup_stm32f103c6tx.o

.debug_ranges   0x0000000000000000      0x180
 .debug_ranges  0x0000000000000000       0x70 ./MCAL/Stm32_F103C6_EXTI.o
 .debug_ranges  0x0000000000000070       0x58 ./MCAL/Stm32_F103C6_GPIO.o
 .debug_ranges  0x00000000000000c8       0x28 ./MCAL/Stm32_F103C6_RCC.o
 .debug_ranges  0x00000000000000f0       0x50 ./MCAL/Stm32_F103C6_USART.o
 .debug_ranges  0x0000000000000140       0x20 ./Src/main.o
 .debug_ranges  0x0000000000000160       0x20 ./Startup/startup_stm32f103c6tx.o

.debug_macro    0x0000000000000000      0xd63
 .debug_macro   0x0000000000000000      0x165 ./MCAL/Stm32_F103C6_EXTI.o
 .debug_macro   0x0000000000000165      0x227 ./MCAL/Stm32_F103C6_EXTI.o
 .debug_macro   0x000000000000038c      0x15f ./MCAL/Stm32_F103C6_GPIO.o
 .debug_macro   0x00000000000004eb      0x19b ./MCAL/Stm32_F103C6_GPIO.o
 .debug_macro   0x0000000000000686      0x15f ./MCAL/Stm32_F103C6_RCC.o
 .debug_macro   0x00000000000007e5       0x10 ./MCAL/Stm32_F103C6_RCC.o
 .debug_macro   0x00000000000007f5      0x168 ./MCAL/Stm32_F103C6_USART.o
 .debug_macro   0x000000000000095d       0x16 ./MCAL/Stm32_F103C6_USART.o
 .debug_macro   0x0000000000000973       0xe2 ./MCAL/Stm32_F103C6_USART.o
 .debug_macro   0x0000000000000a55      0x19d ./Src/main.o
 .debug_macro   0x0000000000000bf2       0x8e ./Src/main.o
 .debug_macro   0x0000000000000c80       0x51 ./Src/main.o
 .debug_macro   0x0000000000000cd1       0x52 ./Src/main.o
 .debug_macro   0x0000000000000d23       0x40 ./Src/main.o

.debug_line     0x0000000000000000     0x25be
 .debug_line    0x0000000000000000      0x99a ./MCAL/Stm32_F103C6_EXTI.o
 .debug_line    0x000000000000099a      0x73c ./MCAL/Stm32_F103C6_GPIO.o
 .debug_line    0x00000000000010d6      0x5d5 ./MCAL/Stm32_F103C6_RCC.o
 .debug_line    0x00000000000016ab      0x865 ./MCAL/Stm32_F103C6_USART.o
 .debug_line    0x0000000000001f10      0x62a ./Src/main.o
 .debug_line    0x000000000000253a       0x84 ./Startup/startup_stm32f103c6tx.o

.debug_str      0x0000000000000000     0xa663
 .debug_str     0x0000000000000000     0x8ff6 ./MCAL/Stm32_F103C6_EXTI.o
                                       0x920c (size before relaxing)
 .debug_str     0x0000000000008ff6      0x90a ./MCAL/Stm32_F103C6_GPIO.o
                                       0x864a (size before relaxing)
 .debug_str     0x0000000000009900      0x12d ./MCAL/Stm32_F103C6_RCC.o
                                       0x7ded (size before relaxing)
 .debug_str     0x0000000000009a2d      0x7bb ./MCAL/Stm32_F103C6_USART.o
                                       0x85cd (size before relaxing)
 .debug_str     0x000000000000a1e8      0x44a ./Src/main.o
                                       0x9b27 (size before relaxing)
 .debug_str     0x000000000000a632       0x31 ./Startup/startup_stm32f103c6tx.o
                                         0x55 (size before relaxing)

.comment        0x0000000000000000       0x50
 .comment       0x0000000000000000       0x50 ./MCAL/Stm32_F103C6_EXTI.o
                                         0x51 (size before relaxing)
 .comment       0x0000000000000050       0x51 ./MCAL/Stm32_F103C6_GPIO.o
 .comment       0x0000000000000050       0x51 ./MCAL/Stm32_F103C6_RCC.o
 .comment       0x0000000000000050       0x51 ./MCAL/Stm32_F103C6_USART.o
 .comment       0x0000000000000050       0x51 ./Src/main.o

.debug_frame    0x0000000000000000      0x5c0
 .debug_frame   0x0000000000000000      0x1b0 ./MCAL/Stm32_F103C6_EXTI.o
 .debug_frame   0x00000000000001b0      0x19c ./MCAL/Stm32_F103C6_GPIO.o
 .debug_frame   0x000000000000034c       0x84 ./MCAL/Stm32_F103C6_RCC.o
 .debug_frame   0x00000000000003d0      0x14c ./MCAL/Stm32_F103C6_USART.o
 .debug_frame   0x000000000000051c       0x78 ./Src/main.o
 .debug_frame   0x0000000000000594       0x2c c:/st/stm32cubeide_1.9.0/stm32cubeide/plugins/com.st.stm32cube.ide.mcu.externaltools.gnu-tools-for-stm32.10.3-2021.10.win32_1.0.0.202111181127/tools/bin/../lib/gcc/arm-none-eabi/10.3.1/../../../../arm-none-eabi/lib/thumb/v7-m/nofp\libc_nano.a(lib_a-init.o)
