Stm32_F103C6_EXTI.c:34:13:Update_EXTI	24	static
Stm32_F103C6_EXTI.c:122:6:MCAL_EXTI_GPIO_Init	16	static
Stm32_F103C6_EXTI.c:133:6:MCAL_EXTI_GPIO_DeInit	4	static
Stm32_F103C6_EXTI.c:160:6:MCAL_EXTI_GPIO_Update	16	static
Stm32_F103C6_EXTI.c:172:6:EXTI0_IRQHandler	8	static
Stm32_F103C6_EXTI.c:183:6:EXTI1_IRQHandler	8	static
Stm32_F103C6_EXTI.c:194:6:EXTI2_IRQHandler	8	static
Stm32_F103C6_EXTI.c:205:6:EXTI3_IRQHandler	8	static
Stm32_F103C6_EXTI.c:216:6:EXTI4_IRQHandler	8	static
Stm32_F103C6_EXTI.c:227:6:EXTI9_5_IRQHandler	8	static
Stm32_F103C6_EXTI.c:237:6:EXTI15_10_IRQHandler	8	static
Stm32_F103C6_EXTI.c:247:13:Enable_NVIC	16	static
Stm32_F103C6_EXTI.c:270:13:Disable_NVIC	16	static
