
Memory Configuration

Name             Origin             Length             Attributes
flash            0x08000000         0x00020000         xr
sram             0x20000000         0x00005000         xrw
*default*        0x00000000         0xffffffff

Linker script and memory map


.text           0x08000000      0x11c
 *(.vectors*)
 .vectors       0x08000000       0x1c startup.o
                0x08000000                vectors
 *(.text*)
 .text          0x0800001c       0x7c main.o
                0x0800001c                NMI_Handler
                0x08000028                main
 .text          0x08000098       0x80 startup.o
                0x08000098                MM_Fault_Handler
                0x08000098                Usage_Fault_Handler
                0x08000098                Bus_Fault
                0x08000098                Default_Handler
                0x08000098                H_Fault_Handler
                0x080000a4                Reset_Handler
 *(.rodata)
 .rodata        0x08000118        0x3 main.o
                0x08000118                const_variables
                0x0800011c                . = ALIGN (0x4)
 *fill*         0x0800011b        0x1 
                0x0800011c                _E_text = .

.glue_7         0x0800011c        0x0
 .glue_7        0x0800011c        0x0 linker stubs

.glue_7t        0x0800011c        0x0
 .glue_7t       0x0800011c        0x0 linker stubs

.vfp11_veneer   0x0800011c        0x0
 .vfp11_veneer  0x0800011c        0x0 linker stubs

.v4_bx          0x0800011c        0x0
 .v4_bx         0x0800011c        0x0 linker stubs

.iplt           0x0800011c        0x0
 .iplt          0x0800011c        0x0 main.o

.rel.dyn        0x0800011c        0x0
 .rel.iplt      0x0800011c        0x0 main.o

.data           0x20000000        0x8 load address 0x0800011c
                0x20000000                _S_DATA = .
 *(.data)
 .data          0x20000000        0x7 main.o
                0x20000000                PORTA
                0x20000004                g_variables
 .data          0x20000007        0x0 startup.o
                0x20000008                . = ALIGN (0x4)
 *fill*         0x20000007        0x1 
                0x20000008                _E_DATA = .

.igot.plt       0x20000008        0x0 load address 0x08000124
 .igot.plt      0x20000008        0x0 main.o

.bss            0x20000008     0x1034 load address 0x08000124
                0x20000008                _S_bss = .
 *(.bss*)
 .bss           0x20000008       0x32 main.o
                0x20000008                uninitialized
 .bss           0x2000003a        0x0 startup.o
                0x2000003c                . = ALIGN (0x4)
 *fill*         0x2000003a        0x2 
                0x2000003c                _E_bss = .
                0x2000103c                . = (. + 0x1000)
 *fill*         0x2000003c     0x1000 
                0x2000103c                _stack_top = .
LOAD main.o
LOAD startup.o
OUTPUT(Led_Project.elf elf32-littlearm)
LOAD linker stubs

.debug_info     0x00000000      0x33e
 .debug_info    0x00000000      0x1c2 main.o
 .debug_info    0x000001c2      0x17c startup.o

.debug_abbrev   0x00000000      0x1e3
 .debug_abbrev  0x00000000      0x126 main.o
 .debug_abbrev  0x00000126       0xbd startup.o

.debug_loc      0x00000000       0xf8
 .debug_loc     0x00000000       0x7c main.o
 .debug_loc     0x0000007c       0x7c startup.o

.debug_aranges  0x00000000       0x40
 .debug_aranges
                0x00000000       0x20 main.o
 .debug_aranges
                0x00000020       0x20 startup.o

.debug_line     0x00000000      0x176
 .debug_line    0x00000000       0x76 main.o
 .debug_line    0x00000076      0x100 startup.o

.debug_str      0x00000000      0x209
 .debug_str     0x00000000      0x172 main.o
                                0x1ad (size before relaxing)
 .debug_str     0x00000172       0x97 startup.o
                                0x1d8 (size before relaxing)

.comment        0x00000000       0x49
 .comment       0x00000000       0x49 main.o
                                 0x4a (size before relaxing)
 .comment       0x00000049       0x4a startup.o

.ARM.attributes
                0x00000000       0x2d
 .ARM.attributes
                0x00000000       0x2d main.o
 .ARM.attributes
                0x0000002d       0x2d startup.o

.debug_frame    0x00000000       0x9c
 .debug_frame   0x00000000       0x4c main.o
 .debug_frame   0x0000004c       0x50 startup.o
