Archive member included to satisfy reference by file (symbol)

c:/st/stm32cubeide_1.4.0/stm32cubeide/plugins/com.st.stm32cube.ide.mcu.externaltools.gnu-tools-for-stm32.7-2018-q2-update.win32_1.4.0.202007081208/tools/bin/../lib/gcc/arm-none-eabi/7.3.1/../../../../arm-none-eabi/lib/thumb/v7-m\libc_nano.a(lib_a-errno.o)
                              Src/syscalls.o (__errno)
c:/st/stm32cubeide_1.4.0/stm32cubeide/plugins/com.st.stm32cube.ide.mcu.externaltools.gnu-tools-for-stm32.7-2018-q2-update.win32_1.4.0.202007081208/tools/bin/../lib/gcc/arm-none-eabi/7.3.1/../../../../arm-none-eabi/lib/thumb/v7-m\libc_nano.a(lib_a-exit.o)
                              c:/st/stm32cubeide_1.4.0/stm32cubeide/plugins/com.st.stm32cube.ide.mcu.externaltools.gnu-tools-for-stm32.7-2018-q2-update.win32_1.4.0.202007081208/tools/bin/../lib/gcc/arm-none-eabi/7.3.1/../../../../arm-none-eabi/lib/thumb/v7-m/crt0.o (exit)
c:/st/stm32cubeide_1.4.0/stm32cubeide/plugins/com.st.stm32cube.ide.mcu.externaltools.gnu-tools-for-stm32.7-2018-q2-update.win32_1.4.0.202007081208/tools/bin/../lib/gcc/arm-none-eabi/7.3.1/../../../../arm-none-eabi/lib/thumb/v7-m\libc_nano.a(lib_a-impure.o)
                              c:/st/stm32cubeide_1.4.0/stm32cubeide/plugins/com.st.stm32cube.ide.mcu.externaltools.gnu-tools-for-stm32.7-2018-q2-update.win32_1.4.0.202007081208/tools/bin/../lib/gcc/arm-none-eabi/7.3.1/../../../../arm-none-eabi/lib/thumb/v7-m\libc_nano.a(lib_a-exit.o) (_global_impure_ptr)
c:/st/stm32cubeide_1.4.0/stm32cubeide/plugins/com.st.stm32cube.ide.mcu.externaltools.gnu-tools-for-stm32.7-2018-q2-update.win32_1.4.0.202007081208/tools/bin/../lib/gcc/arm-none-eabi/7.3.1/../../../../arm-none-eabi/lib/thumb/v7-m\libc_nano.a(lib_a-init.o)
                              c:/st/stm32cubeide_1.4.0/stm32cubeide/plugins/com.st.stm32cube.ide.mcu.externaltools.gnu-tools-for-stm32.7-2018-q2-update.win32_1.4.0.202007081208/tools/bin/../lib/gcc/arm-none-eabi/7.3.1/../../../../arm-none-eabi/lib/thumb/v7-m/crt0.o (__libc_init_array)
c:/st/stm32cubeide_1.4.0/stm32cubeide/plugins/com.st.stm32cube.ide.mcu.externaltools.gnu-tools-for-stm32.7-2018-q2-update.win32_1.4.0.202007081208/tools/bin/../lib/gcc/arm-none-eabi/7.3.1/../../../../arm-none-eabi/lib/thumb/v7-m\libc_nano.a(lib_a-memset.o)
                              c:/st/stm32cubeide_1.4.0/stm32cubeide/plugins/com.st.stm32cube.ide.mcu.externaltools.gnu-tools-for-stm32.7-2018-q2-update.win32_1.4.0.202007081208/tools/bin/../lib/gcc/arm-none-eabi/7.3.1/../../../../arm-none-eabi/lib/thumb/v7-m/crt0.o (memset)

Allocating common symbols
Common symbol       size              file

_E_MSP              0x4               Src/main.o
_S_PSP_TA           0x4               Src/main.o
_S_PSP_TB           0x4               Src/main.o
_E_PSP_TB           0x4               Src/main.o
GP_IRQ_CallBack     0x3c              MCAL/Stm32_F103C6_EXTI.o
_E_PSP_TA           0x4               Src/main.o

Discarded input sections

 .text          0x0000000000000000        0x0 c:/st/stm32cubeide_1.4.0/stm32cubeide/plugins/com.st.stm32cube.ide.mcu.externaltools.gnu-tools-for-stm32.7-2018-q2-update.win32_1.4.0.202007081208/tools/bin/../lib/gcc/arm-none-eabi/7.3.1/thumb/v7-m/crti.o
 .data          0x0000000000000000        0x0 c:/st/stm32cubeide_1.4.0/stm32cubeide/plugins/com.st.stm32cube.ide.mcu.externaltools.gnu-tools-for-stm32.7-2018-q2-update.win32_1.4.0.202007081208/tools/bin/../lib/gcc/arm-none-eabi/7.3.1/thumb/v7-m/crti.o
 .bss           0x0000000000000000        0x0 c:/st/stm32cubeide_1.4.0/stm32cubeide/plugins/com.st.stm32cube.ide.mcu.externaltools.gnu-tools-for-stm32.7-2018-q2-update.win32_1.4.0.202007081208/tools/bin/../lib/gcc/arm-none-eabi/7.3.1/thumb/v7-m/crti.o
 .data          0x0000000000000000        0x4 c:/st/stm32cubeide_1.4.0/stm32cubeide/plugins/com.st.stm32cube.ide.mcu.externaltools.gnu-tools-for-stm32.7-2018-q2-update.win32_1.4.0.202007081208/tools/bin/../lib/gcc/arm-none-eabi/7.3.1/thumb/v7-m/crtbegin.o
 .text          0x0000000000000000       0x74 c:/st/stm32cubeide_1.4.0/stm32cubeide/plugins/com.st.stm32cube.ide.mcu.externaltools.gnu-tools-for-stm32.7-2018-q2-update.win32_1.4.0.202007081208/tools/bin/../lib/gcc/arm-none-eabi/7.3.1/../../../../arm-none-eabi/lib/thumb/v7-m/crt0.o
 .data          0x0000000000000000        0x0 c:/st/stm32cubeide_1.4.0/stm32cubeide/plugins/com.st.stm32cube.ide.mcu.externaltools.gnu-tools-for-stm32.7-2018-q2-update.win32_1.4.0.202007081208/tools/bin/../lib/gcc/arm-none-eabi/7.3.1/../../../../arm-none-eabi/lib/thumb/v7-m/crt0.o
 .bss           0x0000000000000000        0x0 c:/st/stm32cubeide_1.4.0/stm32cubeide/plugins/com.st.stm32cube.ide.mcu.externaltools.gnu-tools-for-stm32.7-2018-q2-update.win32_1.4.0.202007081208/tools/bin/../lib/gcc/arm-none-eabi/7.3.1/../../../../arm-none-eabi/lib/thumb/v7-m/crt0.o
 .ARM.extab     0x0000000000000000        0x0 c:/st/stm32cubeide_1.4.0/stm32cubeide/plugins/com.st.stm32cube.ide.mcu.externaltools.gnu-tools-for-stm32.7-2018-q2-update.win32_1.4.0.202007081208/tools/bin/../lib/gcc/arm-none-eabi/7.3.1/../../../../arm-none-eabi/lib/thumb/v7-m/crt0.o
 .ARM.exidx     0x0000000000000000        0x8 c:/st/stm32cubeide_1.4.0/stm32cubeide/plugins/com.st.stm32cube.ide.mcu.externaltools.gnu-tools-for-stm32.7-2018-q2-update.win32_1.4.0.202007081208/tools/bin/../lib/gcc/arm-none-eabi/7.3.1/../../../../arm-none-eabi/lib/thumb/v7-m/crt0.o
 .ARM.attributes
                0x0000000000000000       0x1b c:/st/stm32cubeide_1.4.0/stm32cubeide/plugins/com.st.stm32cube.ide.mcu.externaltools.gnu-tools-for-stm32.7-2018-q2-update.win32_1.4.0.202007081208/tools/bin/../lib/gcc/arm-none-eabi/7.3.1/../../../../arm-none-eabi/lib/thumb/v7-m/crt0.o
 .group         0x0000000000000000        0xc HAL/keypad.o
 .group         0x0000000000000000        0xc HAL/keypad.o
 .group         0x0000000000000000        0xc HAL/keypad.o
 .group         0x0000000000000000        0xc HAL/keypad.o
 .group         0x0000000000000000        0xc HAL/keypad.o
 .group         0x0000000000000000        0xc HAL/keypad.o
 .group         0x0000000000000000        0xc HAL/keypad.o
 .group         0x0000000000000000        0xc HAL/keypad.o
 .group         0x0000000000000000        0xc HAL/keypad.o
 .group         0x0000000000000000        0xc HAL/keypad.o
 .group         0x0000000000000000        0xc HAL/keypad.o
 .group         0x0000000000000000        0xc HAL/keypad.o
 .group         0x0000000000000000        0xc HAL/keypad.o
 .group         0x0000000000000000        0xc HAL/keypad.o
 .group         0x0000000000000000        0xc HAL/keypad.o
 .group         0x0000000000000000        0xc HAL/keypad.o
 .group         0x0000000000000000        0xc HAL/keypad.o
 .group         0x0000000000000000        0xc HAL/keypad.o
 .group         0x0000000000000000        0xc HAL/keypad.o
 .group         0x0000000000000000        0xc HAL/keypad.o
 .group         0x0000000000000000        0xc HAL/keypad.o
 .group         0x0000000000000000        0xc HAL/keypad.o
 .group         0x0000000000000000        0xc HAL/keypad.o
 .group         0x0000000000000000        0xc HAL/keypad.o
 .group         0x0000000000000000        0xc HAL/keypad.o
 .text          0x0000000000000000        0x0 HAL/keypad.o
 .data          0x0000000000000000        0x0 HAL/keypad.o
 .bss           0x0000000000000000        0x0 HAL/keypad.o
 .data.Col      0x0000000000000000        0x8 HAL/keypad.o
 .data.Row      0x0000000000000000        0x8 HAL/keypad.o
 .data.KPAD_Chars
                0x0000000000000000       0x10 HAL/keypad.o
 .text.KPAD_Init
                0x0000000000000000       0xbc HAL/keypad.o
 .text.KPAD_Get_Char
                0x0000000000000000       0xc4 HAL/keypad.o
 .debug_info    0x0000000000000000      0xb99 HAL/keypad.o
 .debug_abbrev  0x0000000000000000      0x1da HAL/keypad.o
 .debug_loc     0x0000000000000000       0xa0 HAL/keypad.o
 .debug_aranges
                0x0000000000000000       0x28 HAL/keypad.o
 .debug_ranges  0x0000000000000000       0x18 HAL/keypad.o
 .debug_macro   0x0000000000000000      0x14e HAL/keypad.o
 .debug_macro   0x0000000000000000      0xa60 HAL/keypad.o
 .debug_macro   0x0000000000000000       0x18 HAL/keypad.o
 .debug_macro   0x0000000000000000       0x22 HAL/keypad.o
 .debug_macro   0x0000000000000000       0x40 HAL/keypad.o
 .debug_macro   0x0000000000000000       0x94 HAL/keypad.o
 .debug_macro   0x0000000000000000       0x3c HAL/keypad.o
 .debug_macro   0x0000000000000000       0x34 HAL/keypad.o
 .debug_macro   0x0000000000000000       0x16 HAL/keypad.o
 .debug_macro   0x0000000000000000      0x10e HAL/keypad.o
 .debug_macro   0x0000000000000000       0x8d HAL/keypad.o
 .debug_macro   0x0000000000000000       0x57 HAL/keypad.o
 .debug_macro   0x0000000000000000       0x52 HAL/keypad.o
 .debug_macro   0x0000000000000000       0x1f HAL/keypad.o
 .debug_macro   0x0000000000000000       0x43 HAL/keypad.o
 .debug_macro   0x0000000000000000       0x20 HAL/keypad.o
 .debug_macro   0x0000000000000000      0x1a3 HAL/keypad.o
 .debug_macro   0x0000000000000000      0x330 HAL/keypad.o
 .debug_macro   0x0000000000000000       0x16 HAL/keypad.o
 .debug_macro   0x0000000000000000       0x29 HAL/keypad.o
 .debug_macro   0x0000000000000000       0xef HAL/keypad.o
 .debug_macro   0x0000000000000000       0x6a HAL/keypad.o
 .debug_macro   0x0000000000000000      0x1df HAL/keypad.o
 .debug_macro   0x0000000000000000      0x240 HAL/keypad.o
 .debug_macro   0x0000000000000000       0xd0 HAL/keypad.o
 .debug_macro   0x0000000000000000       0x3a HAL/keypad.o
 .debug_line    0x0000000000000000      0x639 HAL/keypad.o
 .debug_str     0x0000000000000000     0x7fec HAL/keypad.o
 .comment       0x0000000000000000       0x7c HAL/keypad.o
 .debug_frame   0x0000000000000000       0x58 HAL/keypad.o
 .ARM.attributes
                0x0000000000000000       0x33 HAL/keypad.o
 .group         0x0000000000000000        0xc HAL/lcd.o
 .group         0x0000000000000000        0xc HAL/lcd.o
 .group         0x0000000000000000        0xc HAL/lcd.o
 .group         0x0000000000000000        0xc HAL/lcd.o
 .group         0x0000000000000000        0xc HAL/lcd.o
 .group         0x0000000000000000        0xc HAL/lcd.o
 .group         0x0000000000000000        0xc HAL/lcd.o
 .group         0x0000000000000000        0xc HAL/lcd.o
 .group         0x0000000000000000        0xc HAL/lcd.o
 .group         0x0000000000000000        0xc HAL/lcd.o
 .group         0x0000000000000000        0xc HAL/lcd.o
 .group         0x0000000000000000        0xc HAL/lcd.o
 .group         0x0000000000000000        0xc HAL/lcd.o
 .group         0x0000000000000000        0xc HAL/lcd.o
 .group         0x0000000000000000        0xc HAL/lcd.o
 .group         0x0000000000000000        0xc HAL/lcd.o
 .group         0x0000000000000000        0xc HAL/lcd.o
 .group         0x0000000000000000        0xc HAL/lcd.o
 .group         0x0000000000000000        0xc HAL/lcd.o
 .group         0x0000000000000000        0xc HAL/lcd.o
 .group         0x0000000000000000        0xc HAL/lcd.o
 .group         0x0000000000000000        0xc HAL/lcd.o
 .group         0x0000000000000000        0xc HAL/lcd.o
 .group         0x0000000000000000        0xc HAL/lcd.o
 .group         0x0000000000000000        0xc HAL/lcd.o
 .group         0x0000000000000000        0xc HAL/lcd.o
 .group         0x0000000000000000        0xc HAL/lcd.o
 .text          0x0000000000000000        0x0 HAL/lcd.o
 .data          0x0000000000000000        0x0 HAL/lcd.o
 .bss           0x0000000000000000        0x0 HAL/lcd.o
 .text.LCD_Write_CustomChar
                0x0000000000000000       0x4a HAL/lcd.o
 .debug_macro   0x0000000000000000      0xa60 HAL/lcd.o
 .debug_macro   0x0000000000000000       0x22 HAL/lcd.o
 .debug_macro   0x0000000000000000       0x40 HAL/lcd.o
 .debug_macro   0x0000000000000000       0x18 HAL/lcd.o
 .debug_macro   0x0000000000000000       0x94 HAL/lcd.o
 .debug_macro   0x0000000000000000       0x3c HAL/lcd.o
 .debug_macro   0x0000000000000000       0x34 HAL/lcd.o
 .debug_macro   0x0000000000000000       0x57 HAL/lcd.o
 .debug_macro   0x0000000000000000       0x52 HAL/lcd.o
 .debug_macro   0x0000000000000000       0x1f HAL/lcd.o
 .debug_macro   0x0000000000000000       0x43 HAL/lcd.o
 .debug_macro   0x0000000000000000       0x20 HAL/lcd.o
 .debug_macro   0x0000000000000000      0x1a3 HAL/lcd.o
 .debug_macro   0x0000000000000000      0x330 HAL/lcd.o
 .debug_macro   0x0000000000000000       0xef HAL/lcd.o
 .debug_macro   0x0000000000000000       0x6a HAL/lcd.o
 .debug_macro   0x0000000000000000      0x1df HAL/lcd.o
 .debug_macro   0x0000000000000000       0x16 HAL/lcd.o
 .debug_macro   0x0000000000000000       0x16 HAL/lcd.o
 .debug_macro   0x0000000000000000       0x29 HAL/lcd.o
 .debug_macro   0x0000000000000000      0x240 HAL/lcd.o
 .debug_macro   0x0000000000000000       0xd0 HAL/lcd.o
 .group         0x0000000000000000        0xc MCAL/Stm32_F103C6_EXTI.o
 .group         0x0000000000000000        0xc MCAL/Stm32_F103C6_EXTI.o
 .group         0x0000000000000000        0xc MCAL/Stm32_F103C6_EXTI.o
 .group         0x0000000000000000        0xc MCAL/Stm32_F103C6_EXTI.o
 .group         0x0000000000000000        0xc MCAL/Stm32_F103C6_EXTI.o
 .group         0x0000000000000000        0xc MCAL/Stm32_F103C6_EXTI.o
 .group         0x0000000000000000        0xc MCAL/Stm32_F103C6_EXTI.o
 .group         0x0000000000000000        0xc MCAL/Stm32_F103C6_EXTI.o
 .group         0x0000000000000000        0xc MCAL/Stm32_F103C6_EXTI.o
 .group         0x0000000000000000        0xc MCAL/Stm32_F103C6_EXTI.o
 .group         0x0000000000000000        0xc MCAL/Stm32_F103C6_EXTI.o
 .group         0x0000000000000000        0xc MCAL/Stm32_F103C6_EXTI.o
 .group         0x0000000000000000        0xc MCAL/Stm32_F103C6_EXTI.o
 .group         0x0000000000000000        0xc MCAL/Stm32_F103C6_EXTI.o
 .group         0x0000000000000000        0xc MCAL/Stm32_F103C6_EXTI.o
 .group         0x0000000000000000        0xc MCAL/Stm32_F103C6_EXTI.o
 .group         0x0000000000000000        0xc MCAL/Stm32_F103C6_EXTI.o
 .group         0x0000000000000000        0xc MCAL/Stm32_F103C6_EXTI.o
 .group         0x0000000000000000        0xc MCAL/Stm32_F103C6_EXTI.o
 .group         0x0000000000000000        0xc MCAL/Stm32_F103C6_EXTI.o
 .group         0x0000000000000000        0xc MCAL/Stm32_F103C6_EXTI.o
 .group         0x0000000000000000        0xc MCAL/Stm32_F103C6_EXTI.o
 .group         0x0000000000000000        0xc MCAL/Stm32_F103C6_EXTI.o
 .group         0x0000000000000000        0xc MCAL/Stm32_F103C6_EXTI.o
 .group         0x0000000000000000        0xc MCAL/Stm32_F103C6_EXTI.o
 .text          0x0000000000000000        0x0 MCAL/Stm32_F103C6_EXTI.o
 .data          0x0000000000000000        0x0 MCAL/Stm32_F103C6_EXTI.o
 .bss           0x0000000000000000        0x0 MCAL/Stm32_F103C6_EXTI.o
 .text.MCAL_EXTI_GPIO_DeInit
                0x0000000000000000       0x90 MCAL/Stm32_F103C6_EXTI.o
 .text.MCAL_EXTI_GPIO_Update
                0x0000000000000000       0x16 MCAL/Stm32_F103C6_EXTI.o
 .debug_macro   0x0000000000000000      0xa60 MCAL/Stm32_F103C6_EXTI.o
 .debug_macro   0x0000000000000000       0x18 MCAL/Stm32_F103C6_EXTI.o
 .debug_macro   0x0000000000000000       0x22 MCAL/Stm32_F103C6_EXTI.o
 .debug_macro   0x0000000000000000       0x40 MCAL/Stm32_F103C6_EXTI.o
 .debug_macro   0x0000000000000000       0x94 MCAL/Stm32_F103C6_EXTI.o
 .debug_macro   0x0000000000000000       0x3c MCAL/Stm32_F103C6_EXTI.o
 .debug_macro   0x0000000000000000       0x34 MCAL/Stm32_F103C6_EXTI.o
 .debug_macro   0x0000000000000000       0x16 MCAL/Stm32_F103C6_EXTI.o
 .debug_macro   0x0000000000000000      0x10e MCAL/Stm32_F103C6_EXTI.o
 .debug_macro   0x0000000000000000       0x8d MCAL/Stm32_F103C6_EXTI.o
 .debug_macro   0x0000000000000000       0x57 MCAL/Stm32_F103C6_EXTI.o
 .debug_macro   0x0000000000000000       0x52 MCAL/Stm32_F103C6_EXTI.o
 .debug_macro   0x0000000000000000       0x1f MCAL/Stm32_F103C6_EXTI.o
 .debug_macro   0x0000000000000000       0x43 MCAL/Stm32_F103C6_EXTI.o
 .debug_macro   0x0000000000000000       0x20 MCAL/Stm32_F103C6_EXTI.o
 .debug_macro   0x0000000000000000      0x1a3 MCAL/Stm32_F103C6_EXTI.o
 .debug_macro   0x0000000000000000      0x330 MCAL/Stm32_F103C6_EXTI.o
 .debug_macro   0x0000000000000000       0x16 MCAL/Stm32_F103C6_EXTI.o
 .debug_macro   0x0000000000000000       0x29 MCAL/Stm32_F103C6_EXTI.o
 .debug_macro   0x0000000000000000       0xef MCAL/Stm32_F103C6_EXTI.o
 .debug_macro   0x0000000000000000       0x6a MCAL/Stm32_F103C6_EXTI.o
 .debug_macro   0x0000000000000000      0x1df MCAL/Stm32_F103C6_EXTI.o
 .debug_macro   0x0000000000000000      0x240 MCAL/Stm32_F103C6_EXTI.o
 .debug_macro   0x0000000000000000       0xd0 MCAL/Stm32_F103C6_EXTI.o
 .group         0x0000000000000000        0xc MCAL/Stm32_F103C6_GPIO.o
 .group         0x0000000000000000        0xc MCAL/Stm32_F103C6_GPIO.o
 .group         0x0000000000000000        0xc MCAL/Stm32_F103C6_GPIO.o
 .group         0x0000000000000000        0xc MCAL/Stm32_F103C6_GPIO.o
 .group         0x0000000000000000        0xc MCAL/Stm32_F103C6_GPIO.o
 .group         0x0000000000000000        0xc MCAL/Stm32_F103C6_GPIO.o
 .group         0x0000000000000000        0xc MCAL/Stm32_F103C6_GPIO.o
 .group         0x0000000000000000        0xc MCAL/Stm32_F103C6_GPIO.o
 .group         0x0000000000000000        0xc MCAL/Stm32_F103C6_GPIO.o
 .group         0x0000000000000000        0xc MCAL/Stm32_F103C6_GPIO.o
 .group         0x0000000000000000        0xc MCAL/Stm32_F103C6_GPIO.o
 .group         0x0000000000000000        0xc MCAL/Stm32_F103C6_GPIO.o
 .group         0x0000000000000000        0xc MCAL/Stm32_F103C6_GPIO.o
 .group         0x0000000000000000        0xc MCAL/Stm32_F103C6_GPIO.o
 .group         0x0000000000000000        0xc MCAL/Stm32_F103C6_GPIO.o
 .group         0x0000000000000000        0xc MCAL/Stm32_F103C6_GPIO.o
 .group         0x0000000000000000        0xc MCAL/Stm32_F103C6_GPIO.o
 .group         0x0000000000000000        0xc MCAL/Stm32_F103C6_GPIO.o
 .group         0x0000000000000000        0xc MCAL/Stm32_F103C6_GPIO.o
 .group         0x0000000000000000        0xc MCAL/Stm32_F103C6_GPIO.o
 .group         0x0000000000000000        0xc MCAL/Stm32_F103C6_GPIO.o
 .group         0x0000000000000000        0xc MCAL/Stm32_F103C6_GPIO.o
 .group         0x0000000000000000        0xc MCAL/Stm32_F103C6_GPIO.o
 .group         0x0000000000000000        0xc MCAL/Stm32_F103C6_GPIO.o
 .group         0x0000000000000000        0xc MCAL/Stm32_F103C6_GPIO.o
 .text          0x0000000000000000        0x0 MCAL/Stm32_F103C6_GPIO.o
 .data          0x0000000000000000        0x0 MCAL/Stm32_F103C6_GPIO.o
 .bss           0x0000000000000000        0x0 MCAL/Stm32_F103C6_GPIO.o
 .text.MCAL_GPIO_DeInit
                0x0000000000000000       0x3e MCAL/Stm32_F103C6_GPIO.o
 .text.MCAL_GPIO_ReadPin
                0x0000000000000000       0x28 MCAL/Stm32_F103C6_GPIO.o
 .text.MCAL_GPIO_ReadPort
                0x0000000000000000       0x18 MCAL/Stm32_F103C6_GPIO.o
 .text.MCAL_GPIO_TogglePin
                0x0000000000000000       0x22 MCAL/Stm32_F103C6_GPIO.o
 .text.MCAL_GPIO_TogglePort
                0x0000000000000000       0x20 MCAL/Stm32_F103C6_GPIO.o
 .text.MCAL_GPIO_LockPin
                0x0000000000000000       0x4e MCAL/Stm32_F103C6_GPIO.o
 .debug_macro   0x0000000000000000      0xa60 MCAL/Stm32_F103C6_GPIO.o
 .debug_macro   0x0000000000000000       0x22 MCAL/Stm32_F103C6_GPIO.o
 .debug_macro   0x0000000000000000       0x40 MCAL/Stm32_F103C6_GPIO.o
 .debug_macro   0x0000000000000000       0x18 MCAL/Stm32_F103C6_GPIO.o
 .debug_macro   0x0000000000000000       0x94 MCAL/Stm32_F103C6_GPIO.o
 .debug_macro   0x0000000000000000       0x3c MCAL/Stm32_F103C6_GPIO.o
 .debug_macro   0x0000000000000000       0x34 MCAL/Stm32_F103C6_GPIO.o
 .debug_macro   0x0000000000000000      0x174 MCAL/Stm32_F103C6_GPIO.o
 .debug_macro   0x0000000000000000       0x57 MCAL/Stm32_F103C6_GPIO.o
 .debug_macro   0x0000000000000000       0x52 MCAL/Stm32_F103C6_GPIO.o
 .debug_macro   0x0000000000000000       0x1f MCAL/Stm32_F103C6_GPIO.o
 .debug_macro   0x0000000000000000       0x43 MCAL/Stm32_F103C6_GPIO.o
 .debug_macro   0x0000000000000000       0x20 MCAL/Stm32_F103C6_GPIO.o
 .debug_macro   0x0000000000000000      0x1a3 MCAL/Stm32_F103C6_GPIO.o
 .debug_macro   0x0000000000000000      0x330 MCAL/Stm32_F103C6_GPIO.o
 .debug_macro   0x0000000000000000       0x16 MCAL/Stm32_F103C6_GPIO.o
 .debug_macro   0x0000000000000000       0x35 MCAL/Stm32_F103C6_GPIO.o
 .debug_macro   0x0000000000000000       0x16 MCAL/Stm32_F103C6_GPIO.o
 .debug_macro   0x0000000000000000       0x29 MCAL/Stm32_F103C6_GPIO.o
 .debug_macro   0x0000000000000000       0xef MCAL/Stm32_F103C6_GPIO.o
 .debug_macro   0x0000000000000000       0x6a MCAL/Stm32_F103C6_GPIO.o
 .debug_macro   0x0000000000000000      0x1df MCAL/Stm32_F103C6_GPIO.o
 .debug_macro   0x0000000000000000      0x240 MCAL/Stm32_F103C6_GPIO.o
 .debug_macro   0x0000000000000000       0xd0 MCAL/Stm32_F103C6_GPIO.o
 .group         0x0000000000000000        0xc MCAL/Stm32_F103C6_RCC.o
 .group         0x0000000000000000        0xc MCAL/Stm32_F103C6_RCC.o
 .group         0x0000000000000000        0xc MCAL/Stm32_F103C6_RCC.o
 .group         0x0000000000000000        0xc MCAL/Stm32_F103C6_RCC.o
 .group         0x0000000000000000        0xc MCAL/Stm32_F103C6_RCC.o
 .group         0x0000000000000000        0xc MCAL/Stm32_F103C6_RCC.o
 .group         0x0000000000000000        0xc MCAL/Stm32_F103C6_RCC.o
 .group         0x0000000000000000        0xc MCAL/Stm32_F103C6_RCC.o
 .group         0x0000000000000000        0xc MCAL/Stm32_F103C6_RCC.o
 .group         0x0000000000000000        0xc MCAL/Stm32_F103C6_RCC.o
 .group         0x0000000000000000        0xc MCAL/Stm32_F103C6_RCC.o
 .group         0x0000000000000000        0xc MCAL/Stm32_F103C6_RCC.o
 .group         0x0000000000000000        0xc MCAL/Stm32_F103C6_RCC.o
 .group         0x0000000000000000        0xc MCAL/Stm32_F103C6_RCC.o
 .group         0x0000000000000000        0xc MCAL/Stm32_F103C6_RCC.o
 .group         0x0000000000000000        0xc MCAL/Stm32_F103C6_RCC.o
 .group         0x0000000000000000        0xc MCAL/Stm32_F103C6_RCC.o
 .group         0x0000000000000000        0xc MCAL/Stm32_F103C6_RCC.o
 .group         0x0000000000000000        0xc MCAL/Stm32_F103C6_RCC.o
 .group         0x0000000000000000        0xc MCAL/Stm32_F103C6_RCC.o
 .group         0x0000000000000000        0xc MCAL/Stm32_F103C6_RCC.o
 .group         0x0000000000000000        0xc MCAL/Stm32_F103C6_RCC.o
 .group         0x0000000000000000        0xc MCAL/Stm32_F103C6_RCC.o
 .group         0x0000000000000000        0xc MCAL/Stm32_F103C6_RCC.o
 .group         0x0000000000000000        0xc MCAL/Stm32_F103C6_RCC.o
 .text          0x0000000000000000        0x0 MCAL/Stm32_F103C6_RCC.o
 .data          0x0000000000000000        0x0 MCAL/Stm32_F103C6_RCC.o
 .bss           0x0000000000000000        0x0 MCAL/Stm32_F103C6_RCC.o
 .rodata.APBPrescTable
                0x0000000000000000        0x8 MCAL/Stm32_F103C6_RCC.o
 .rodata.AHBPrescTable
                0x0000000000000000       0x10 MCAL/Stm32_F103C6_RCC.o
 .text.MCAL_RCC_GetSYS_CLKFreq
                0x0000000000000000       0x40 MCAL/Stm32_F103C6_RCC.o
 .text.MCAL_RCC_GetHCLKFreq
                0x0000000000000000       0x28 MCAL/Stm32_F103C6_RCC.o
 .text.MCAL_RCC_GetPCLK1Freq
                0x0000000000000000       0x28 MCAL/Stm32_F103C6_RCC.o
 .text.MCAL_RCC_GetPCLK2Freq
                0x0000000000000000       0x28 MCAL/Stm32_F103C6_RCC.o
 .debug_info    0x0000000000000000      0xb25 MCAL/Stm32_F103C6_RCC.o
 .debug_abbrev  0x0000000000000000      0x19b MCAL/Stm32_F103C6_RCC.o
 .debug_loc     0x0000000000000000       0xc8 MCAL/Stm32_F103C6_RCC.o
 .debug_aranges
                0x0000000000000000       0x38 MCAL/Stm32_F103C6_RCC.o
 .debug_ranges  0x0000000000000000       0x28 MCAL/Stm32_F103C6_RCC.o
 .debug_macro   0x0000000000000000      0x152 MCAL/Stm32_F103C6_RCC.o
 .debug_macro   0x0000000000000000      0xa60 MCAL/Stm32_F103C6_RCC.o
 .debug_macro   0x0000000000000000       0x18 MCAL/Stm32_F103C6_RCC.o
 .debug_macro   0x0000000000000000       0x22 MCAL/Stm32_F103C6_RCC.o
 .debug_macro   0x0000000000000000       0x40 MCAL/Stm32_F103C6_RCC.o
 .debug_macro   0x0000000000000000       0x94 MCAL/Stm32_F103C6_RCC.o
 .debug_macro   0x0000000000000000       0x3c MCAL/Stm32_F103C6_RCC.o
 .debug_macro   0x0000000000000000       0x34 MCAL/Stm32_F103C6_RCC.o
 .debug_macro   0x0000000000000000       0x16 MCAL/Stm32_F103C6_RCC.o
 .debug_macro   0x0000000000000000      0x10e MCAL/Stm32_F103C6_RCC.o
 .debug_macro   0x0000000000000000       0x8d MCAL/Stm32_F103C6_RCC.o
 .debug_macro   0x0000000000000000       0x57 MCAL/Stm32_F103C6_RCC.o
 .debug_macro   0x0000000000000000       0x52 MCAL/Stm32_F103C6_RCC.o
 .debug_macro   0x0000000000000000       0x1f MCAL/Stm32_F103C6_RCC.o
 .debug_macro   0x0000000000000000       0x43 MCAL/Stm32_F103C6_RCC.o
 .debug_macro   0x0000000000000000       0x20 MCAL/Stm32_F103C6_RCC.o
 .debug_macro   0x0000000000000000      0x1a3 MCAL/Stm32_F103C6_RCC.o
 .debug_macro   0x0000000000000000      0x330 MCAL/Stm32_F103C6_RCC.o
 .debug_macro   0x0000000000000000       0x16 MCAL/Stm32_F103C6_RCC.o
 .debug_macro   0x0000000000000000       0x29 MCAL/Stm32_F103C6_RCC.o
 .debug_macro   0x0000000000000000       0xef MCAL/Stm32_F103C6_RCC.o
 .debug_macro   0x0000000000000000       0x6a MCAL/Stm32_F103C6_RCC.o
 .debug_macro   0x0000000000000000      0x1df MCAL/Stm32_F103C6_RCC.o
 .debug_macro   0x0000000000000000      0x240 MCAL/Stm32_F103C6_RCC.o
 .debug_macro   0x0000000000000000       0xd0 MCAL/Stm32_F103C6_RCC.o
 .debug_macro   0x0000000000000000       0x10 MCAL/Stm32_F103C6_RCC.o
 .debug_line    0x0000000000000000      0x5b5 MCAL/Stm32_F103C6_RCC.o
 .debug_str     0x0000000000000000     0x7fc5 MCAL/Stm32_F103C6_RCC.o
 .comment       0x0000000000000000       0x7c MCAL/Stm32_F103C6_RCC.o
 .debug_frame   0x0000000000000000       0x84 MCAL/Stm32_F103C6_RCC.o
 .ARM.attributes
                0x0000000000000000       0x33 MCAL/Stm32_F103C6_RCC.o
 .group         0x0000000000000000        0xc MCAL/Stm32_F103C6_USART.o
 .group         0x0000000000000000        0xc MCAL/Stm32_F103C6_USART.o
 .group         0x0000000000000000        0xc MCAL/Stm32_F103C6_USART.o
 .group         0x0000000000000000        0xc MCAL/Stm32_F103C6_USART.o
 .group         0x0000000000000000        0xc MCAL/Stm32_F103C6_USART.o
 .group         0x0000000000000000        0xc MCAL/Stm32_F103C6_USART.o
 .group         0x0000000000000000        0xc MCAL/Stm32_F103C6_USART.o
 .group         0x0000000000000000        0xc MCAL/Stm32_F103C6_USART.o
 .group         0x0000000000000000        0xc MCAL/Stm32_F103C6_USART.o
 .group         0x0000000000000000        0xc MCAL/Stm32_F103C6_USART.o
 .group         0x0000000000000000        0xc MCAL/Stm32_F103C6_USART.o
 .group         0x0000000000000000        0xc MCAL/Stm32_F103C6_USART.o
 .group         0x0000000000000000        0xc MCAL/Stm32_F103C6_USART.o
 .group         0x0000000000000000        0xc MCAL/Stm32_F103C6_USART.o
 .group         0x0000000000000000        0xc MCAL/Stm32_F103C6_USART.o
 .group         0x0000000000000000        0xc MCAL/Stm32_F103C6_USART.o
 .group         0x0000000000000000        0xc MCAL/Stm32_F103C6_USART.o
 .group         0x0000000000000000        0xc MCAL/Stm32_F103C6_USART.o
 .group         0x0000000000000000        0xc MCAL/Stm32_F103C6_USART.o
 .group         0x0000000000000000        0xc MCAL/Stm32_F103C6_USART.o
 .group         0x0000000000000000        0xc MCAL/Stm32_F103C6_USART.o
 .group         0x0000000000000000        0xc MCAL/Stm32_F103C6_USART.o
 .group         0x0000000000000000        0xc MCAL/Stm32_F103C6_USART.o
 .group         0x0000000000000000        0xc MCAL/Stm32_F103C6_USART.o
 .group         0x0000000000000000        0xc MCAL/Stm32_F103C6_USART.o
 .group         0x0000000000000000        0xc MCAL/Stm32_F103C6_USART.o
 .text          0x0000000000000000        0x0 MCAL/Stm32_F103C6_USART.o
 .data          0x0000000000000000        0x0 MCAL/Stm32_F103C6_USART.o
 .bss           0x0000000000000000        0x0 MCAL/Stm32_F103C6_USART.o
 .text.MCAL_UART_Init
                0x0000000000000000      0x190 MCAL/Stm32_F103C6_USART.o
 .text.MCAL_UART_DeInit
                0x0000000000000000       0x8c MCAL/Stm32_F103C6_USART.o
 .text.MCAL_UART_SendData
                0x0000000000000000       0x94 MCAL/Stm32_F103C6_USART.o
 .text.MCAL_UART_WAIT_TC
                0x0000000000000000       0x20 MCAL/Stm32_F103C6_USART.o
 .text.MCAL_UART_ReceiveData
                0x0000000000000000       0xd8 MCAL/Stm32_F103C6_USART.o
 .text.MCAL_UART_GPIO_Set_Pins
                0x0000000000000000      0x110 MCAL/Stm32_F103C6_USART.o
 .debug_macro   0x0000000000000000      0xa60 MCAL/Stm32_F103C6_USART.o
 .debug_macro   0x0000000000000000       0x18 MCAL/Stm32_F103C6_USART.o
 .debug_macro   0x0000000000000000       0x22 MCAL/Stm32_F103C6_USART.o
 .debug_macro   0x0000000000000000       0x40 MCAL/Stm32_F103C6_USART.o
 .debug_macro   0x0000000000000000       0x94 MCAL/Stm32_F103C6_USART.o
 .debug_macro   0x0000000000000000       0x3c MCAL/Stm32_F103C6_USART.o
 .debug_macro   0x0000000000000000       0x34 MCAL/Stm32_F103C6_USART.o
 .debug_macro   0x0000000000000000       0x16 MCAL/Stm32_F103C6_USART.o
 .debug_macro   0x0000000000000000      0x10e MCAL/Stm32_F103C6_USART.o
 .debug_macro   0x0000000000000000       0x8d MCAL/Stm32_F103C6_USART.o
 .debug_macro   0x0000000000000000       0x57 MCAL/Stm32_F103C6_USART.o
 .debug_macro   0x0000000000000000       0x52 MCAL/Stm32_F103C6_USART.o
 .debug_macro   0x0000000000000000       0x1f MCAL/Stm32_F103C6_USART.o
 .debug_macro   0x0000000000000000       0x43 MCAL/Stm32_F103C6_USART.o
 .debug_macro   0x0000000000000000       0x20 MCAL/Stm32_F103C6_USART.o
 .debug_macro   0x0000000000000000      0x1a3 MCAL/Stm32_F103C6_USART.o
 .debug_macro   0x0000000000000000      0x330 MCAL/Stm32_F103C6_USART.o
 .debug_macro   0x0000000000000000       0x16 MCAL/Stm32_F103C6_USART.o
 .debug_macro   0x0000000000000000       0x29 MCAL/Stm32_F103C6_USART.o
 .debug_macro   0x0000000000000000       0xef MCAL/Stm32_F103C6_USART.o
 .debug_macro   0x0000000000000000       0x6a MCAL/Stm32_F103C6_USART.o
 .debug_macro   0x0000000000000000      0x1df MCAL/Stm32_F103C6_USART.o
 .debug_macro   0x0000000000000000      0x240 MCAL/Stm32_F103C6_USART.o
 .debug_macro   0x0000000000000000       0xd0 MCAL/Stm32_F103C6_USART.o
 .group         0x0000000000000000        0xc Src/main.o
 .group         0x0000000000000000        0xc Src/main.o
 .group         0x0000000000000000        0xc Src/main.o
 .group         0x0000000000000000        0xc Src/main.o
 .group         0x0000000000000000        0xc Src/main.o
 .group         0x0000000000000000        0xc Src/main.o
 .group         0x0000000000000000        0xc Src/main.o
 .group         0x0000000000000000        0xc Src/main.o
 .group         0x0000000000000000        0xc Src/main.o
 .group         0x0000000000000000        0xc Src/main.o
 .group         0x0000000000000000        0xc Src/main.o
 .group         0x0000000000000000        0xc Src/main.o
 .group         0x0000000000000000        0xc Src/main.o
 .group         0x0000000000000000        0xc Src/main.o
 .group         0x0000000000000000        0xc Src/main.o
 .group         0x0000000000000000        0xc Src/main.o
 .group         0x0000000000000000        0xc Src/main.o
 .group         0x0000000000000000        0xc Src/main.o
 .group         0x0000000000000000        0xc Src/main.o
 .group         0x0000000000000000        0xc Src/main.o
 .group         0x0000000000000000        0xc Src/main.o
 .group         0x0000000000000000        0xc Src/main.o
 .group         0x0000000000000000        0xc Src/main.o
 .group         0x0000000000000000        0xc Src/main.o
 .group         0x0000000000000000        0xc Src/main.o
 .group         0x0000000000000000        0xc Src/main.o
 .group         0x0000000000000000        0xc Src/main.o
 .text          0x0000000000000000        0x0 Src/main.o
 .data          0x0000000000000000        0x0 Src/main.o
 .bss           0x0000000000000000        0x0 Src/main.o
 .data.x        0x0000000000000000        0x4 Src/main.o
 .data.y        0x0000000000000000        0x4 Src/main.o
 .debug_macro   0x0000000000000000      0xa60 Src/main.o
 .debug_macro   0x0000000000000000       0x22 Src/main.o
 .debug_macro   0x0000000000000000       0xef Src/main.o
 .debug_macro   0x0000000000000000       0x6a Src/main.o
 .debug_macro   0x0000000000000000      0x1df Src/main.o
 .debug_macro   0x0000000000000000       0x18 Src/main.o
 .debug_macro   0x0000000000000000       0x3c Src/main.o
 .debug_macro   0x0000000000000000       0x34 Src/main.o
 .debug_macro   0x0000000000000000       0x16 Src/main.o
 .debug_macro   0x0000000000000000      0x10e Src/main.o
 .debug_macro   0x0000000000000000       0x8d Src/main.o
 .debug_macro   0x0000000000000000       0x52 Src/main.o
 .debug_macro   0x0000000000000000       0x1f Src/main.o
 .debug_macro   0x0000000000000000       0x43 Src/main.o
 .debug_macro   0x0000000000000000       0x20 Src/main.o
 .debug_macro   0x0000000000000000      0x1a3 Src/main.o
 .debug_macro   0x0000000000000000      0x330 Src/main.o
 .debug_macro   0x0000000000000000       0x16 Src/main.o
 .debug_macro   0x0000000000000000       0x29 Src/main.o
 .debug_macro   0x0000000000000000      0x240 Src/main.o
 .debug_macro   0x0000000000000000       0xd0 Src/main.o
 .debug_macro   0x0000000000000000       0xe2 Src/main.o
 .debug_macro   0x0000000000000000      0x227 Src/main.o
 .group         0x0000000000000000        0xc Src/syscalls.o
 .group         0x0000000000000000        0xc Src/syscalls.o
 .group         0x0000000000000000        0xc Src/syscalls.o
 .group         0x0000000000000000        0xc Src/syscalls.o
 .group         0x0000000000000000        0xc Src/syscalls.o
 .group         0x0000000000000000        0xc Src/syscalls.o
 .group         0x0000000000000000        0xc Src/syscalls.o
 .group         0x0000000000000000        0xc Src/syscalls.o
 .group         0x0000000000000000        0xc Src/syscalls.o
 .group         0x0000000000000000        0xc Src/syscalls.o
 .group         0x0000000000000000        0xc Src/syscalls.o
 .group         0x0000000000000000        0xc Src/syscalls.o
 .group         0x0000000000000000        0xc Src/syscalls.o
 .group         0x0000000000000000        0xc Src/syscalls.o
 .group         0x0000000000000000        0xc Src/syscalls.o
 .group         0x0000000000000000        0xc Src/syscalls.o
 .group         0x0000000000000000        0xc Src/syscalls.o
 .group         0x0000000000000000        0xc Src/syscalls.o
 .group         0x0000000000000000        0xc Src/syscalls.o
 .group         0x0000000000000000        0xc Src/syscalls.o
 .group         0x0000000000000000        0xc Src/syscalls.o
 .group         0x0000000000000000        0xc Src/syscalls.o
 .group         0x0000000000000000        0xc Src/syscalls.o
 .group         0x0000000000000000        0xc Src/syscalls.o
 .group         0x0000000000000000        0xc Src/syscalls.o
 .group         0x0000000000000000        0xc Src/syscalls.o
 .group         0x0000000000000000        0xc Src/syscalls.o
 .group         0x0000000000000000        0xc Src/syscalls.o
 .group         0x0000000000000000        0xc Src/syscalls.o
 .group         0x0000000000000000        0xc Src/syscalls.o
 .group         0x0000000000000000        0xc Src/syscalls.o
 .group         0x0000000000000000        0xc Src/syscalls.o
 .group         0x0000000000000000        0xc Src/syscalls.o
 .group         0x0000000000000000        0xc Src/syscalls.o
 .group         0x0000000000000000        0xc Src/syscalls.o
 .group         0x0000000000000000        0xc Src/syscalls.o
 .group         0x0000000000000000        0xc Src/syscalls.o
 .group         0x0000000000000000        0xc Src/syscalls.o
 .group         0x0000000000000000        0xc Src/syscalls.o
 .group         0x0000000000000000        0xc Src/syscalls.o
 .group         0x0000000000000000        0xc Src/syscalls.o
 .group         0x0000000000000000        0xc Src/syscalls.o
 .group         0x0000000000000000        0xc Src/syscalls.o
 .group         0x0000000000000000        0xc Src/syscalls.o
 .text          0x0000000000000000        0x0 Src/syscalls.o
 .data          0x0000000000000000        0x0 Src/syscalls.o
 .bss           0x0000000000000000        0x0 Src/syscalls.o
 .bss.__env     0x0000000000000000        0x4 Src/syscalls.o
 .data.environ  0x0000000000000000        0x4 Src/syscalls.o
 .text.initialise_monitor_handles
                0x0000000000000000        0xc Src/syscalls.o
 .text._getpid  0x0000000000000000        0xe Src/syscalls.o
 .text._kill    0x0000000000000000       0x20 Src/syscalls.o
 .text._exit    0x0000000000000000       0x14 Src/syscalls.o
 .text._read    0x0000000000000000       0x3a Src/syscalls.o
 .text._write   0x0000000000000000       0x38 Src/syscalls.o
 .text._close   0x0000000000000000       0x16 Src/syscalls.o
 .text._fstat   0x0000000000000000       0x1e Src/syscalls.o
 .text._isatty  0x0000000000000000       0x14 Src/syscalls.o
 .text._lseek   0x0000000000000000       0x18 Src/syscalls.o
 .text._open    0x0000000000000000       0x1a Src/syscalls.o
 .text._wait    0x0000000000000000       0x1e Src/syscalls.o
 .text._unlink  0x0000000000000000       0x1e Src/syscalls.o
 .text._times   0x0000000000000000       0x16 Src/syscalls.o
 .text._stat    0x0000000000000000       0x1e Src/syscalls.o
 .text._link    0x0000000000000000       0x20 Src/syscalls.o
 .text._fork    0x0000000000000000       0x16 Src/syscalls.o
 .text._execve  0x0000000000000000       0x22 Src/syscalls.o
 .debug_info    0x0000000000000000     0x102c Src/syscalls.o
 .debug_abbrev  0x0000000000000000      0x245 Src/syscalls.o
 .debug_loc     0x0000000000000000      0x5b8 Src/syscalls.o
 .debug_aranges
                0x0000000000000000       0xa8 Src/syscalls.o
 .debug_ranges  0x0000000000000000       0x98 Src/syscalls.o
 .debug_macro   0x0000000000000000      0x243 Src/syscalls.o
 .debug_macro   0x0000000000000000      0xa60 Src/syscalls.o
 .debug_macro   0x0000000000000000       0x22 Src/syscalls.o
 .debug_macro   0x0000000000000000       0x40 Src/syscalls.o
 .debug_macro   0x0000000000000000       0x18 Src/syscalls.o
 .debug_macro   0x0000000000000000       0x94 Src/syscalls.o
 .debug_macro   0x0000000000000000       0x3c Src/syscalls.o
 .debug_macro   0x0000000000000000       0x34 Src/syscalls.o
 .debug_macro   0x0000000000000000       0x57 Src/syscalls.o
 .debug_macro   0x0000000000000000      0x174 Src/syscalls.o
 .debug_macro   0x0000000000000000      0x330 Src/syscalls.o
 .debug_macro   0x0000000000000000       0x52 Src/syscalls.o
 .debug_macro   0x0000000000000000       0x1f Src/syscalls.o
 .debug_macro   0x0000000000000000       0x43 Src/syscalls.o
 .debug_macro   0x0000000000000000       0x20 Src/syscalls.o
 .debug_macro   0x0000000000000000      0x1a3 Src/syscalls.o
 .debug_macro   0x0000000000000000       0x10 Src/syscalls.o
 .debug_macro   0x0000000000000000       0x35 Src/syscalls.o
 .debug_macro   0x0000000000000000       0x10 Src/syscalls.o
 .debug_macro   0x0000000000000000       0x10 Src/syscalls.o
 .debug_macro   0x0000000000000000       0x10 Src/syscalls.o
 .debug_macro   0x0000000000000000       0x6a Src/syscalls.o
 .debug_macro   0x0000000000000000       0x1c Src/syscalls.o
 .debug_macro   0x0000000000000000       0x52 Src/syscalls.o
 .debug_macro   0x0000000000000000       0x40 Src/syscalls.o
 .debug_macro   0x0000000000000000       0x10 Src/syscalls.o
 .debug_macro   0x0000000000000000       0x40 Src/syscalls.o
 .debug_macro   0x0000000000000000       0xd7 Src/syscalls.o
 .debug_macro   0x0000000000000000       0x1c Src/syscalls.o
 .debug_macro   0x0000000000000000       0x3d Src/syscalls.o
 .debug_macro   0x0000000000000000       0x35 Src/syscalls.o
 .debug_macro   0x0000000000000000      0x122 Src/syscalls.o
 .debug_macro   0x0000000000000000       0x16 Src/syscalls.o
 .debug_macro   0x0000000000000000       0x16 Src/syscalls.o
 .debug_macro   0x0000000000000000       0x29 Src/syscalls.o
 .debug_macro   0x0000000000000000       0x10 Src/syscalls.o
 .debug_macro   0x0000000000000000      0x241 Src/syscalls.o
 .debug_macro   0x0000000000000000       0x1c Src/syscalls.o
 .debug_macro   0x0000000000000000       0x10 Src/syscalls.o
 .debug_macro   0x0000000000000000       0x10 Src/syscalls.o
 .debug_macro   0x0000000000000000       0x16 Src/syscalls.o
 .debug_macro   0x0000000000000000      0x145 Src/syscalls.o
 .debug_macro   0x0000000000000000      0x189 Src/syscalls.o
 .debug_macro   0x0000000000000000       0x16 Src/syscalls.o
 .debug_macro   0x0000000000000000       0x88 Src/syscalls.o
 .debug_line    0x0000000000000000      0x739 Src/syscalls.o
 .debug_str     0x0000000000000000     0x888d Src/syscalls.o
 .comment       0x0000000000000000       0x7c Src/syscalls.o
 .debug_frame   0x0000000000000000      0x2ac Src/syscalls.o
 .ARM.attributes
                0x0000000000000000       0x33 Src/syscalls.o
 .group         0x0000000000000000        0xc Src/sysmem.o
 .group         0x0000000000000000        0xc Src/sysmem.o
 .group         0x0000000000000000        0xc Src/sysmem.o
 .group         0x0000000000000000        0xc Src/sysmem.o
 .group         0x0000000000000000        0xc Src/sysmem.o
 .group         0x0000000000000000        0xc Src/sysmem.o
 .group         0x0000000000000000        0xc Src/sysmem.o
 .group         0x0000000000000000        0xc Src/sysmem.o
 .group         0x0000000000000000        0xc Src/sysmem.o
 .group         0x0000000000000000        0xc Src/sysmem.o
 .group         0x0000000000000000        0xc Src/sysmem.o
 .group         0x0000000000000000        0xc Src/sysmem.o
 .group         0x0000000000000000        0xc Src/sysmem.o
 .group         0x0000000000000000        0xc Src/sysmem.o
 .group         0x0000000000000000        0xc Src/sysmem.o
 .group         0x0000000000000000        0xc Src/sysmem.o
 .group         0x0000000000000000        0xc Src/sysmem.o
 .group         0x0000000000000000        0xc Src/sysmem.o
 .group         0x0000000000000000        0xc Src/sysmem.o
 .text          0x0000000000000000        0x0 Src/sysmem.o
 .data          0x0000000000000000        0x0 Src/sysmem.o
 .bss           0x0000000000000000        0x0 Src/sysmem.o
 .bss.__sbrk_heap_end
                0x0000000000000000        0x4 Src/sysmem.o
 .text._sbrk    0x0000000000000000       0x6c Src/sysmem.o
 .debug_info    0x0000000000000000      0xa7c Src/sysmem.o
 .debug_abbrev  0x0000000000000000      0x18e Src/sysmem.o
 .debug_loc     0x0000000000000000       0x50 Src/sysmem.o
 .debug_aranges
                0x0000000000000000       0x20 Src/sysmem.o
 .debug_ranges  0x0000000000000000       0x10 Src/sysmem.o
 .debug_macro   0x0000000000000000       0xee Src/sysmem.o
 .debug_macro   0x0000000000000000      0xa60 Src/sysmem.o
 .debug_macro   0x0000000000000000       0x10 Src/sysmem.o
 .debug_macro   0x0000000000000000       0x22 Src/sysmem.o
 .debug_macro   0x0000000000000000       0x40 Src/sysmem.o
 .debug_macro   0x0000000000000000       0x18 Src/sysmem.o
 .debug_macro   0x0000000000000000       0x94 Src/sysmem.o
 .debug_macro   0x0000000000000000       0x3c Src/sysmem.o
 .debug_macro   0x0000000000000000       0x34 Src/sysmem.o
 .debug_macro   0x0000000000000000      0x174 Src/sysmem.o
 .debug_macro   0x0000000000000000       0x57 Src/sysmem.o
 .debug_macro   0x0000000000000000       0x52 Src/sysmem.o
 .debug_macro   0x0000000000000000       0x1f Src/sysmem.o
 .debug_macro   0x0000000000000000       0x43 Src/sysmem.o
 .debug_macro   0x0000000000000000       0x20 Src/sysmem.o
 .debug_macro   0x0000000000000000      0x1a3 Src/sysmem.o
 .debug_macro   0x0000000000000000      0x23b Src/sysmem.o
 .debug_macro   0x0000000000000000       0xef Src/sysmem.o
 .debug_macro   0x0000000000000000       0x6a Src/sysmem.o
 .debug_macro   0x0000000000000000      0x1df Src/sysmem.o
 .debug_line    0x0000000000000000      0x4c2 Src/sysmem.o
 .debug_str     0x0000000000000000     0x5f65 Src/sysmem.o
 .comment       0x0000000000000000       0x7c Src/sysmem.o
 .debug_frame   0x0000000000000000       0x34 Src/sysmem.o
 .ARM.attributes
                0x0000000000000000       0x33 Src/sysmem.o
 .text          0x0000000000000000       0x14 Startup/startup_stm32f103c6tx.o
 .data          0x0000000000000000        0x0 Startup/startup_stm32f103c6tx.o
 .bss           0x0000000000000000        0x0 Startup/startup_stm32f103c6tx.o
 .text          0x0000000000000000        0x0 c:/st/stm32cubeide_1.4.0/stm32cubeide/plugins/com.st.stm32cube.ide.mcu.externaltools.gnu-tools-for-stm32.7-2018-q2-update.win32_1.4.0.202007081208/tools/bin/../lib/gcc/arm-none-eabi/7.3.1/../../../../arm-none-eabi/lib/thumb/v7-m\libc_nano.a(lib_a-errno.o)
 .data          0x0000000000000000        0x0 c:/st/stm32cubeide_1.4.0/stm32cubeide/plugins/com.st.stm32cube.ide.mcu.externaltools.gnu-tools-for-stm32.7-2018-q2-update.win32_1.4.0.202007081208/tools/bin/../lib/gcc/arm-none-eabi/7.3.1/../../../../arm-none-eabi/lib/thumb/v7-m\libc_nano.a(lib_a-errno.o)
 .bss           0x0000000000000000        0x0 c:/st/stm32cubeide_1.4.0/stm32cubeide/plugins/com.st.stm32cube.ide.mcu.externaltools.gnu-tools-for-stm32.7-2018-q2-update.win32_1.4.0.202007081208/tools/bin/../lib/gcc/arm-none-eabi/7.3.1/../../../../arm-none-eabi/lib/thumb/v7-m\libc_nano.a(lib_a-errno.o)
 .text.__errno  0x0000000000000000        0xc c:/st/stm32cubeide_1.4.0/stm32cubeide/plugins/com.st.stm32cube.ide.mcu.externaltools.gnu-tools-for-stm32.7-2018-q2-update.win32_1.4.0.202007081208/tools/bin/../lib/gcc/arm-none-eabi/7.3.1/../../../../arm-none-eabi/lib/thumb/v7-m\libc_nano.a(lib_a-errno.o)
 .debug_frame   0x0000000000000000       0x20 c:/st/stm32cubeide_1.4.0/stm32cubeide/plugins/com.st.stm32cube.ide.mcu.externaltools.gnu-tools-for-stm32.7-2018-q2-update.win32_1.4.0.202007081208/tools/bin/../lib/gcc/arm-none-eabi/7.3.1/../../../../arm-none-eabi/lib/thumb/v7-m\libc_nano.a(lib_a-errno.o)
 .ARM.attributes
                0x0000000000000000       0x2d c:/st/stm32cubeide_1.4.0/stm32cubeide/plugins/com.st.stm32cube.ide.mcu.externaltools.gnu-tools-for-stm32.7-2018-q2-update.win32_1.4.0.202007081208/tools/bin/../lib/gcc/arm-none-eabi/7.3.1/../../../../arm-none-eabi/lib/thumb/v7-m\libc_nano.a(lib_a-errno.o)
 .text          0x0000000000000000        0x0 c:/st/stm32cubeide_1.4.0/stm32cubeide/plugins/com.st.stm32cube.ide.mcu.externaltools.gnu-tools-for-stm32.7-2018-q2-update.win32_1.4.0.202007081208/tools/bin/../lib/gcc/arm-none-eabi/7.3.1/../../../../arm-none-eabi/lib/thumb/v7-m\libc_nano.a(lib_a-exit.o)
 .data          0x0000000000000000        0x0 c:/st/stm32cubeide_1.4.0/stm32cubeide/plugins/com.st.stm32cube.ide.mcu.externaltools.gnu-tools-for-stm32.7-2018-q2-update.win32_1.4.0.202007081208/tools/bin/../lib/gcc/arm-none-eabi/7.3.1/../../../../arm-none-eabi/lib/thumb/v7-m\libc_nano.a(lib_a-exit.o)
 .bss           0x0000000000000000        0x0 c:/st/stm32cubeide_1.4.0/stm32cubeide/plugins/com.st.stm32cube.ide.mcu.externaltools.gnu-tools-for-stm32.7-2018-q2-update.win32_1.4.0.202007081208/tools/bin/../lib/gcc/arm-none-eabi/7.3.1/../../../../arm-none-eabi/lib/thumb/v7-m\libc_nano.a(lib_a-exit.o)
 .text.exit     0x0000000000000000       0x28 c:/st/stm32cubeide_1.4.0/stm32cubeide/plugins/com.st.stm32cube.ide.mcu.externaltools.gnu-tools-for-stm32.7-2018-q2-update.win32_1.4.0.202007081208/tools/bin/../lib/gcc/arm-none-eabi/7.3.1/../../../../arm-none-eabi/lib/thumb/v7-m\libc_nano.a(lib_a-exit.o)
 .debug_frame   0x0000000000000000       0x28 c:/st/stm32cubeide_1.4.0/stm32cubeide/plugins/com.st.stm32cube.ide.mcu.externaltools.gnu-tools-for-stm32.7-2018-q2-update.win32_1.4.0.202007081208/tools/bin/../lib/gcc/arm-none-eabi/7.3.1/../../../../arm-none-eabi/lib/thumb/v7-m\libc_nano.a(lib_a-exit.o)
 .ARM.attributes
                0x0000000000000000       0x2d c:/st/stm32cubeide_1.4.0/stm32cubeide/plugins/com.st.stm32cube.ide.mcu.externaltools.gnu-tools-for-stm32.7-2018-q2-update.win32_1.4.0.202007081208/tools/bin/../lib/gcc/arm-none-eabi/7.3.1/../../../../arm-none-eabi/lib/thumb/v7-m\libc_nano.a(lib_a-exit.o)
 .text          0x0000000000000000        0x0 c:/st/stm32cubeide_1.4.0/stm32cubeide/plugins/com.st.stm32cube.ide.mcu.externaltools.gnu-tools-for-stm32.7-2018-q2-update.win32_1.4.0.202007081208/tools/bin/../lib/gcc/arm-none-eabi/7.3.1/../../../../arm-none-eabi/lib/thumb/v7-m\libc_nano.a(lib_a-impure.o)
 .data          0x0000000000000000        0x0 c:/st/stm32cubeide_1.4.0/stm32cubeide/plugins/com.st.stm32cube.ide.mcu.externaltools.gnu-tools-for-stm32.7-2018-q2-update.win32_1.4.0.202007081208/tools/bin/../lib/gcc/arm-none-eabi/7.3.1/../../../../arm-none-eabi/lib/thumb/v7-m\libc_nano.a(lib_a-impure.o)
 .bss           0x0000000000000000        0x0 c:/st/stm32cubeide_1.4.0/stm32cubeide/plugins/com.st.stm32cube.ide.mcu.externaltools.gnu-tools-for-stm32.7-2018-q2-update.win32_1.4.0.202007081208/tools/bin/../lib/gcc/arm-none-eabi/7.3.1/../../../../arm-none-eabi/lib/thumb/v7-m\libc_nano.a(lib_a-impure.o)
 .data._impure_ptr
                0x0000000000000000        0x4 c:/st/stm32cubeide_1.4.0/stm32cubeide/plugins/com.st.stm32cube.ide.mcu.externaltools.gnu-tools-for-stm32.7-2018-q2-update.win32_1.4.0.202007081208/tools/bin/../lib/gcc/arm-none-eabi/7.3.1/../../../../arm-none-eabi/lib/thumb/v7-m\libc_nano.a(lib_a-impure.o)
 .data.impure_data
                0x0000000000000000       0x60 c:/st/stm32cubeide_1.4.0/stm32cubeide/plugins/com.st.stm32cube.ide.mcu.externaltools.gnu-tools-for-stm32.7-2018-q2-update.win32_1.4.0.202007081208/tools/bin/../lib/gcc/arm-none-eabi/7.3.1/../../../../arm-none-eabi/lib/thumb/v7-m\libc_nano.a(lib_a-impure.o)
 .rodata._global_impure_ptr
                0x0000000000000000        0x4 c:/st/stm32cubeide_1.4.0/stm32cubeide/plugins/com.st.stm32cube.ide.mcu.externaltools.gnu-tools-for-stm32.7-2018-q2-update.win32_1.4.0.202007081208/tools/bin/../lib/gcc/arm-none-eabi/7.3.1/../../../../arm-none-eabi/lib/thumb/v7-m\libc_nano.a(lib_a-impure.o)
 .ARM.attributes
                0x0000000000000000       0x2d c:/st/stm32cubeide_1.4.0/stm32cubeide/plugins/com.st.stm32cube.ide.mcu.externaltools.gnu-tools-for-stm32.7-2018-q2-update.win32_1.4.0.202007081208/tools/bin/../lib/gcc/arm-none-eabi/7.3.1/../../../../arm-none-eabi/lib/thumb/v7-m\libc_nano.a(lib_a-impure.o)
 .text          0x0000000000000000        0x0 c:/st/stm32cubeide_1.4.0/stm32cubeide/plugins/com.st.stm32cube.ide.mcu.externaltools.gnu-tools-for-stm32.7-2018-q2-update.win32_1.4.0.202007081208/tools/bin/../lib/gcc/arm-none-eabi/7.3.1/../../../../arm-none-eabi/lib/thumb/v7-m\libc_nano.a(lib_a-init.o)
 .data          0x0000000000000000        0x0 c:/st/stm32cubeide_1.4.0/stm32cubeide/plugins/com.st.stm32cube.ide.mcu.externaltools.gnu-tools-for-stm32.7-2018-q2-update.win32_1.4.0.202007081208/tools/bin/../lib/gcc/arm-none-eabi/7.3.1/../../../../arm-none-eabi/lib/thumb/v7-m\libc_nano.a(lib_a-init.o)
 .bss           0x0000000000000000        0x0 c:/st/stm32cubeide_1.4.0/stm32cubeide/plugins/com.st.stm32cube.ide.mcu.externaltools.gnu-tools-for-stm32.7-2018-q2-update.win32_1.4.0.202007081208/tools/bin/../lib/gcc/arm-none-eabi/7.3.1/../../../../arm-none-eabi/lib/thumb/v7-m\libc_nano.a(lib_a-init.o)
 .text          0x0000000000000000        0x0 c:/st/stm32cubeide_1.4.0/stm32cubeide/plugins/com.st.stm32cube.ide.mcu.externaltools.gnu-tools-for-stm32.7-2018-q2-update.win32_1.4.0.202007081208/tools/bin/../lib/gcc/arm-none-eabi/7.3.1/../../../../arm-none-eabi/lib/thumb/v7-m\libc_nano.a(lib_a-memset.o)
 .data          0x0000000000000000        0x0 c:/st/stm32cubeide_1.4.0/stm32cubeide/plugins/com.st.stm32cube.ide.mcu.externaltools.gnu-tools-for-stm32.7-2018-q2-update.win32_1.4.0.202007081208/tools/bin/../lib/gcc/arm-none-eabi/7.3.1/../../../../arm-none-eabi/lib/thumb/v7-m\libc_nano.a(lib_a-memset.o)
 .bss           0x0000000000000000        0x0 c:/st/stm32cubeide_1.4.0/stm32cubeide/plugins/com.st.stm32cube.ide.mcu.externaltools.gnu-tools-for-stm32.7-2018-q2-update.win32_1.4.0.202007081208/tools/bin/../lib/gcc/arm-none-eabi/7.3.1/../../../../arm-none-eabi/lib/thumb/v7-m\libc_nano.a(lib_a-memset.o)
 .text.memset   0x0000000000000000       0x10 c:/st/stm32cubeide_1.4.0/stm32cubeide/plugins/com.st.stm32cube.ide.mcu.externaltools.gnu-tools-for-stm32.7-2018-q2-update.win32_1.4.0.202007081208/tools/bin/../lib/gcc/arm-none-eabi/7.3.1/../../../../arm-none-eabi/lib/thumb/v7-m\libc_nano.a(lib_a-memset.o)
 .debug_frame   0x0000000000000000       0x20 c:/st/stm32cubeide_1.4.0/stm32cubeide/plugins/com.st.stm32cube.ide.mcu.externaltools.gnu-tools-for-stm32.7-2018-q2-update.win32_1.4.0.202007081208/tools/bin/../lib/gcc/arm-none-eabi/7.3.1/../../../../arm-none-eabi/lib/thumb/v7-m\libc_nano.a(lib_a-memset.o)
 .ARM.attributes
                0x0000000000000000       0x2d c:/st/stm32cubeide_1.4.0/stm32cubeide/plugins/com.st.stm32cube.ide.mcu.externaltools.gnu-tools-for-stm32.7-2018-q2-update.win32_1.4.0.202007081208/tools/bin/../lib/gcc/arm-none-eabi/7.3.1/../../../../arm-none-eabi/lib/thumb/v7-m\libc_nano.a(lib_a-memset.o)
 .text          0x0000000000000000        0x0 c:/st/stm32cubeide_1.4.0/stm32cubeide/plugins/com.st.stm32cube.ide.mcu.externaltools.gnu-tools-for-stm32.7-2018-q2-update.win32_1.4.0.202007081208/tools/bin/../lib/gcc/arm-none-eabi/7.3.1/thumb/v7-m/crtend.o
 .data          0x0000000000000000        0x0 c:/st/stm32cubeide_1.4.0/stm32cubeide/plugins/com.st.stm32cube.ide.mcu.externaltools.gnu-tools-for-stm32.7-2018-q2-update.win32_1.4.0.202007081208/tools/bin/../lib/gcc/arm-none-eabi/7.3.1/thumb/v7-m/crtend.o
 .bss           0x0000000000000000        0x0 c:/st/stm32cubeide_1.4.0/stm32cubeide/plugins/com.st.stm32cube.ide.mcu.externaltools.gnu-tools-for-stm32.7-2018-q2-update.win32_1.4.0.202007081208/tools/bin/../lib/gcc/arm-none-eabi/7.3.1/thumb/v7-m/crtend.o
 .eh_frame      0x0000000000000000        0x4 c:/st/stm32cubeide_1.4.0/stm32cubeide/plugins/com.st.stm32cube.ide.mcu.externaltools.gnu-tools-for-stm32.7-2018-q2-update.win32_1.4.0.202007081208/tools/bin/../lib/gcc/arm-none-eabi/7.3.1/thumb/v7-m/crtend.o
 .ARM.attributes
                0x0000000000000000       0x2d c:/st/stm32cubeide_1.4.0/stm32cubeide/plugins/com.st.stm32cube.ide.mcu.externaltools.gnu-tools-for-stm32.7-2018-q2-update.win32_1.4.0.202007081208/tools/bin/../lib/gcc/arm-none-eabi/7.3.1/thumb/v7-m/crtend.o
 .text          0x0000000000000000        0x0 c:/st/stm32cubeide_1.4.0/stm32cubeide/plugins/com.st.stm32cube.ide.mcu.externaltools.gnu-tools-for-stm32.7-2018-q2-update.win32_1.4.0.202007081208/tools/bin/../lib/gcc/arm-none-eabi/7.3.1/thumb/v7-m/crtn.o
 .data          0x0000000000000000        0x0 c:/st/stm32cubeide_1.4.0/stm32cubeide/plugins/com.st.stm32cube.ide.mcu.externaltools.gnu-tools-for-stm32.7-2018-q2-update.win32_1.4.0.202007081208/tools/bin/../lib/gcc/arm-none-eabi/7.3.1/thumb/v7-m/crtn.o
 .bss           0x0000000000000000        0x0 c:/st/stm32cubeide_1.4.0/stm32cubeide/plugins/com.st.stm32cube.ide.mcu.externaltools.gnu-tools-for-stm32.7-2018-q2-update.win32_1.4.0.202007081208/tools/bin/../lib/gcc/arm-none-eabi/7.3.1/thumb/v7-m/crtn.o

Memory Configuration

Name             Origin             Length             Attributes
RAM              0x0000000020000000 0x0000000000002800 xrw
FLASH            0x0000000008000000 0x0000000000008000 xr
*default*        0x0000000000000000 0xffffffffffffffff

Linker script and memory map

LOAD c:/st/stm32cubeide_1.4.0/stm32cubeide/plugins/com.st.stm32cube.ide.mcu.externaltools.gnu-tools-for-stm32.7-2018-q2-update.win32_1.4.0.202007081208/tools/bin/../lib/gcc/arm-none-eabi/7.3.1/thumb/v7-m/crti.o
LOAD c:/st/stm32cubeide_1.4.0/stm32cubeide/plugins/com.st.stm32cube.ide.mcu.externaltools.gnu-tools-for-stm32.7-2018-q2-update.win32_1.4.0.202007081208/tools/bin/../lib/gcc/arm-none-eabi/7.3.1/thumb/v7-m/crtbegin.o
LOAD c:/st/stm32cubeide_1.4.0/stm32cubeide/plugins/com.st.stm32cube.ide.mcu.externaltools.gnu-tools-for-stm32.7-2018-q2-update.win32_1.4.0.202007081208/tools/bin/../lib/gcc/arm-none-eabi/7.3.1/../../../../arm-none-eabi/lib/thumb/v7-m/crt0.o
LOAD HAL/keypad.o
LOAD HAL/lcd.o
LOAD MCAL/Stm32_F103C6_EXTI.o
LOAD MCAL/Stm32_F103C6_GPIO.o
LOAD MCAL/Stm32_F103C6_RCC.o
LOAD MCAL/Stm32_F103C6_USART.o
LOAD Src/main.o
LOAD Src/syscalls.o
LOAD Src/sysmem.o
LOAD Startup/startup_stm32f103c6tx.o
START GROUP
LOAD c:/st/stm32cubeide_1.4.0/stm32cubeide/plugins/com.st.stm32cube.ide.mcu.externaltools.gnu-tools-for-stm32.7-2018-q2-update.win32_1.4.0.202007081208/tools/bin/../lib/gcc/arm-none-eabi/7.3.1/../../../../arm-none-eabi/lib/thumb/v7-m\libc_nano.a
LOAD c:/st/stm32cubeide_1.4.0/stm32cubeide/plugins/com.st.stm32cube.ide.mcu.externaltools.gnu-tools-for-stm32.7-2018-q2-update.win32_1.4.0.202007081208/tools/bin/../lib/gcc/arm-none-eabi/7.3.1/../../../../arm-none-eabi/lib/thumb/v7-m\libm.a
END GROUP
START GROUP
LOAD c:/st/stm32cubeide_1.4.0/stm32cubeide/plugins/com.st.stm32cube.ide.mcu.externaltools.gnu-tools-for-stm32.7-2018-q2-update.win32_1.4.0.202007081208/tools/bin/../lib/gcc/arm-none-eabi/7.3.1/thumb/v7-m\libgcc.a
LOAD c:/st/stm32cubeide_1.4.0/stm32cubeide/plugins/com.st.stm32cube.ide.mcu.externaltools.gnu-tools-for-stm32.7-2018-q2-update.win32_1.4.0.202007081208/tools/bin/../lib/gcc/arm-none-eabi/7.3.1/../../../../arm-none-eabi/lib/thumb/v7-m\libg_nano.a
LOAD c:/st/stm32cubeide_1.4.0/stm32cubeide/plugins/com.st.stm32cube.ide.mcu.externaltools.gnu-tools-for-stm32.7-2018-q2-update.win32_1.4.0.202007081208/tools/bin/../lib/gcc/arm-none-eabi/7.3.1/../../../../arm-none-eabi/lib/thumb/v7-m\libc_nano.a
END GROUP
START GROUP
LOAD c:/st/stm32cubeide_1.4.0/stm32cubeide/plugins/com.st.stm32cube.ide.mcu.externaltools.gnu-tools-for-stm32.7-2018-q2-update.win32_1.4.0.202007081208/tools/bin/../lib/gcc/arm-none-eabi/7.3.1/thumb/v7-m\libgcc.a
LOAD c:/st/stm32cubeide_1.4.0/stm32cubeide/plugins/com.st.stm32cube.ide.mcu.externaltools.gnu-tools-for-stm32.7-2018-q2-update.win32_1.4.0.202007081208/tools/bin/../lib/gcc/arm-none-eabi/7.3.1/../../../../arm-none-eabi/lib/thumb/v7-m\libc_nano.a
LOAD c:/st/stm32cubeide_1.4.0/stm32cubeide/plugins/com.st.stm32cube.ide.mcu.externaltools.gnu-tools-for-stm32.7-2018-q2-update.win32_1.4.0.202007081208/tools/bin/../lib/gcc/arm-none-eabi/7.3.1/../../../../arm-none-eabi/lib/thumb/v7-m\libnosys.a
END GROUP
START GROUP
LOAD c:/st/stm32cubeide_1.4.0/stm32cubeide/plugins/com.st.stm32cube.ide.mcu.externaltools.gnu-tools-for-stm32.7-2018-q2-update.win32_1.4.0.202007081208/tools/bin/../lib/gcc/arm-none-eabi/7.3.1/thumb/v7-m\libgcc.a
LOAD c:/st/stm32cubeide_1.4.0/stm32cubeide/plugins/com.st.stm32cube.ide.mcu.externaltools.gnu-tools-for-stm32.7-2018-q2-update.win32_1.4.0.202007081208/tools/bin/../lib/gcc/arm-none-eabi/7.3.1/../../../../arm-none-eabi/lib/thumb/v7-m\libc_nano.a
LOAD c:/st/stm32cubeide_1.4.0/stm32cubeide/plugins/com.st.stm32cube.ide.mcu.externaltools.gnu-tools-for-stm32.7-2018-q2-update.win32_1.4.0.202007081208/tools/bin/../lib/gcc/arm-none-eabi/7.3.1/../../../../arm-none-eabi/lib/thumb/v7-m\libnosys.a
END GROUP
LOAD c:/st/stm32cubeide_1.4.0/stm32cubeide/plugins/com.st.stm32cube.ide.mcu.externaltools.gnu-tools-for-stm32.7-2018-q2-update.win32_1.4.0.202007081208/tools/bin/../lib/gcc/arm-none-eabi/7.3.1/thumb/v7-m/crtend.o
LOAD c:/st/stm32cubeide_1.4.0/stm32cubeide/plugins/com.st.stm32cube.ide.mcu.externaltools.gnu-tools-for-stm32.7-2018-q2-update.win32_1.4.0.202007081208/tools/bin/../lib/gcc/arm-none-eabi/7.3.1/thumb/v7-m/crtn.o
                0x0000000020002800                _estack = (ORIGIN (RAM) + LENGTH (RAM))
                0x0000000000000200                _Min_Heap_Size = 0x200
                0x0000000000000400                _Min_Stack_Size = 0x400

.isr_vector     0x0000000008000000      0x130
                0x0000000008000000                . = ALIGN (0x4)
 *(.isr_vector)
 .isr_vector    0x0000000008000000      0x130 Startup/startup_stm32f103c6tx.o
                0x0000000008000000                g_pfnVectors
                0x0000000008000130                . = ALIGN (0x4)

.text           0x0000000008000130      0xe18
                0x0000000008000130                . = ALIGN (0x4)
 *(.text)
 .text          0x0000000008000130       0x40 c:/st/stm32cubeide_1.4.0/stm32cubeide/plugins/com.st.stm32cube.ide.mcu.externaltools.gnu-tools-for-stm32.7-2018-q2-update.win32_1.4.0.202007081208/tools/bin/../lib/gcc/arm-none-eabi/7.3.1/thumb/v7-m/crtbegin.o
 *(.text*)
 .text.delay    0x0000000008000170       0x38 HAL/lcd.o
 .text.LCD_KICK
                0x00000000080001a8       0x28 HAL/lcd.o
                0x00000000080001a8                LCD_KICK
 .text.LCD_Clear_Screen
                0x00000000080001d0        0xe HAL/lcd.o
                0x00000000080001d0                LCD_Clear_Screen
 *fill*         0x00000000080001de        0x2 
 .text.LCD_Is_Busy
                0x00000000080001e0       0x44 HAL/lcd.o
                0x00000000080001e0                LCD_Is_Busy
 .text.LCD_GotoXY
                0x0000000008000224       0x5a HAL/lcd.o
                0x0000000008000224                LCD_GotoXY
 *fill*         0x000000000800027e        0x2 
 .text.LCD_Init
                0x0000000008000280       0xa0 HAL/lcd.o
                0x0000000008000280                LCD_Init
 .text.LCD_Write_Comand
                0x0000000008000320       0x44 HAL/lcd.o
                0x0000000008000320                LCD_Write_Comand
 .text.LCD_Write_Char
                0x0000000008000364       0x44 HAL/lcd.o
                0x0000000008000364                LCD_Write_Char
 .text.LCD_Write_String
                0x00000000080003a8       0x5a HAL/lcd.o
                0x00000000080003a8                LCD_Write_String
 *fill*         0x0000000008000402        0x2 
 .text.Update_EXTI
                0x0000000008000404      0x1e0 MCAL/Stm32_F103C6_EXTI.o
 .text.MCAL_EXTI_GPIO_Init
                0x00000000080005e4       0x16 MCAL/Stm32_F103C6_EXTI.o
                0x00000000080005e4                MCAL_EXTI_GPIO_Init
 *fill*         0x00000000080005fa        0x2 
 .text.EXTI0_IRQHandler
                0x00000000080005fc       0x24 MCAL/Stm32_F103C6_EXTI.o
                0x00000000080005fc                EXTI0_IRQHandler
 .text.EXTI1_IRQHandler
                0x0000000008000620       0x24 MCAL/Stm32_F103C6_EXTI.o
                0x0000000008000620                EXTI1_IRQHandler
 .text.EXTI2_IRQHandler
                0x0000000008000644       0x24 MCAL/Stm32_F103C6_EXTI.o
                0x0000000008000644                EXTI2_IRQHandler
 .text.EXTI3_IRQHandler
                0x0000000008000668       0x24 MCAL/Stm32_F103C6_EXTI.o
                0x0000000008000668                EXTI3_IRQHandler
 .text.EXTI4_IRQHandler
                0x000000000800068c       0x24 MCAL/Stm32_F103C6_EXTI.o
                0x000000000800068c                EXTI4_IRQHandler
 .text.EXTI9_5_IRQHandler
                0x00000000080006b0       0xa8 MCAL/Stm32_F103C6_EXTI.o
                0x00000000080006b0                EXTI9_5_IRQHandler
 .text.EXTI15_10_IRQHandler
                0x0000000008000758       0xc4 MCAL/Stm32_F103C6_EXTI.o
                0x0000000008000758                EXTI15_10_IRQHandler
 .text.Enable_NVIC
                0x000000000800081c       0xcc MCAL/Stm32_F103C6_EXTI.o
 .text.Disable_NVIC
                0x00000000080008e8       0xcc MCAL/Stm32_F103C6_EXTI.o
 .text.Get_CRLH_POS
                0x00000000080009b4       0xc6 MCAL/Stm32_F103C6_GPIO.o
                0x00000000080009b4                Get_CRLH_POS
 .text.MCAL_GPIO_Init
                0x0000000008000a7a       0xec MCAL/Stm32_F103C6_GPIO.o
                0x0000000008000a7a                MCAL_GPIO_Init
 .text.MCAL_GPIO_WritePin
                0x0000000008000b66       0x3c MCAL/Stm32_F103C6_GPIO.o
                0x0000000008000b66                MCAL_GPIO_WritePin
 .text.MCAL_GPIO_WritePort
                0x0000000008000ba2       0x1c MCAL/Stm32_F103C6_GPIO.o
                0x0000000008000ba2                MCAL_GPIO_WritePort
 *fill*         0x0000000008000bbe        0x2 
 .text.USART1_IRQHandler
                0x0000000008000bc0       0x14 MCAL/Stm32_F103C6_USART.o
                0x0000000008000bc0                USART1_IRQHandler
 .text.USART2_IRQHandler
                0x0000000008000bd4       0x14 MCAL/Stm32_F103C6_USART.o
                0x0000000008000bd4                USART2_IRQHandler
 .text.USART3_IRQHandler
                0x0000000008000be8       0x14 MCAL/Stm32_F103C6_USART.o
                0x0000000008000be8                USART3_IRQHandler
 .text.HardFault_Handler
                0x0000000008000bfc        0xc Src/main.o
                0x0000000008000bfc                HardFault_Handler
 .text.BusFault_Handler
                0x0000000008000c08        0xc Src/main.o
                0x0000000008000c08                BusFault_Handler
 .text.UsageFault_Handler
                0x0000000008000c14        0xc Src/main.o
                0x0000000008000c14                UsageFault_Handler
 .text.clock_init
                0x0000000008000c20       0x28 Src/main.o
                0x0000000008000c20                clock_init
 .text.delay    0x0000000008000c48       0x38 Src/main.o
                0x0000000008000c48                delay
 .text.CPU_SwitchAccess
                0x0000000008000c80       0x40 Src/main.o
                0x0000000008000c80                CPU_SwitchAccess
 .text.SVC_Handler
                0x0000000008000cc0        0xe Src/main.o
                0x0000000008000cc0                SVC_Handler
 *fill*         0x0000000008000cce        0x2 
 .text.interrupt_callback
                0x0000000008000cd0       0x4c Src/main.o
                0x0000000008000cd0                interrupt_callback
 .text.TaskA    0x0000000008000d1c       0x20 Src/main.o
                0x0000000008000d1c                TaskA
 .text.TaskB    0x0000000008000d3c       0x26 Src/main.o
                0x0000000008000d3c                TaskB
 *fill*         0x0000000008000d62        0x2 
 .text.MainOS   0x0000000008000d64       0xe8 Src/main.o
                0x0000000008000d64                MainOS
 .text.main     0x0000000008000e4c       0x48 Src/main.o
                0x0000000008000e4c                main
 .text.Reset_Handler
                0x0000000008000e94       0x50 Startup/startup_stm32f103c6tx.o
                0x0000000008000e94                Reset_Handler
 .text.Default_Handler
                0x0000000008000ee4        0x2 Startup/startup_stm32f103c6tx.o
                0x0000000008000ee4                TIM8_TRG_COM_IRQHandler
                0x0000000008000ee4                TIM8_CC_IRQHandler
                0x0000000008000ee4                DebugMon_Handler
                0x0000000008000ee4                TIM1_CC_IRQHandler
                0x0000000008000ee4                TIM6_IRQHandler
                0x0000000008000ee4                SysTick_Handler
                0x0000000008000ee4                PVD_IRQHandler
                0x0000000008000ee4                SDIO_IRQHandler
                0x0000000008000ee4                PendSV_Handler
                0x0000000008000ee4                NMI_Handler
                0x0000000008000ee4                USB_HP_CAN_TX_IRQHandler
                0x0000000008000ee4                I2C2_EV_IRQHandler
                0x0000000008000ee4                ADC1_2_IRQHandler
                0x0000000008000ee4                SPI1_IRQHandler
                0x0000000008000ee4                CAN_SCE_IRQHandler
                0x0000000008000ee4                TAMPER_IRQHandler
                0x0000000008000ee4                TIM8_UP_IRQHandler
                0x0000000008000ee4                DMA2_Channel2_IRQHandler
                0x0000000008000ee4                DMA1_Channel4_IRQHandler
                0x0000000008000ee4                RTC_IRQHandler
                0x0000000008000ee4                DMA1_Channel7_IRQHandler
                0x0000000008000ee4                UART5_IRQHandler
                0x0000000008000ee4                ADC3_IRQHandler
                0x0000000008000ee4                TIM4_IRQHandler
                0x0000000008000ee4                CAN_RX1_IRQHandler
                0x0000000008000ee4                DMA2_Channel1_IRQHandler
                0x0000000008000ee4                I2C1_EV_IRQHandler
                0x0000000008000ee4                DMA1_Channel6_IRQHandler
                0x0000000008000ee4                UART4_IRQHandler
                0x0000000008000ee4                TIM3_IRQHandler
                0x0000000008000ee4                RCC_IRQHandler
                0x0000000008000ee4                TIM1_TRG_COM_IRQHandler
                0x0000000008000ee4                DMA1_Channel1_IRQHandler
                0x0000000008000ee4                Default_Handler
                0x0000000008000ee4                TIM7_IRQHandler
                0x0000000008000ee4                TIM5_IRQHandler
                0x0000000008000ee4                SPI2_IRQHandler
                0x0000000008000ee4                USB_LP_CAN_RX0_IRQHandler
                0x0000000008000ee4                MemManage_Handler
                0x0000000008000ee4                DMA1_Channel5_IRQHandler
                0x0000000008000ee4                DMA1_Channel3_IRQHandler
                0x0000000008000ee4                FSMC_IRQHandler
                0x0000000008000ee4                TIM1_UP_IRQHandler
                0x0000000008000ee4                WWDG_IRQHandler
                0x0000000008000ee4                TIM2_IRQHandler
                0x0000000008000ee4                TIM1_BRK_IRQHandler
                0x0000000008000ee4                RTCAlarm_IRQHandler
                0x0000000008000ee4                DMA2_Channel4_5_IRQHandler
                0x0000000008000ee4                I2C2_ER_IRQHandler
                0x0000000008000ee4                DMA1_Channel2_IRQHandler
                0x0000000008000ee4                TIM8_BRK_IRQHandler
                0x0000000008000ee4                FLASH_IRQHandler
                0x0000000008000ee4                SPI3_IRQHandler
                0x0000000008000ee4                I2C1_ER_IRQHandler
                0x0000000008000ee4                DMA2_Channel3_IRQHandler
 *fill*         0x0000000008000ee6        0x2 
 .text.__libc_init_array
                0x0000000008000ee8       0x48 c:/st/stm32cubeide_1.4.0/stm32cubeide/plugins/com.st.stm32cube.ide.mcu.externaltools.gnu-tools-for-stm32.7-2018-q2-update.win32_1.4.0.202007081208/tools/bin/../lib/gcc/arm-none-eabi/7.3.1/../../../../arm-none-eabi/lib/thumb/v7-m\libc_nano.a(lib_a-init.o)
                0x0000000008000ee8                __libc_init_array
 *(.glue_7)
 .glue_7        0x0000000008000f30        0x0 linker stubs
 *(.glue_7t)
 .glue_7t       0x0000000008000f30        0x0 linker stubs
 *(.eh_frame)
 .eh_frame      0x0000000008000f30        0x0 c:/st/stm32cubeide_1.4.0/stm32cubeide/plugins/com.st.stm32cube.ide.mcu.externaltools.gnu-tools-for-stm32.7-2018-q2-update.win32_1.4.0.202007081208/tools/bin/../lib/gcc/arm-none-eabi/7.3.1/thumb/v7-m/crtbegin.o
 *(.init)
 .init          0x0000000008000f30        0x4 c:/st/stm32cubeide_1.4.0/stm32cubeide/plugins/com.st.stm32cube.ide.mcu.externaltools.gnu-tools-for-stm32.7-2018-q2-update.win32_1.4.0.202007081208/tools/bin/../lib/gcc/arm-none-eabi/7.3.1/thumb/v7-m/crti.o
                0x0000000008000f30                _init
 .init          0x0000000008000f34        0x8 c:/st/stm32cubeide_1.4.0/stm32cubeide/plugins/com.st.stm32cube.ide.mcu.externaltools.gnu-tools-for-stm32.7-2018-q2-update.win32_1.4.0.202007081208/tools/bin/../lib/gcc/arm-none-eabi/7.3.1/thumb/v7-m/crtn.o
 *(.fini)
 .fini          0x0000000008000f3c        0x4 c:/st/stm32cubeide_1.4.0/stm32cubeide/plugins/com.st.stm32cube.ide.mcu.externaltools.gnu-tools-for-stm32.7-2018-q2-update.win32_1.4.0.202007081208/tools/bin/../lib/gcc/arm-none-eabi/7.3.1/thumb/v7-m/crti.o
                0x0000000008000f3c                _fini
 .fini          0x0000000008000f40        0x8 c:/st/stm32cubeide_1.4.0/stm32cubeide/plugins/com.st.stm32cube.ide.mcu.externaltools.gnu-tools-for-stm32.7-2018-q2-update.win32_1.4.0.202007081208/tools/bin/../lib/gcc/arm-none-eabi/7.3.1/thumb/v7-m/crtn.o
                0x0000000008000f48                . = ALIGN (0x4)
                0x0000000008000f48                _etext = .

.vfp11_veneer   0x0000000008000f48        0x0
 .vfp11_veneer  0x0000000008000f48        0x0 linker stubs

.v4_bx          0x0000000008000f48        0x0
 .v4_bx         0x0000000008000f48        0x0 linker stubs

.iplt           0x0000000008000f48        0x0
 .iplt          0x0000000008000f48        0x0 c:/st/stm32cubeide_1.4.0/stm32cubeide/plugins/com.st.stm32cube.ide.mcu.externaltools.gnu-tools-for-stm32.7-2018-q2-update.win32_1.4.0.202007081208/tools/bin/../lib/gcc/arm-none-eabi/7.3.1/thumb/v7-m/crtbegin.o

.rodata         0x0000000008000f48       0x28
                0x0000000008000f48                . = ALIGN (0x4)
 *(.rodata)
 .rodata        0x0000000008000f48       0x28 Src/main.o
 *(.rodata*)
                0x0000000008000f70                . = ALIGN (0x4)

.rel.dyn        0x0000000008000f70        0x0
 .rel.iplt      0x0000000008000f70        0x0 c:/st/stm32cubeide_1.4.0/stm32cubeide/plugins/com.st.stm32cube.ide.mcu.externaltools.gnu-tools-for-stm32.7-2018-q2-update.win32_1.4.0.202007081208/tools/bin/../lib/gcc/arm-none-eabi/7.3.1/thumb/v7-m/crtbegin.o

.ARM.extab      0x0000000008000f70        0x0
                0x0000000008000f70                . = ALIGN (0x4)
 *(.ARM.extab* .gnu.linkonce.armextab.*)
                0x0000000008000f70                . = ALIGN (0x4)

.ARM            0x0000000008000f70        0x0
                0x0000000008000f70                . = ALIGN (0x4)
                0x0000000008000f70                __exidx_start = .
 *(.ARM.exidx*)
                0x0000000008000f70                __exidx_end = .
                0x0000000008000f70                . = ALIGN (0x4)

.preinit_array  0x0000000008000f70        0x0
                0x0000000008000f70                . = ALIGN (0x4)
                0x0000000008000f70                PROVIDE (__preinit_array_start = .)
 *(.preinit_array*)
                0x0000000008000f70                PROVIDE (__preinit_array_end = .)
                0x0000000008000f70                . = ALIGN (0x4)

.init_array     0x0000000008000f70        0x4
                0x0000000008000f70                . = ALIGN (0x4)
                0x0000000008000f70                PROVIDE (__init_array_start = .)
 *(SORT_BY_NAME(.init_array.*))
 *(.init_array*)
 .init_array    0x0000000008000f70        0x4 c:/st/stm32cubeide_1.4.0/stm32cubeide/plugins/com.st.stm32cube.ide.mcu.externaltools.gnu-tools-for-stm32.7-2018-q2-update.win32_1.4.0.202007081208/tools/bin/../lib/gcc/arm-none-eabi/7.3.1/thumb/v7-m/crtbegin.o
                0x0000000008000f74                PROVIDE (__init_array_end = .)
                0x0000000008000f74                . = ALIGN (0x4)

.fini_array     0x0000000008000f74        0x4
                0x0000000008000f74                . = ALIGN (0x4)
                [!provide]                        PROVIDE (__fini_array_start = .)
 *(SORT_BY_NAME(.fini_array.*))
 *(.fini_array*)
 .fini_array    0x0000000008000f74        0x4 c:/st/stm32cubeide_1.4.0/stm32cubeide/plugins/com.st.stm32cube.ide.mcu.externaltools.gnu-tools-for-stm32.7-2018-q2-update.win32_1.4.0.202007081208/tools/bin/../lib/gcc/arm-none-eabi/7.3.1/thumb/v7-m/crtbegin.o
                [!provide]                        PROVIDE (__fini_array_end = .)
                0x0000000008000f78                . = ALIGN (0x4)
                0x0000000008000f78                _sidata = LOADADDR (.data)

.data           0x0000000020000000        0x4 load address 0x0000000008000f78
                0x0000000020000000                . = ALIGN (0x4)
                0x0000000020000000                _sdata = .
 *(.data)
 *(.data*)
 .data._S_MSP   0x0000000020000000        0x4 Src/main.o
                0x0000000020000000                _S_MSP
 *(.RamFunc)
 *(.RamFunc*)
                0x0000000020000004                . = ALIGN (0x4)
                0x0000000020000004                _edata = .

.igot.plt       0x0000000020000004        0x0 load address 0x0000000008000f7c
 .igot.plt      0x0000000020000004        0x0 c:/st/stm32cubeide_1.4.0/stm32cubeide/plugins/com.st.stm32cube.ide.mcu.externaltools.gnu-tools-for-stm32.7-2018-q2-update.win32_1.4.0.202007081208/tools/bin/../lib/gcc/arm-none-eabi/7.3.1/thumb/v7-m/crtbegin.o
                0x0000000020000004                . = ALIGN (0x4)

.bss            0x0000000020000004       0x84 load address 0x0000000008000f7c
                0x0000000020000004                _sbss = .
                0x0000000020000004                __bss_start__ = _sbss
 *(.bss)
 .bss           0x0000000020000004       0x1c c:/st/stm32cubeide_1.4.0/stm32cubeide/plugins/com.st.stm32cube.ide.mcu.externaltools.gnu-tools-for-stm32.7-2018-q2-update.win32_1.4.0.202007081208/tools/bin/../lib/gcc/arm-none-eabi/7.3.1/thumb/v7-m/crtbegin.o
 *(.bss*)
 .bss.Global_USART_Config
                0x0000000020000020        0xc MCAL/Stm32_F103C6_USART.o
                0x0000000020000020                Global_USART_Config
 .bss.IRQ_Flag  0x000000002000002c        0x4 Src/main.o
                0x000000002000002c                IRQ_Flag
 .bss.Task1_Flag
                0x0000000020000030        0x4 Src/main.o
                0x0000000020000030                Task1_Flag
 .bss.Task2_Flag
                0x0000000020000034        0x4 Src/main.o
                0x0000000020000034                Task2_Flag
 *(COMMON)
 COMMON         0x0000000020000038       0x3c MCAL/Stm32_F103C6_EXTI.o
                0x0000000020000038                GP_IRQ_CallBack
 COMMON         0x0000000020000074       0x14 Src/main.o
                0x0000000020000074                _E_MSP
                0x0000000020000078                _S_PSP_TA
                0x000000002000007c                _S_PSP_TB
                0x0000000020000080                _E_PSP_TB
                0x0000000020000084                _E_PSP_TA
                0x0000000020000088                . = ALIGN (0x4)
                0x0000000020000088                _ebss = .
                0x0000000020000088                __bss_end__ = _ebss

._user_heap_stack
                0x0000000020000088      0x600 load address 0x0000000008000f7c
                0x0000000020000088                . = ALIGN (0x8)
                [!provide]                        PROVIDE (end = .)
                0x0000000020000088                PROVIDE (_end = .)
                0x0000000020000288                . = (. + _Min_Heap_Size)
 *fill*         0x0000000020000088      0x200 
                0x0000000020000688                . = (. + _Min_Stack_Size)
 *fill*         0x0000000020000288      0x400 
                0x0000000020000688                . = ALIGN (0x8)

/DISCARD/
 libc.a(*)
 libm.a(*)
 libgcc.a(*)

.ARM.attributes
                0x0000000000000000       0x29
 *(.ARM.attributes)
 .ARM.attributes
                0x0000000000000000       0x1d c:/st/stm32cubeide_1.4.0/stm32cubeide/plugins/com.st.stm32cube.ide.mcu.externaltools.gnu-tools-for-stm32.7-2018-q2-update.win32_1.4.0.202007081208/tools/bin/../lib/gcc/arm-none-eabi/7.3.1/thumb/v7-m/crti.o
 .ARM.attributes
                0x000000000000001d       0x2d c:/st/stm32cubeide_1.4.0/stm32cubeide/plugins/com.st.stm32cube.ide.mcu.externaltools.gnu-tools-for-stm32.7-2018-q2-update.win32_1.4.0.202007081208/tools/bin/../lib/gcc/arm-none-eabi/7.3.1/thumb/v7-m/crtbegin.o
 .ARM.attributes
                0x000000000000004a       0x33 HAL/lcd.o
 .ARM.attributes
                0x000000000000007d       0x33 MCAL/Stm32_F103C6_EXTI.o
 .ARM.attributes
                0x00000000000000b0       0x33 MCAL/Stm32_F103C6_GPIO.o
 .ARM.attributes
                0x00000000000000e3       0x33 MCAL/Stm32_F103C6_USART.o
 .ARM.attributes
                0x0000000000000116       0x33 Src/main.o
 .ARM.attributes
                0x0000000000000149       0x21 Startup/startup_stm32f103c6tx.o
 .ARM.attributes
                0x000000000000016a       0x2d c:/st/stm32cubeide_1.4.0/stm32cubeide/plugins/com.st.stm32cube.ide.mcu.externaltools.gnu-tools-for-stm32.7-2018-q2-update.win32_1.4.0.202007081208/tools/bin/../lib/gcc/arm-none-eabi/7.3.1/../../../../arm-none-eabi/lib/thumb/v7-m\libc_nano.a(lib_a-init.o)
 .ARM.attributes
                0x0000000000000197       0x1d c:/st/stm32cubeide_1.4.0/stm32cubeide/plugins/com.st.stm32cube.ide.mcu.externaltools.gnu-tools-for-stm32.7-2018-q2-update.win32_1.4.0.202007081208/tools/bin/../lib/gcc/arm-none-eabi/7.3.1/thumb/v7-m/crtn.o
OUTPUT(WriteDriver.axf elf32-littlearm)

.debug_info     0x0000000000000000     0x436a
 .debug_info    0x0000000000000000      0xc07 HAL/lcd.o
 .debug_info    0x0000000000000c07      0xdb7 MCAL/Stm32_F103C6_EXTI.o
 .debug_info    0x00000000000019be      0xd13 MCAL/Stm32_F103C6_GPIO.o
 .debug_info    0x00000000000026d1      0xe28 MCAL/Stm32_F103C6_USART.o
 .debug_info    0x00000000000034f9      0xe4f Src/main.o
 .debug_info    0x0000000000004348       0x22 Startup/startup_stm32f103c6tx.o

.debug_abbrev   0x0000000000000000      0xad9
 .debug_abbrev  0x0000000000000000      0x1f9 HAL/lcd.o
 .debug_abbrev  0x00000000000001f9      0x233 MCAL/Stm32_F103C6_EXTI.o
 .debug_abbrev  0x000000000000042c      0x212 MCAL/Stm32_F103C6_GPIO.o
 .debug_abbrev  0x000000000000063e      0x232 MCAL/Stm32_F103C6_USART.o
 .debug_abbrev  0x0000000000000870      0x257 Src/main.o
 .debug_abbrev  0x0000000000000ac7       0x12 Startup/startup_stm32f103c6tx.o

.debug_loc      0x0000000000000000      0xf18
 .debug_loc     0x0000000000000000      0x29c HAL/lcd.o
 .debug_loc     0x000000000000029c      0x320 MCAL/Stm32_F103C6_EXTI.o
 .debug_loc     0x00000000000005bc      0x38c MCAL/Stm32_F103C6_GPIO.o
 .debug_loc     0x0000000000000948      0x294 MCAL/Stm32_F103C6_USART.o
 .debug_loc     0x0000000000000bdc      0x33c Src/main.o

.debug_aranges  0x0000000000000000      0x250
 .debug_aranges
                0x0000000000000000       0x68 HAL/lcd.o
 .debug_aranges
                0x0000000000000068       0x80 MCAL/Stm32_F103C6_EXTI.o
 .debug_aranges
                0x00000000000000e8       0x68 MCAL/Stm32_F103C6_GPIO.o
 .debug_aranges
                0x0000000000000150       0x60 MCAL/Stm32_F103C6_USART.o
 .debug_aranges
                0x00000000000001b0       0x78 Src/main.o
 .debug_aranges
                0x0000000000000228       0x28 Startup/startup_stm32f103c6tx.o

.debug_ranges   0x0000000000000000      0x1f8
 .debug_ranges  0x0000000000000000       0x58 HAL/lcd.o
 .debug_ranges  0x0000000000000058       0x70 MCAL/Stm32_F103C6_EXTI.o
 .debug_ranges  0x00000000000000c8       0x58 MCAL/Stm32_F103C6_GPIO.o
 .debug_ranges  0x0000000000000120       0x50 MCAL/Stm32_F103C6_USART.o
 .debug_ranges  0x0000000000000170       0x68 Src/main.o
 .debug_ranges  0x00000000000001d8       0x20 Startup/startup_stm32f103c6tx.o

.debug_macro    0x0000000000000000     0x104b
 .debug_macro   0x0000000000000000      0x18a HAL/lcd.o
 .debug_macro   0x000000000000018a      0x174 HAL/lcd.o
 .debug_macro   0x00000000000002fe       0x10 HAL/lcd.o
 .debug_macro   0x000000000000030e       0x35 HAL/lcd.o
 .debug_macro   0x0000000000000343       0x20 HAL/lcd.o
 .debug_macro   0x0000000000000363       0xe2 HAL/lcd.o
 .debug_macro   0x0000000000000445      0x158 MCAL/Stm32_F103C6_EXTI.o
 .debug_macro   0x000000000000059d      0x227 MCAL/Stm32_F103C6_EXTI.o
 .debug_macro   0x00000000000007c4      0x152 MCAL/Stm32_F103C6_GPIO.o
 .debug_macro   0x0000000000000916      0x1e1 MCAL/Stm32_F103C6_GPIO.o
 .debug_macro   0x0000000000000af7      0x15b MCAL/Stm32_F103C6_USART.o
 .debug_macro   0x0000000000000c52       0x16 MCAL/Stm32_F103C6_USART.o
 .debug_macro   0x0000000000000c68       0xe2 MCAL/Stm32_F103C6_USART.o
 .debug_macro   0x0000000000000d4a      0x19c Src/main.o
 .debug_macro   0x0000000000000ee6       0x8e Src/main.o
 .debug_macro   0x0000000000000f74       0x51 Src/main.o
 .debug_macro   0x0000000000000fc5       0x46 Src/main.o
 .debug_macro   0x000000000000100b       0x40 Src/main.o

.debug_line     0x0000000000000000     0x22b2
 .debug_line    0x0000000000000000      0x6df HAL/lcd.o
 .debug_line    0x00000000000006df      0x724 MCAL/Stm32_F103C6_EXTI.o
 .debug_line    0x0000000000000e03      0x66e MCAL/Stm32_F103C6_GPIO.o
 .debug_line    0x0000000000001471      0x6d9 MCAL/Stm32_F103C6_USART.o
 .debug_line    0x0000000000001b4a      0x6e4 Src/main.o
 .debug_line    0x000000000000222e       0x84 Startup/startup_stm32f103c6tx.o

.debug_str      0x0000000000000000     0xab71
 .debug_str     0x0000000000000000     0x8129 HAL/lcd.o
                                       0x8395 (size before relaxing)
 .debug_str     0x0000000000008129     0x14c4 MCAL/Stm32_F103C6_EXTI.o
                                       0x93d5 (size before relaxing)
 .debug_str     0x00000000000095ed      0x979 MCAL/Stm32_F103C6_GPIO.o
                                       0x88e3 (size before relaxing)
 .debug_str     0x0000000000009f66      0x858 MCAL/Stm32_F103C6_USART.o
                                       0x876a (size before relaxing)
 .debug_str     0x000000000000a7be      0x382 Src/main.o
                                       0x98f9 (size before relaxing)
 .debug_str     0x000000000000ab40       0x31 Startup/startup_stm32f103c6tx.o
                                         0x7e (size before relaxing)

.comment        0x0000000000000000       0x7b
 .comment       0x0000000000000000       0x7b HAL/lcd.o
                                         0x7c (size before relaxing)
 .comment       0x000000000000007b       0x7c MCAL/Stm32_F103C6_EXTI.o
 .comment       0x000000000000007b       0x7c MCAL/Stm32_F103C6_GPIO.o
 .comment       0x000000000000007b       0x7c MCAL/Stm32_F103C6_USART.o
 .comment       0x000000000000007b       0x7c Src/main.o

.debug_frame    0x0000000000000000      0x7c4
 .debug_frame   0x0000000000000000      0x15c HAL/lcd.o
 .debug_frame   0x000000000000015c      0x1b0 MCAL/Stm32_F103C6_EXTI.o
 .debug_frame   0x000000000000030c      0x19c MCAL/Stm32_F103C6_GPIO.o
 .debug_frame   0x00000000000004a8      0x14c MCAL/Stm32_F103C6_USART.o
 .debug_frame   0x00000000000005f4      0x1a4 Src/main.o
 .debug_frame   0x0000000000000798       0x2c c:/st/stm32cubeide_1.4.0/stm32cubeide/plugins/com.st.stm32cube.ide.mcu.externaltools.gnu-tools-for-stm32.7-2018-q2-update.win32_1.4.0.202007081208/tools/bin/../lib/gcc/arm-none-eabi/7.3.1/../../../../arm-none-eabi/lib/thumb/v7-m\libc_nano.a(lib_a-init.o)
