
Memory Configuration

Name             Origin             Length             Attributes
flash            0x00000000         0x20000000         xr
sram             0x20000000         0x20000000         xrw
*default*        0x00000000         0xffffffff

Linker script and memory map


.text           0x00000000      0x100
 *(.vectors*)
 .vectors       0x00000000       0x10 startup.o
                0x00000000                vectors
 *(.text*)
 .text          0x00000010       0x70 main.o
                0x00000010                main
 .text          0x00000080       0x80 startup.o
                0x00000080                H_Fault_Handler
                0x00000080                Default_Handler
                0x00000080                NMI_Handler
                0x0000008c                Reset_Handler
 *(.rodata)
                0x00000100                . = ALIGN (0x4)
                0x00000100                _E_text = .

.glue_7         0x00000100        0x0
 .glue_7        0x00000100        0x0 linker stubs

.glue_7t        0x00000100        0x0
 .glue_7t       0x00000100        0x0 linker stubs

.vfp11_veneer   0x00000100        0x0
 .vfp11_veneer  0x00000100        0x0 linker stubs

.v4_bx          0x00000100        0x0
 .v4_bx         0x00000100        0x0 linker stubs

.iplt           0x00000100        0x0
 .iplt          0x00000100        0x0 startup.o

.rel.dyn        0x00000100        0x0
 .rel.iplt      0x00000100        0x0 startup.o

.data           0x20000000        0x0 load address 0x00000100
                0x20000000                _S_DATA = .
 *(.data)
 .data          0x20000000        0x0 main.o
 .data          0x20000000        0x0 startup.o
                0x20000000                . = ALIGN (0x4)
                0x20000000                _E_DATA = .

.igot.plt       0x20000000        0x0 load address 0x00000100
 .igot.plt      0x20000000        0x0 startup.o

.bss            0x20000000      0x400 load address 0x00000100
                0x20000000                _S_bss = .
 *(.bss*)
 .bss           0x20000000        0x0 main.o
 .bss           0x20000000      0x400 startup.o
                0x20000400                . = ALIGN (0x4)
                0x20000400                _E_bss = .
LOAD main.o
LOAD startup.o
OUTPUT(Led_Project_M4.elf elf32-littlearm)
LOAD linker stubs

.debug_info     0x00000000      0x25b
 .debug_info    0x00000000       0xb2 main.o
 .debug_info    0x000000b2      0x1a9 startup.o

.debug_abbrev   0x00000000      0x13d
 .debug_abbrev  0x00000000       0x6d main.o
 .debug_abbrev  0x0000006d       0xd0 startup.o

.debug_loc      0x00000000       0xb4
 .debug_loc     0x00000000       0x38 main.o
 .debug_loc     0x00000038       0x7c startup.o

.debug_aranges  0x00000000       0x40
 .debug_aranges
                0x00000000       0x20 main.o
 .debug_aranges
                0x00000020       0x20 startup.o

.debug_line     0x00000000      0x126
 .debug_line    0x00000000       0x90 main.o
 .debug_line    0x00000090       0x96 startup.o

.debug_str      0x00000000      0x1a1
 .debug_str     0x00000000      0x116 main.o
                                0x144 (size before relaxing)
 .debug_str     0x00000116       0x8b startup.o
                                0x1cd (size before relaxing)

.comment        0x00000000       0x49
 .comment       0x00000000       0x49 main.o
                                 0x4a (size before relaxing)
 .comment       0x00000049       0x4a startup.o

.ARM.attributes
                0x00000000       0x2e
 .ARM.attributes
                0x00000000       0x2e main.o
 .ARM.attributes
                0x0000002e       0x2e startup.o

.debug_frame    0x00000000       0x7c
 .debug_frame   0x00000000       0x2c main.o
 .debug_frame   0x0000002c       0x50 startup.o
